var {:extern} $Gamma_R0: bool;
var {:extern} $Gamma_R1: bool;
var {:extern} $Gamma_R16: bool;
var {:extern} $Gamma_R17: bool;
var {:extern} $Gamma_R29: bool;
var {:extern} $Gamma_R30: bool;
var {:extern} $Gamma_R31: bool;
var {:extern} $Gamma_mem: [bv64]bool;
var {:extern} $Gamma_stack: [bv64]bool;
var {:extern} $R0: bv64;
var {:extern} $R1: bv64;
var {:extern} $R16: bv64;
var {:extern} $R17: bv64;
var {:extern} $R29: bv64;
var {:extern} $R30: bv64;
var {:extern} $R31: bv64;
var {:extern} $mem: [bv64]bv8;
var {:extern} $stack: [bv64]bv8;
const {:extern} $_DYNAMIC_addr: bv64;
axiom ($_DYNAMIC_addr == 69008bv64);
const {:extern} $_GLOBAL_OFFSET_TABLE__addr: bv64;
axiom ($_GLOBAL_OFFSET_TABLE__addr == 69584bv64);
const {:extern} $_IO_stdin_used_addr: bv64;
axiom ($_IO_stdin_used_addr == 2272bv64);
const {:extern} $__FRAME_END___addr: bv64;
axiom ($__FRAME_END___addr == 2576bv64);
const {:extern} $__abi_tag_addr: bv64;
axiom ($__abi_tag_addr == 632bv64);
const {:extern} $__do_global_dtors_aux_fini_array_entry_addr: bv64;
axiom ($__do_global_dtors_aux_fini_array_entry_addr == 69000bv64);
const {:extern} $__frame_dummy_init_array_entry_addr: bv64;
axiom ($__frame_dummy_init_array_entry_addr == 68992bv64);
const {:extern} $completed.0_addr: bv64;
axiom ($completed.0_addr == 69648bv64);
function {:extern} L(#mem$in: [bv64]bv8, #index: bv64) returns (bool) {
  false
}

function {:extern} {:bvbuiltin "bvadd"} bvadd64(bv64, bv64) returns (bv64);
function {:extern} gamma_load32(#gammaMap: [bv64]bool, #index: bv64) returns (bool) {
  (#gammaMap[bvadd64(#index, 3bv64)] && (#gammaMap[bvadd64(#index, 2bv64)] && (#gammaMap[bvadd64(#index, 1bv64)] && #gammaMap[#index])))
}

function {:extern} gamma_load64(#gammaMap: [bv64]bool, #index: bv64) returns (bool) {
  (#gammaMap[bvadd64(#index, 7bv64)] && (#gammaMap[bvadd64(#index, 6bv64)] && (#gammaMap[bvadd64(#index, 5bv64)] && (#gammaMap[bvadd64(#index, 4bv64)] && (#gammaMap[bvadd64(#index, 3bv64)] && (#gammaMap[bvadd64(#index, 2bv64)] && (#gammaMap[bvadd64(#index, 1bv64)] && #gammaMap[#index])))))))
}

function {:extern} gamma_load8(#gammaMap: [bv64]bool, #index: bv64) returns (bool) {
  #gammaMap[#index]
}

function {:extern} gamma_store32(#gammaMap: [bv64]bool, #index: bv64, #value: bool) returns ([bv64]bool) {
  #gammaMap[#index := #value][bvadd64(#index, 1bv64) := #value][bvadd64(#index, 2bv64) := #value][bvadd64(#index, 3bv64) := #value]
}

function {:extern} gamma_store64(#gammaMap: [bv64]bool, #index: bv64, #value: bool) returns ([bv64]bool) {
  #gammaMap[#index := #value][bvadd64(#index, 1bv64) := #value][bvadd64(#index, 2bv64) := #value][bvadd64(#index, 3bv64) := #value][bvadd64(#index, 4bv64) := #value][bvadd64(#index, 5bv64) := #value][bvadd64(#index, 6bv64) := #value][bvadd64(#index, 7bv64) := #value]
}

function {:extern} gamma_store8(#gammaMap: [bv64]bool, #index: bv64, #value: bool) returns ([bv64]bool) {
  #gammaMap[#index := #value]
}

function {:extern} memory_load32_le(#memory: [bv64]bv8, #index: bv64) returns (bv32) {
  (#memory[bvadd64(#index, 3bv64)] ++ (#memory[bvadd64(#index, 2bv64)] ++ (#memory[bvadd64(#index, 1bv64)] ++ #memory[#index])))
}

function {:extern} memory_load64_le(#memory: [bv64]bv8, #index: bv64) returns (bv64) {
  (#memory[bvadd64(#index, 7bv64)] ++ (#memory[bvadd64(#index, 6bv64)] ++ (#memory[bvadd64(#index, 5bv64)] ++ (#memory[bvadd64(#index, 4bv64)] ++ (#memory[bvadd64(#index, 3bv64)] ++ (#memory[bvadd64(#index, 2bv64)] ++ (#memory[bvadd64(#index, 1bv64)] ++ #memory[#index])))))))
}

function {:extern} memory_load8_le(#memory: [bv64]bv8, #index: bv64) returns (bv8) {
  #memory[#index]
}

function {:extern} memory_store32_le(#memory: [bv64]bv8, #index: bv64, #value: bv32) returns ([bv64]bv8) {
  #memory[#index := #value[8:0]][bvadd64(#index, 1bv64) := #value[16:8]][bvadd64(#index, 2bv64) := #value[24:16]][bvadd64(#index, 3bv64) := #value[32:24]]
}

function {:extern} memory_store64_le(#memory: [bv64]bv8, #index: bv64, #value: bv64) returns ([bv64]bv8) {
  #memory[#index := #value[8:0]][bvadd64(#index, 1bv64) := #value[16:8]][bvadd64(#index, 2bv64) := #value[24:16]][bvadd64(#index, 3bv64) := #value[32:24]][bvadd64(#index, 4bv64) := #value[40:32]][bvadd64(#index, 5bv64) := #value[48:40]][bvadd64(#index, 6bv64) := #value[56:48]][bvadd64(#index, 7bv64) := #value[64:56]]
}

function {:extern} memory_store8_le(#memory: [bv64]bv8, #index: bv64, #value: bv8) returns ([bv64]bv8) {
  #memory[#index := #value[8:0]]
}

function {:extern} {:bvbuiltin "zero_extend 32"} zero_extend32_32(bv32) returns (bv64);
function {:extern} {:bvbuiltin "zero_extend 56"} zero_extend56_8(bv8) returns (bv64);
procedure {:extern} p$rely();
  modifies $Gamma_mem, $mem;
  ensures ($Gamma_mem == old($Gamma_mem));
  ensures ($mem == old($mem));
  free ensures (memory_load64_le($mem, 2272bv64) == 131073bv64);
  free ensures (memory_load64_le($mem, 2280bv64) == 8241983568019286100bv64);
  free ensures (memory_load64_le($mem, 2288bv64) == 748482783423457568bv64);
  free ensures (memory_load64_le($mem, 2296bv64) == 0bv64);
  free ensures (memory_load64_le($mem, 2304bv64) == 2338615504306268244bv64);
  free ensures (memory_load64_le($mem, 2312bv64) == 2924860384375657bv64);
  free ensures (memory_load64_le($mem, 2320bv64) == 7017575154564032596bv64);
  free ensures (memory_load64_le($mem, 2328bv64) == 7089063228440191084bv64);
  free ensures (memory_load64_le($mem, 2336bv64) == 2675202446017455468bv64);
  free ensures (memory_load8_le($mem, 2344bv64) == 100bv8);
  free ensures (memory_load8_le($mem, 2345bv64) == 10bv8);
  free ensures (memory_load8_le($mem, 2346bv64) == 0bv8);
  free ensures (memory_load64_le($mem, 68992bv64) == 2064bv64);
  free ensures (memory_load64_le($mem, 69000bv64) == 1984bv64);
  free ensures (memory_load64_le($mem, 69616bv64) == 2068bv64);
  free ensures (memory_load64_le($mem, 69640bv64) == 69640bv64);

procedure {:extern} p$rely_transitive();
  modifies $Gamma_mem, $mem;
  ensures ($Gamma_mem == old($Gamma_mem));
  ensures ($mem == old($mem));

implementation {:extern} p$rely_transitive()
{
  call p$rely();
  call p$rely();
}

procedure {:extern} p$rely_reflexive();

procedure {:extern} p$guarantee_reflexive();
  modifies $Gamma_mem, $mem;

procedure p$malloc_1664();
  modifies $Gamma_R16, $Gamma_R17, $R16, $R17;
  free requires (memory_load64_le($mem, 2272bv64) == 131073bv64);
  free requires (memory_load64_le($mem, 2280bv64) == 8241983568019286100bv64);
  free requires (memory_load64_le($mem, 2288bv64) == 748482783423457568bv64);
  free requires (memory_load64_le($mem, 2296bv64) == 0bv64);
  free requires (memory_load64_le($mem, 2304bv64) == 2338615504306268244bv64);
  free requires (memory_load64_le($mem, 2312bv64) == 2924860384375657bv64);
  free requires (memory_load64_le($mem, 2320bv64) == 7017575154564032596bv64);
  free requires (memory_load64_le($mem, 2328bv64) == 7089063228440191084bv64);
  free requires (memory_load64_le($mem, 2336bv64) == 2675202446017455468bv64);
  free requires (memory_load8_le($mem, 2344bv64) == 100bv8);
  free requires (memory_load8_le($mem, 2345bv64) == 10bv8);
  free requires (memory_load8_le($mem, 2346bv64) == 0bv8);
  free requires (memory_load64_le($mem, 68992bv64) == 2064bv64);
  free requires (memory_load64_le($mem, 69000bv64) == 1984bv64);
  free requires (memory_load64_le($mem, 69616bv64) == 2068bv64);
  free requires (memory_load64_le($mem, 69640bv64) == 69640bv64);
  free ensures (memory_load64_le($mem, 2272bv64) == 131073bv64);
  free ensures (memory_load64_le($mem, 2280bv64) == 8241983568019286100bv64);
  free ensures (memory_load64_le($mem, 2288bv64) == 748482783423457568bv64);
  free ensures (memory_load64_le($mem, 2296bv64) == 0bv64);
  free ensures (memory_load64_le($mem, 2304bv64) == 2338615504306268244bv64);
  free ensures (memory_load64_le($mem, 2312bv64) == 2924860384375657bv64);
  free ensures (memory_load64_le($mem, 2320bv64) == 7017575154564032596bv64);
  free ensures (memory_load64_le($mem, 2328bv64) == 7089063228440191084bv64);
  free ensures (memory_load64_le($mem, 2336bv64) == 2675202446017455468bv64);
  free ensures (memory_load8_le($mem, 2344bv64) == 100bv8);
  free ensures (memory_load8_le($mem, 2345bv64) == 10bv8);
  free ensures (memory_load8_le($mem, 2346bv64) == 0bv8);
  free ensures (memory_load64_le($mem, 68992bv64) == 2064bv64);
  free ensures (memory_load64_le($mem, 69000bv64) == 1984bv64);
  free ensures (memory_load64_le($mem, 69616bv64) == 2068bv64);
  free ensures (memory_load64_le($mem, 69640bv64) == 69640bv64);

procedure p$#free_1712();
  modifies $Gamma_R16, $Gamma_R17, $R16, $R17;
  free requires (memory_load64_le($mem, 2272bv64) == 131073bv64);
  free requires (memory_load64_le($mem, 2280bv64) == 8241983568019286100bv64);
  free requires (memory_load64_le($mem, 2288bv64) == 748482783423457568bv64);
  free requires (memory_load64_le($mem, 2296bv64) == 0bv64);
  free requires (memory_load64_le($mem, 2304bv64) == 2338615504306268244bv64);
  free requires (memory_load64_le($mem, 2312bv64) == 2924860384375657bv64);
  free requires (memory_load64_le($mem, 2320bv64) == 7017575154564032596bv64);
  free requires (memory_load64_le($mem, 2328bv64) == 7089063228440191084bv64);
  free requires (memory_load64_le($mem, 2336bv64) == 2675202446017455468bv64);
  free requires (memory_load8_le($mem, 2344bv64) == 100bv8);
  free requires (memory_load8_le($mem, 2345bv64) == 10bv8);
  free requires (memory_load8_le($mem, 2346bv64) == 0bv8);
  free requires (memory_load64_le($mem, 68992bv64) == 2064bv64);
  free requires (memory_load64_le($mem, 69000bv64) == 1984bv64);
  free requires (memory_load64_le($mem, 69616bv64) == 2068bv64);
  free requires (memory_load64_le($mem, 69640bv64) == 69640bv64);
  free ensures (memory_load64_le($mem, 2272bv64) == 131073bv64);
  free ensures (memory_load64_le($mem, 2280bv64) == 8241983568019286100bv64);
  free ensures (memory_load64_le($mem, 2288bv64) == 748482783423457568bv64);
  free ensures (memory_load64_le($mem, 2296bv64) == 0bv64);
  free ensures (memory_load64_le($mem, 2304bv64) == 2338615504306268244bv64);
  free ensures (memory_load64_le($mem, 2312bv64) == 2924860384375657bv64);
  free ensures (memory_load64_le($mem, 2320bv64) == 7017575154564032596bv64);
  free ensures (memory_load64_le($mem, 2328bv64) == 7089063228440191084bv64);
  free ensures (memory_load64_le($mem, 2336bv64) == 2675202446017455468bv64);
  free ensures (memory_load8_le($mem, 2344bv64) == 100bv8);
  free ensures (memory_load8_le($mem, 2345bv64) == 10bv8);
  free ensures (memory_load8_le($mem, 2346bv64) == 0bv8);
  free ensures (memory_load64_le($mem, 68992bv64) == 2064bv64);
  free ensures (memory_load64_le($mem, 69000bv64) == 1984bv64);
  free ensures (memory_load64_le($mem, 69616bv64) == 2068bv64);
  free ensures (memory_load64_le($mem, 69640bv64) == 69640bv64);

procedure p$printf_1728();
  modifies $Gamma_R16, $Gamma_R17, $R16, $R17;
  free requires (memory_load64_le($mem, 2272bv64) == 131073bv64);
  free requires (memory_load64_le($mem, 2280bv64) == 8241983568019286100bv64);
  free requires (memory_load64_le($mem, 2288bv64) == 748482783423457568bv64);
  free requires (memory_load64_le($mem, 2296bv64) == 0bv64);
  free requires (memory_load64_le($mem, 2304bv64) == 2338615504306268244bv64);
  free requires (memory_load64_le($mem, 2312bv64) == 2924860384375657bv64);
  free requires (memory_load64_le($mem, 2320bv64) == 7017575154564032596bv64);
  free requires (memory_load64_le($mem, 2328bv64) == 7089063228440191084bv64);
  free requires (memory_load64_le($mem, 2336bv64) == 2675202446017455468bv64);
  free requires (memory_load8_le($mem, 2344bv64) == 100bv8);
  free requires (memory_load8_le($mem, 2345bv64) == 10bv8);
  free requires (memory_load8_le($mem, 2346bv64) == 0bv8);
  free requires (memory_load64_le($mem, 68992bv64) == 2064bv64);
  free requires (memory_load64_le($mem, 69000bv64) == 1984bv64);
  free requires (memory_load64_le($mem, 69616bv64) == 2068bv64);
  free requires (memory_load64_le($mem, 69640bv64) == 69640bv64);
  free ensures (memory_load64_le($mem, 2272bv64) == 131073bv64);
  free ensures (memory_load64_le($mem, 2280bv64) == 8241983568019286100bv64);
  free ensures (memory_load64_le($mem, 2288bv64) == 748482783423457568bv64);
  free ensures (memory_load64_le($mem, 2296bv64) == 0bv64);
  free ensures (memory_load64_le($mem, 2304bv64) == 2338615504306268244bv64);
  free ensures (memory_load64_le($mem, 2312bv64) == 2924860384375657bv64);
  free ensures (memory_load64_le($mem, 2320bv64) == 7017575154564032596bv64);
  free ensures (memory_load64_le($mem, 2328bv64) == 7089063228440191084bv64);
  free ensures (memory_load64_le($mem, 2336bv64) == 2675202446017455468bv64);
  free ensures (memory_load8_le($mem, 2344bv64) == 100bv8);
  free ensures (memory_load8_le($mem, 2345bv64) == 10bv8);
  free ensures (memory_load8_le($mem, 2346bv64) == 0bv8);
  free ensures (memory_load64_le($mem, 68992bv64) == 2064bv64);
  free ensures (memory_load64_le($mem, 69000bv64) == 1984bv64);
  free ensures (memory_load64_le($mem, 69616bv64) == 2068bv64);
  free ensures (memory_load64_le($mem, 69640bv64) == 69640bv64);

procedure p$main_2068();
  modifies $Gamma_R0, $Gamma_R1, $Gamma_R16, $Gamma_R17, $Gamma_R29, $Gamma_R30, $Gamma_R31, $Gamma_mem, $Gamma_stack, $R0, $R1, $R16, $R17, $R29, $R30, $R31, $mem, $stack;
  free requires (memory_load64_le($mem, 69632bv64) == 0bv64);
  free requires (memory_load64_le($mem, 69640bv64) == 69640bv64);
  free requires (memory_load64_le($mem, 2272bv64) == 131073bv64);
  free requires (memory_load64_le($mem, 2280bv64) == 8241983568019286100bv64);
  free requires (memory_load64_le($mem, 2288bv64) == 748482783423457568bv64);
  free requires (memory_load64_le($mem, 2296bv64) == 0bv64);
  free requires (memory_load64_le($mem, 2304bv64) == 2338615504306268244bv64);
  free requires (memory_load64_le($mem, 2312bv64) == 2924860384375657bv64);
  free requires (memory_load64_le($mem, 2320bv64) == 7017575154564032596bv64);
  free requires (memory_load64_le($mem, 2328bv64) == 7089063228440191084bv64);
  free requires (memory_load64_le($mem, 2336bv64) == 2675202446017455468bv64);
  free requires (memory_load8_le($mem, 2344bv64) == 100bv8);
  free requires (memory_load8_le($mem, 2345bv64) == 10bv8);
  free requires (memory_load8_le($mem, 2346bv64) == 0bv8);
  free requires (memory_load64_le($mem, 68992bv64) == 2064bv64);
  free requires (memory_load64_le($mem, 69000bv64) == 1984bv64);
  free requires (memory_load64_le($mem, 69616bv64) == 2068bv64);
  free requires (memory_load64_le($mem, 69640bv64) == 69640bv64);
  free ensures ($Gamma_R29 == old($Gamma_R29));
  free ensures ($Gamma_R31 == old($Gamma_R31));
  free ensures ($R29 == old($R29));
  free ensures ($R31 == old($R31));
  free ensures (memory_load64_le($mem, 2272bv64) == 131073bv64);
  free ensures (memory_load64_le($mem, 2280bv64) == 8241983568019286100bv64);
  free ensures (memory_load64_le($mem, 2288bv64) == 748482783423457568bv64);
  free ensures (memory_load64_le($mem, 2296bv64) == 0bv64);
  free ensures (memory_load64_le($mem, 2304bv64) == 2338615504306268244bv64);
  free ensures (memory_load64_le($mem, 2312bv64) == 2924860384375657bv64);
  free ensures (memory_load64_le($mem, 2320bv64) == 7017575154564032596bv64);
  free ensures (memory_load64_le($mem, 2328bv64) == 7089063228440191084bv64);
  free ensures (memory_load64_le($mem, 2336bv64) == 2675202446017455468bv64);
  free ensures (memory_load8_le($mem, 2344bv64) == 100bv8);
  free ensures (memory_load8_le($mem, 2345bv64) == 10bv8);
  free ensures (memory_load8_le($mem, 2346bv64) == 0bv8);
  free ensures (memory_load64_le($mem, 68992bv64) == 2064bv64);
  free ensures (memory_load64_le($mem, 69000bv64) == 1984bv64);
  free ensures (memory_load64_le($mem, 69616bv64) == 2068bv64);
  free ensures (memory_load64_le($mem, 69640bv64) == 69640bv64);

implementation p$main_2068()
{
  var ##4: bv64;
  var #Gamma_#4: bool;
  var #Gamma_load19: bool;
  var #Gamma_load20: bool;
  var #Gamma_load21: bool;
  var #Gamma_load22: bool;
  var #Gamma_load23: bool;
  var #Gamma_load24: bool;
  var #Gamma_load25: bool;
  var #Gamma_load26: bool;
  var #Gamma_load27: bool;
  var #Gamma_load28: bool;
  var #Gamma_load29: bool;
  var #load19: bv64;
  var #load20: bv64;
  var #load21: bv64;
  var #load22: bv8;
  var #load23: bv64;
  var #load24: bv32;
  var #load25: bv32;
  var #load26: bv64;
  var #load27: bv64;
  var #load28: bv64;
  var #load29: bv64;
  b#main_entry:
    assume {:captureState "main_entry"} true;
    ##4, #Gamma_#4 := bvadd64($R31, 18446744073709551552bv64), $Gamma_R31;
    $stack, $Gamma_stack := memory_store64_le($stack, ##4, $R29), gamma_store64($Gamma_stack, ##4, $Gamma_R29);
    assume {:captureState "%0000036c"} true;
    $stack, $Gamma_stack := memory_store64_le($stack, bvadd64(##4, 8bv64), $R30), gamma_store64($Gamma_stack, bvadd64(##4, 8bv64), $Gamma_R30);
    assume {:captureState "%00000372"} true;
    $R31, $Gamma_R31 := ##4, #Gamma_#4;
    $R29, $Gamma_R29 := $R31, $Gamma_R31;
    $R0, $Gamma_R0 := 1bv64, true;
    $R30, $Gamma_R30 := 2084bv64, true;
    call p$malloc_1664();
    goto b#main_17;
  b#main_17:
    assume {:captureState "main_17"} true;
    $stack, $Gamma_stack := memory_store64_le($stack, bvadd64($R31, 40bv64), $R0), gamma_store64($Gamma_stack, bvadd64($R31, 40bv64), $Gamma_R0);
    assume {:captureState "%00000391"} true;
    $R0, $Gamma_R0 := 11bv64, true;
    $stack, $Gamma_stack := memory_store32_le($stack, bvadd64($R31, 28bv64), $R0[32:0]), gamma_store32($Gamma_stack, bvadd64($R31, 28bv64), $Gamma_R0);
    assume {:captureState "%0000039e"} true;
    $R0, $Gamma_R0 := 4bv64, true;
    $R30, $Gamma_R30 := 2104bv64, true;
    call p$malloc_1664();
    goto b#main_15;
  b#main_15:
    assume {:captureState "main_15"} true;
    $stack, $Gamma_stack := memory_store64_le($stack, bvadd64($R31, 48bv64), $R0), gamma_store64($Gamma_stack, bvadd64($R31, 48bv64), $Gamma_R0);
    assume {:captureState "%000003b2"} true;
    $R0, $Gamma_R0 := 10bv64, true;
    $stack, $Gamma_stack := memory_store32_le($stack, bvadd64($R31, 32bv64), $R0[32:0]), gamma_store32($Gamma_stack, bvadd64($R31, 32bv64), $Gamma_R0);
    assume {:captureState "%000003bf"} true;
    $R0, $Gamma_R0 := 4bv64, true;
    $R30, $Gamma_R30 := 2124bv64, true;
    call p$malloc_1664();
    goto b#main_13;
  b#main_13:
    assume {:captureState "main_13"} true;
    $stack, $Gamma_stack := memory_store64_le($stack, bvadd64($R31, 56bv64), $R0), gamma_store64($Gamma_stack, bvadd64($R31, 56bv64), $Gamma_R0);
    assume {:captureState "%000003d3"} true;
    $R0, $Gamma_R0 := 9bv64, true;
    $stack, $Gamma_stack := memory_store32_le($stack, bvadd64($R31, 36bv64), $R0[32:0]), gamma_store32($Gamma_stack, bvadd64($R31, 36bv64), $Gamma_R0);
    assume {:captureState "%000003e0"} true;
    #load19, #Gamma_load19 := memory_load64_le($stack, bvadd64($R31, 40bv64)), gamma_load64($Gamma_stack, bvadd64($R31, 40bv64));
    $R0, $Gamma_R0 := #load19, #Gamma_load19;
    $R1, $Gamma_R1 := 65bv64, true;
    call p$rely();
    assert (L($mem, $R0) ==> $Gamma_R1);
    $mem, $Gamma_mem := memory_store8_le($mem, $R0, $R1[8:0]), gamma_store8($Gamma_mem, $R0, $Gamma_R1);
    assume {:captureState "%000003f4"} true;
    #load20, #Gamma_load20 := memory_load64_le($stack, bvadd64($R31, 48bv64)), gamma_load64($Gamma_stack, bvadd64($R31, 48bv64));
    $R0, $Gamma_R0 := #load20, #Gamma_load20;
    $R1, $Gamma_R1 := 42bv64, true;
    call p$rely();
    assert (L($mem, $R0) ==> $Gamma_R1);
    $mem, $Gamma_mem := memory_store32_le($mem, $R0, $R1[32:0]), gamma_store32($Gamma_mem, $R0, $Gamma_R1);
    assume {:captureState "%00000408"} true;
    #load21, #Gamma_load21 := memory_load64_le($stack, bvadd64($R31, 40bv64)), gamma_load64($Gamma_stack, bvadd64($R31, 40bv64));
    $R0, $Gamma_R0 := #load21, #Gamma_load21;
    call p$rely();
    #load22, #Gamma_load22 := memory_load8_le($mem, $R0), (gamma_load8($Gamma_mem, $R0) || L($mem, $R0));
    $R0, $Gamma_R0 := zero_extend56_8(#load22), #Gamma_load22;
    $R1, $Gamma_R1 := zero_extend32_32($R0[32:0]), $Gamma_R0;
    $R0, $Gamma_R0 := 0bv64, true;
    $R0, $Gamma_R0 := bvadd64($R0, 2280bv64), $Gamma_R0;
    $R30, $Gamma_R30 := 2184bv64, true;
    call p$printf_1728();
    goto b#main_11;
  b#main_11:
    assume {:captureState "main_11"} true;
    #load23, #Gamma_load23 := memory_load64_le($stack, bvadd64($R31, 48bv64)), gamma_load64($Gamma_stack, bvadd64($R31, 48bv64));
    $R0, $Gamma_R0 := #load23, #Gamma_load23;
    call p$rely();
    #load24, #Gamma_load24 := memory_load32_le($mem, $R0), (gamma_load32($Gamma_mem, $R0) || L($mem, $R0));
    $R0, $Gamma_R0 := zero_extend32_32(#load24), #Gamma_load24;
    $R1, $Gamma_R1 := zero_extend32_32($R0[32:0]), $Gamma_R0;
    $R0, $Gamma_R0 := 0bv64, true;
    $R0, $Gamma_R0 := bvadd64($R0, 2304bv64), $Gamma_R0;
    $R30, $Gamma_R30 := 2208bv64, true;
    call p$printf_1728();
    goto b#main_9;
  b#main_9:
    assume {:captureState "main_9"} true;
    #load25, #Gamma_load25 := memory_load32_le($stack, bvadd64($R31, 32bv64)), gamma_load32($Gamma_stack, bvadd64($R31, 32bv64));
    $R1, $Gamma_R1 := zero_extend32_32(#load25), #Gamma_load25;
    $R0, $Gamma_R0 := 0bv64, true;
    $R0, $Gamma_R0 := bvadd64($R0, 2320bv64), $Gamma_R0;
    $R30, $Gamma_R30 := 2224bv64, true;
    call p$printf_1728();
    goto b#main_7;
  b#main_7:
    assume {:captureState "main_7"} true;
    #load26, #Gamma_load26 := memory_load64_le($stack, bvadd64($R31, 40bv64)), gamma_load64($Gamma_stack, bvadd64($R31, 40bv64));
    $R0, $Gamma_R0 := #load26, #Gamma_load26;
    $R30, $Gamma_R30 := 2232bv64, true;
    call p$#free_1712();
    goto b#main_5;
  b#main_5:
    assume {:captureState "main_5"} true;
    #load27, #Gamma_load27 := memory_load64_le($stack, bvadd64($R31, 48bv64)), gamma_load64($Gamma_stack, bvadd64($R31, 48bv64));
    $R0, $Gamma_R0 := #load27, #Gamma_load27;
    $R30, $Gamma_R30 := 2240bv64, true;
    call p$#free_1712();
    goto b#main_3;
  b#main_3:
    assume {:captureState "main_3"} true;
    $R0, $Gamma_R0 := 0bv64, true;
    #load28, #Gamma_load28 := memory_load64_le($stack, $R31), gamma_load64($Gamma_stack, $R31);
    $R29, $Gamma_R29 := #load28, #Gamma_load28;
    #load29, #Gamma_load29 := memory_load64_le($stack, bvadd64($R31, 8bv64)), gamma_load64($Gamma_stack, bvadd64($R31, 8bv64));
    $R30, $Gamma_R30 := #load29, #Gamma_load29;
    $R31, $Gamma_R31 := bvadd64($R31, 64bv64), $Gamma_R31;
    goto b#main_basil_return_1;
  b#main_basil_return_1:
    assume {:captureState "main_basil_return_1"} true;
    return;
}

