var {:extern} Gamma_R0: bool;
var {:extern} Gamma_R31: bool;
var {:extern} Gamma_R8: bool;
var {:extern} Gamma_mem: [bv64]bool;
var {:extern} Gamma_stack: [bv64]bool;
var {:extern} R0: bv64;
var {:extern} R31: bv64;
var {:extern} R8: bv64;
var {:extern} mem: [bv64]bv8;
var {:extern} stack: [bv64]bv8;
const {:extern} $arr_addr: bv64;
axiom ($arr_addr == 69684bv64);
function {:extern} L(mem$in: [bv64]bv8, index: bv64) returns (bool) {
  (if ((index == bvadd64($arr_addr, 4bv64)) || (index == bvadd64($arr_addr, 0bv64))) then false else false)
}

function {:extern} {:bvbuiltin "bvadd"} bvadd64(bv64, bv64) returns (bv64);
function {:extern} gamma_load32(gammaMap: [bv64]bool, index: bv64) returns (bool) {
  (gammaMap[bvadd64(index, 3bv64)] && (gammaMap[bvadd64(index, 2bv64)] && (gammaMap[bvadd64(index, 1bv64)] && gammaMap[index])))
}

function {:extern} gamma_load64(gammaMap: [bv64]bool, index: bv64) returns (bool) {
  (gammaMap[bvadd64(index, 7bv64)] && (gammaMap[bvadd64(index, 6bv64)] && (gammaMap[bvadd64(index, 5bv64)] && (gammaMap[bvadd64(index, 4bv64)] && (gammaMap[bvadd64(index, 3bv64)] && (gammaMap[bvadd64(index, 2bv64)] && (gammaMap[bvadd64(index, 1bv64)] && gammaMap[index])))))))
}

function {:extern} gamma_store32(gammaMap: [bv64]bool, index: bv64, value: bool) returns ([bv64]bool) {
  gammaMap[index := value][bvadd64(index, 1bv64) := value][bvadd64(index, 2bv64) := value][bvadd64(index, 3bv64) := value]
}

function {:extern} memory_load32_le(memory: [bv64]bv8, index: bv64) returns (bv32) {
  (memory[bvadd64(index, 3bv64)] ++ (memory[bvadd64(index, 2bv64)] ++ (memory[bvadd64(index, 1bv64)] ++ memory[index])))
}

function {:extern} memory_load64_le(memory: [bv64]bv8, index: bv64) returns (bv64) {
  (memory[bvadd64(index, 7bv64)] ++ (memory[bvadd64(index, 6bv64)] ++ (memory[bvadd64(index, 5bv64)] ++ (memory[bvadd64(index, 4bv64)] ++ (memory[bvadd64(index, 3bv64)] ++ (memory[bvadd64(index, 2bv64)] ++ (memory[bvadd64(index, 1bv64)] ++ memory[index])))))))
}

function {:extern} memory_store32_le(memory: [bv64]bv8, index: bv64, value: bv32) returns ([bv64]bv8) {
  memory[index := value[8:0]][bvadd64(index, 1bv64) := value[16:8]][bvadd64(index, 2bv64) := value[24:16]][bvadd64(index, 3bv64) := value[32:24]]
}

function {:extern} {:bvbuiltin "zero_extend 32"} zero_extend32_32(bv32) returns (bv64);
procedure {:extern} rely();
  modifies Gamma_mem, mem;
  ensures (forall i: bv64 :: (((mem[i] == old(mem[i])) ==> (Gamma_mem[i] == old(Gamma_mem[i])))));
  ensures (old(memory_load32_le(mem, bvadd64($arr_addr, 0bv64))) == memory_load32_le(mem, bvadd64($arr_addr, 0bv64)));
  free ensures (memory_load32_le(mem, 1928bv64) == 131073bv32);
  free ensures (memory_load64_le(mem, 69056bv64) == 1872bv64);
  free ensures (memory_load64_le(mem, 69064bv64) == 1792bv64);
  free ensures (memory_load64_le(mem, 69584bv64) == 1876bv64);
  free ensures (memory_load64_le(mem, 69592bv64) == 69684bv64);
  free ensures (memory_load64_le(mem, 69672bv64) == 69672bv64);

procedure {:extern} rely_transitive();
  modifies Gamma_mem, mem;
  ensures (old(memory_load32_le(mem, bvadd64($arr_addr, 0bv64))) == memory_load32_le(mem, bvadd64($arr_addr, 0bv64)));

implementation {:extern} rely_transitive()
{
  call rely();
  call rely();
}

procedure {:extern} rely_reflexive();

implementation {:extern} rely_reflexive()
{
  assert (memory_load32_le(mem, bvadd64($arr_addr, 0bv64)) == memory_load32_le(mem, bvadd64($arr_addr, 0bv64)));
}

procedure {:extern} guarantee_reflexive();
  modifies Gamma_mem, mem;

implementation {:extern} guarantee_reflexive()
{
  assert true;
}

procedure main();
  modifies Gamma_R0, Gamma_R31, Gamma_R8, Gamma_mem, Gamma_stack, R0, R31, R8, mem, stack;
  free requires (memory_load64_le(mem, 69664bv64) == 0bv64);
  free requires (memory_load64_le(mem, 69672bv64) == 69672bv64);
  free requires (memory_load32_le(mem, 1928bv64) == 131073bv32);
  free requires (memory_load64_le(mem, 69056bv64) == 1872bv64);
  free requires (memory_load64_le(mem, 69064bv64) == 1792bv64);
  free requires (memory_load64_le(mem, 69584bv64) == 1876bv64);
  free requires (memory_load64_le(mem, 69592bv64) == 69684bv64);
  free requires (memory_load64_le(mem, 69672bv64) == 69672bv64);
  free ensures (Gamma_R31 == old(Gamma_R31));
  free ensures (R31 == old(R31));
  free ensures (memory_load32_le(mem, 1928bv64) == 131073bv32);
  free ensures (memory_load64_le(mem, 69056bv64) == 1872bv64);
  free ensures (memory_load64_le(mem, 69064bv64) == 1792bv64);
  free ensures (memory_load64_le(mem, 69584bv64) == 1876bv64);
  free ensures (memory_load64_le(mem, 69592bv64) == 69684bv64);
  free ensures (memory_load64_le(mem, 69672bv64) == 69672bv64);

implementation main()
{
  var $load15: bv64;
  var $load16: bv32;
  var Gamma_$load15: bool;
  var Gamma_$load16: bool;
  $main$__0__$CGPwXKgfQxikvfXy7SP7PQ:
    assume {:captureState "$main$__0__$CGPwXKgfQxikvfXy7SP7PQ"} true;
    R31, Gamma_R31 := bvadd64(R31, 18446744073709551600bv64), Gamma_R31;
    stack, Gamma_stack := memory_store32_le(stack, bvadd64(R31, 12bv64), 0bv32), gamma_store32(Gamma_stack, bvadd64(R31, 12bv64), true);
    assume {:captureState "1880$0"} true;
    R8, Gamma_R8 := 65536bv64, true;
    call rely();
    $load15, Gamma_$load15 := memory_load64_le(mem, bvadd64(R8, 4056bv64)), (gamma_load64(Gamma_mem, bvadd64(R8, 4056bv64)) || L(mem, bvadd64(R8, 4056bv64)));
    R8, Gamma_R8 := $load15, Gamma_$load15;
    call rely();
    assert (L(mem, R8) ==> true);
    mem, Gamma_mem := memory_store32_le(mem, R8, 0bv32), gamma_store32(Gamma_mem, R8, true);
    assume {:captureState "1892$0"} true;
    call rely();
    $load16, Gamma_$load16 := memory_load32_le(mem, R8), (gamma_load32(Gamma_mem, R8) || L(mem, R8));
    R0, Gamma_R0 := zero_extend32_32($load16), Gamma_$load16;
    R31, Gamma_R31 := bvadd64(R31, 16bv64), Gamma_R31;
    goto main_basil_return;
  main_basil_return:
    assume {:captureState "main_basil_return"} true;
    return;
}

