var {:extern} Gamma_R0: bool;
var {:extern} Gamma_R1: bool;
var {:extern} Gamma_R16: bool;
var {:extern} Gamma_R17: bool;
var {:extern} Gamma_R19: bool;
var {:extern} Gamma_R2: bool;
var {:extern} Gamma_R29: bool;
var {:extern} Gamma_R30: bool;
var {:extern} Gamma_R31: bool;
var {:extern} Gamma_malloc_base: [bv64]bool;
var {:extern} Gamma_malloc_count: [bv64]bool;
var {:extern} Gamma_malloc_end: [bv64]bool;
var {:extern} Gamma_mem: [bv64]bool;
var {:extern} Gamma_stack: [bv64]bool;
var {:extern} R0: bv64;
var {:extern} R1: bv64;
var {:extern} R16: bv64;
var {:extern} R17: bv64;
var {:extern} R19: bv64;
var {:extern} R2: bv64;
var {:extern} R29: bv64;
var {:extern} R30: bv64;
var {:extern} R31: bv64;
var {:extern} malloc_base: [bv64]bv8;
var {:extern} malloc_count: [bv64]bv8;
var {:extern} malloc_end: [bv64]bv8;
var {:extern} mem: [bv64]bv8;
var {:extern} stack: [bv64]bv8;
const {:extern} $buf_addr: bv64;
axiom ($buf_addr == 131200bv64);
const {:extern} $password_addr: bv64;
axiom ($password_addr == 131168bv64);
const {:extern} $stext_addr: bv64;
axiom ($stext_addr == 131176bv64);
function {:extern} L(memory: [bv64]bv8, index: bv64) returns (bool) {
  false
}

function {:extern} {:bvbuiltin "bvadd"} bvadd64(bv64, bv64) returns (bv64);
function {:extern} {:bvbuiltin "bvsub"} bvsub64(bv64, bv64) returns (bv64);
function {:extern} {:bvbuiltin "bvuge"} bvuge64(bv64, bv64) returns (bool);
function {:extern} {:bvbuiltin "bvugt"} bvugt64(bv64, bv64) returns (bool);
function {:extern} {:bvbuiltin "bvule"} bvule64(bv64, bv64) returns (bool);
function {:extern} {:bvbuiltin "bvult"} bvult64(bv64, bv64) returns (bool);
function {:extern} gamma_load32(gammaMap: [bv64]bool, index: bv64) returns (bool) {
  (gammaMap[bvadd64(index, 3bv64)] && (gammaMap[bvadd64(index, 2bv64)] && (gammaMap[bvadd64(index, 1bv64)] && gammaMap[index])))
}

function {:extern} gamma_load64(gammaMap: [bv64]bool, index: bv64) returns (bool) {
  (gammaMap[bvadd64(index, 7bv64)] && (gammaMap[bvadd64(index, 6bv64)] && (gammaMap[bvadd64(index, 5bv64)] && (gammaMap[bvadd64(index, 4bv64)] && (gammaMap[bvadd64(index, 3bv64)] && (gammaMap[bvadd64(index, 2bv64)] && (gammaMap[bvadd64(index, 1bv64)] && gammaMap[index])))))))
}

function {:extern} gamma_load8(gammaMap: [bv64]bool, index: bv64) returns (bool) {
  gammaMap[index]
}

function {:extern} gamma_store64(gammaMap: [bv64]bool, index: bv64, value: bool) returns ([bv64]bool) {
  gammaMap[index := value][bvadd64(index, 1bv64) := value][bvadd64(index, 2bv64) := value][bvadd64(index, 3bv64) := value][bvadd64(index, 4bv64) := value][bvadd64(index, 5bv64) := value][bvadd64(index, 6bv64) := value][bvadd64(index, 7bv64) := value]
}

function {:extern} gamma_store8(gammaMap: [bv64]bool, index: bv64, value: bool) returns ([bv64]bool) {
  gammaMap[index := value]
}

function {:extern} memory_load64_le(memory: [bv64]bv8, index: bv64) returns (bv64) {
  (memory[bvadd64(index, 7bv64)] ++ (memory[bvadd64(index, 6bv64)] ++ (memory[bvadd64(index, 5bv64)] ++ (memory[bvadd64(index, 4bv64)] ++ (memory[bvadd64(index, 3bv64)] ++ (memory[bvadd64(index, 2bv64)] ++ (memory[bvadd64(index, 1bv64)] ++ memory[index])))))))
}

function {:extern} memory_load8_le(memory: [bv64]bv8, index: bv64) returns (bv8) {
  memory[index]
}

function {:extern} memory_store64_le(memory: [bv64]bv8, index: bv64, value: bv64) returns ([bv64]bv8) {
  memory[index := value[8:0]][bvadd64(index, 1bv64) := value[16:8]][bvadd64(index, 2bv64) := value[24:16]][bvadd64(index, 3bv64) := value[32:24]][bvadd64(index, 4bv64) := value[40:32]][bvadd64(index, 5bv64) := value[48:40]][bvadd64(index, 6bv64) := value[56:48]][bvadd64(index, 7bv64) := value[64:56]]
}

function {:extern} memory_store8_be(memory: [bv64]bv8, index: bv64, value: bv8) returns ([bv64]bv8) {
  memory[index := value[8:0]]
}

procedure {:extern} rely();
  modifies Gamma_mem, mem;
  ensures (mem == old(mem));
  ensures (Gamma_mem == old(Gamma_mem));
  free ensures (memory_load8_le(mem, 2552bv64) == 1bv8);
  free ensures (memory_load8_le(mem, 2553bv64) == 0bv8);
  free ensures (memory_load8_le(mem, 2554bv64) == 2bv8);
  free ensures (memory_load8_le(mem, 2555bv64) == 0bv8);
  free ensures (memory_load8_le(mem, 131016bv64) == 128bv8);
  free ensures (memory_load8_le(mem, 131017bv64) == 0bv8);
  free ensures (memory_load8_le(mem, 131018bv64) == 2bv8);
  free ensures (memory_load8_le(mem, 131019bv64) == 0bv8);
  free ensures (memory_load8_le(mem, 131020bv64) == 0bv8);
  free ensures (memory_load8_le(mem, 131021bv64) == 0bv8);
  free ensures (memory_load8_le(mem, 131022bv64) == 0bv8);
  free ensures (memory_load8_le(mem, 131023bv64) == 0bv8);
  free ensures (memory_load8_le(mem, 130488bv64) == 16bv8);
  free ensures (memory_load8_le(mem, 130489bv64) == 9bv8);
  free ensures (memory_load8_le(mem, 130490bv64) == 0bv8);
  free ensures (memory_load8_le(mem, 130491bv64) == 0bv8);
  free ensures (memory_load8_le(mem, 130492bv64) == 0bv8);
  free ensures (memory_load8_le(mem, 130493bv64) == 0bv8);
  free ensures (memory_load8_le(mem, 130494bv64) == 0bv8);
  free ensures (memory_load8_le(mem, 130495bv64) == 0bv8);
  free ensures (memory_load8_le(mem, 131024bv64) == 104bv8);
  free ensures (memory_load8_le(mem, 131025bv64) == 0bv8);
  free ensures (memory_load8_le(mem, 131026bv64) == 2bv8);
  free ensures (memory_load8_le(mem, 131027bv64) == 0bv8);
  free ensures (memory_load8_le(mem, 131028bv64) == 0bv8);
  free ensures (memory_load8_le(mem, 131029bv64) == 0bv8);
  free ensures (memory_load8_le(mem, 131030bv64) == 0bv8);
  free ensures (memory_load8_le(mem, 131031bv64) == 0bv8);
  free ensures (memory_load8_le(mem, 131032bv64) == 20bv8);
  free ensures (memory_load8_le(mem, 131033bv64) == 9bv8);
  free ensures (memory_load8_le(mem, 131034bv64) == 0bv8);
  free ensures (memory_load8_le(mem, 131035bv64) == 0bv8);
  free ensures (memory_load8_le(mem, 131036bv64) == 0bv8);
  free ensures (memory_load8_le(mem, 131037bv64) == 0bv8);
  free ensures (memory_load8_le(mem, 131038bv64) == 0bv8);
  free ensures (memory_load8_le(mem, 131039bv64) == 0bv8);
  free ensures (memory_load8_le(mem, 131160bv64) == 88bv8);
  free ensures (memory_load8_le(mem, 131161bv64) == 0bv8);
  free ensures (memory_load8_le(mem, 131162bv64) == 2bv8);
  free ensures (memory_load8_le(mem, 131163bv64) == 0bv8);
  free ensures (memory_load8_le(mem, 131164bv64) == 0bv8);
  free ensures (memory_load8_le(mem, 131165bv64) == 0bv8);
  free ensures (memory_load8_le(mem, 131166bv64) == 0bv8);
  free ensures (memory_load8_le(mem, 131167bv64) == 0bv8);
  free ensures (memory_load8_le(mem, 130496bv64) == 192bv8);
  free ensures (memory_load8_le(mem, 130497bv64) == 8bv8);
  free ensures (memory_load8_le(mem, 130498bv64) == 0bv8);
  free ensures (memory_load8_le(mem, 130499bv64) == 0bv8);
  free ensures (memory_load8_le(mem, 130500bv64) == 0bv8);
  free ensures (memory_load8_le(mem, 130501bv64) == 0bv8);
  free ensures (memory_load8_le(mem, 130502bv64) == 0bv8);
  free ensures (memory_load8_le(mem, 130503bv64) == 0bv8);

procedure {:extern} rely_transitive()
  modifies Gamma_mem, mem;
  ensures (mem == old(mem));
  ensures (Gamma_mem == old(Gamma_mem));
{
  call rely();
  call rely();
}

procedure {:extern} rely_reflexive();

procedure {:extern} guarantee_reflexive();
  modifies Gamma_mem, mem;

procedure #free();
  modifies Gamma_R16, Gamma_R17, R16, R17;
  requires (forall i : int, j: bv64 :: (malloc_base[i] == R0 && bvuge64(j, R0) && bvult64(j,  malloc_end[i])) ==> Gamma_mem[j]);
  free requires (memory_load8_le(mem, 2552bv64) == 1bv8);
  free requires (memory_load8_le(mem, 2553bv64) == 0bv8);
  free requires (memory_load8_le(mem, 2554bv64) == 2bv8);
  free requires (memory_load8_le(mem, 2555bv64) == 0bv8);
  free requires (memory_load8_le(mem, 131016bv64) == 128bv8);
  free requires (memory_load8_le(mem, 131017bv64) == 0bv8);
  free requires (memory_load8_le(mem, 131018bv64) == 2bv8);
  free requires (memory_load8_le(mem, 131019bv64) == 0bv8);
  free requires (memory_load8_le(mem, 131020bv64) == 0bv8);
  free requires (memory_load8_le(mem, 131021bv64) == 0bv8);
  free requires (memory_load8_le(mem, 131022bv64) == 0bv8);
  free requires (memory_load8_le(mem, 131023bv64) == 0bv8);
  free requires (memory_load8_le(mem, 130488bv64) == 16bv8);
  free requires (memory_load8_le(mem, 130489bv64) == 9bv8);
  free requires (memory_load8_le(mem, 130490bv64) == 0bv8);
  free requires (memory_load8_le(mem, 130491bv64) == 0bv8);
  free requires (memory_load8_le(mem, 130492bv64) == 0bv8);
  free requires (memory_load8_le(mem, 130493bv64) == 0bv8);
  free requires (memory_load8_le(mem, 130494bv64) == 0bv8);
  free requires (memory_load8_le(mem, 130495bv64) == 0bv8);
  free requires (memory_load8_le(mem, 131024bv64) == 104bv8);
  free requires (memory_load8_le(mem, 131025bv64) == 0bv8);
  free requires (memory_load8_le(mem, 131026bv64) == 2bv8);
  free requires (memory_load8_le(mem, 131027bv64) == 0bv8);
  free requires (memory_load8_le(mem, 131028bv64) == 0bv8);
  free requires (memory_load8_le(mem, 131029bv64) == 0bv8);
  free requires (memory_load8_le(mem, 131030bv64) == 0bv8);
  free requires (memory_load8_le(mem, 131031bv64) == 0bv8);
  free requires (memory_load8_le(mem, 131032bv64) == 20bv8);
  free requires (memory_load8_le(mem, 131033bv64) == 9bv8);
  free requires (memory_load8_le(mem, 131034bv64) == 0bv8);
  free requires (memory_load8_le(mem, 131035bv64) == 0bv8);
  free requires (memory_load8_le(mem, 131036bv64) == 0bv8);
  free requires (memory_load8_le(mem, 131037bv64) == 0bv8);
  free requires (memory_load8_le(mem, 131038bv64) == 0bv8);
  free requires (memory_load8_le(mem, 131039bv64) == 0bv8);
  free requires (memory_load8_le(mem, 131160bv64) == 88bv8);
  free requires (memory_load8_le(mem, 131161bv64) == 0bv8);
  free requires (memory_load8_le(mem, 131162bv64) == 2bv8);
  free requires (memory_load8_le(mem, 131163bv64) == 0bv8);
  free requires (memory_load8_le(mem, 131164bv64) == 0bv8);
  free requires (memory_load8_le(mem, 131165bv64) == 0bv8);
  free requires (memory_load8_le(mem, 131166bv64) == 0bv8);
  free requires (memory_load8_le(mem, 131167bv64) == 0bv8);
  free requires (memory_load8_le(mem, 130496bv64) == 192bv8);
  free requires (memory_load8_le(mem, 130497bv64) == 8bv8);
  free requires (memory_load8_le(mem, 130498bv64) == 0bv8);
  free requires (memory_load8_le(mem, 130499bv64) == 0bv8);
  free requires (memory_load8_le(mem, 130500bv64) == 0bv8);
  free requires (memory_load8_le(mem, 130501bv64) == 0bv8);
  free requires (memory_load8_le(mem, 130502bv64) == 0bv8);
  free requires (memory_load8_le(mem, 130503bv64) == 0bv8);
  free ensures (memory_load8_le(mem, 2552bv64) == 1bv8);
  free ensures (memory_load8_le(mem, 2553bv64) == 0bv8);
  free ensures (memory_load8_le(mem, 2554bv64) == 2bv8);
  free ensures (memory_load8_le(mem, 2555bv64) == 0bv8);
  free ensures (memory_load8_le(mem, 131016bv64) == 128bv8);
  free ensures (memory_load8_le(mem, 131017bv64) == 0bv8);
  free ensures (memory_load8_le(mem, 131018bv64) == 2bv8);
  free ensures (memory_load8_le(mem, 131019bv64) == 0bv8);
  free ensures (memory_load8_le(mem, 131020bv64) == 0bv8);
  free ensures (memory_load8_le(mem, 131021bv64) == 0bv8);
  free ensures (memory_load8_le(mem, 131022bv64) == 0bv8);
  free ensures (memory_load8_le(mem, 131023bv64) == 0bv8);
  free ensures (memory_load8_le(mem, 130488bv64) == 16bv8);
  free ensures (memory_load8_le(mem, 130489bv64) == 9bv8);
  free ensures (memory_load8_le(mem, 130490bv64) == 0bv8);
  free ensures (memory_load8_le(mem, 130491bv64) == 0bv8);
  free ensures (memory_load8_le(mem, 130492bv64) == 0bv8);
  free ensures (memory_load8_le(mem, 130493bv64) == 0bv8);
  free ensures (memory_load8_le(mem, 130494bv64) == 0bv8);
  free ensures (memory_load8_le(mem, 130495bv64) == 0bv8);
  free ensures (memory_load8_le(mem, 131024bv64) == 104bv8);
  free ensures (memory_load8_le(mem, 131025bv64) == 0bv8);
  free ensures (memory_load8_le(mem, 131026bv64) == 2bv8);
  free ensures (memory_load8_le(mem, 131027bv64) == 0bv8);
  free ensures (memory_load8_le(mem, 131028bv64) == 0bv8);
  free ensures (memory_load8_le(mem, 131029bv64) == 0bv8);
  free ensures (memory_load8_le(mem, 131030bv64) == 0bv8);
  free ensures (memory_load8_le(mem, 131031bv64) == 0bv8);
  free ensures (memory_load8_le(mem, 131032bv64) == 20bv8);
  free ensures (memory_load8_le(mem, 131033bv64) == 9bv8);
  free ensures (memory_load8_le(mem, 131034bv64) == 0bv8);
  free ensures (memory_load8_le(mem, 131035bv64) == 0bv8);
  free ensures (memory_load8_le(mem, 131036bv64) == 0bv8);
  free ensures (memory_load8_le(mem, 131037bv64) == 0bv8);
  free ensures (memory_load8_le(mem, 131038bv64) == 0bv8);
  free ensures (memory_load8_le(mem, 131039bv64) == 0bv8);
  free ensures (memory_load8_le(mem, 131160bv64) == 88bv8);
  free ensures (memory_load8_le(mem, 131161bv64) == 0bv8);
  free ensures (memory_load8_le(mem, 131162bv64) == 2bv8);
  free ensures (memory_load8_le(mem, 131163bv64) == 0bv8);
  free ensures (memory_load8_le(mem, 131164bv64) == 0bv8);
  free ensures (memory_load8_le(mem, 131165bv64) == 0bv8);
  free ensures (memory_load8_le(mem, 131166bv64) == 0bv8);
  free ensures (memory_load8_le(mem, 131167bv64) == 0bv8);
  free ensures (memory_load8_le(mem, 130496bv64) == 192bv8);
  free ensures (memory_load8_le(mem, 130497bv64) == 8bv8);
  free ensures (memory_load8_le(mem, 130498bv64) == 0bv8);
  free ensures (memory_load8_le(mem, 130499bv64) == 0bv8);
  free ensures (memory_load8_le(mem, 130500bv64) == 0bv8);
  free ensures (memory_load8_le(mem, 130501bv64) == 0bv8);
  free ensures (memory_load8_le(mem, 130502bv64) == 0bv8);
  free ensures (memory_load8_le(mem, 130503bv64) == 0bv8);

procedure main()
  modifies Gamma_R0, Gamma_R1, Gamma_R16, Gamma_R17, Gamma_R19, Gamma_R2, Gamma_R29, Gamma_R30, Gamma_R31, Gamma_malloc_base, Gamma_malloc_count, Gamma_malloc_end, Gamma_mem, Gamma_stack, R0, R1, R16, R17, R19, R2, R29, R30, R31, malloc_base, malloc_count, malloc_end, mem, stack;
  requires (gamma_load8(Gamma_mem, $password_addr) == false);
  requires malloc_count == 0;
  requires gamma_load32(Gamma_mem, memory_load64_le(mem, $stext_addr));
  requires R31 == 100bv64;
  free requires (memory_load8_le(mem, 131152bv64) == 0bv8);
  free requires (memory_load8_le(mem, 131153bv64) == 0bv8);
  free requires (memory_load8_le(mem, 131154bv64) == 0bv8);
  free requires (memory_load8_le(mem, 131155bv64) == 0bv8);
  free requires (memory_load8_le(mem, 131156bv64) == 0bv8);
  free requires (memory_load8_le(mem, 131157bv64) == 0bv8);
  free requires (memory_load8_le(mem, 131158bv64) == 0bv8);
  free requires (memory_load8_le(mem, 131159bv64) == 0bv8);
  free requires (memory_load8_le(mem, 131160bv64) == 88bv8);
  free requires (memory_load8_le(mem, 131161bv64) == 0bv8);
  free requires (memory_load8_le(mem, 131162bv64) == 2bv8);
  free requires (memory_load8_le(mem, 131163bv64) == 0bv8);
  free requires (memory_load8_le(mem, 131164bv64) == 0bv8);
  free requires (memory_load8_le(mem, 131165bv64) == 0bv8);
  free requires (memory_load8_le(mem, 131166bv64) == 0bv8);
  free requires (memory_load8_le(mem, 131167bv64) == 0bv8);
  free requires (memory_load8_le(mem, 131168bv64) == 7bv8);
  free requires (memory_load8_le(mem, 131169bv64) == 0bv8);
  free requires (memory_load8_le(mem, 131170bv64) == 0bv8);
  free requires (memory_load8_le(mem, 131171bv64) == 0bv8);
  free requires (memory_load8_le(mem, 131172bv64) == 0bv8);
  free requires (memory_load8_le(mem, 131173bv64) == 0bv8);
  free requires (memory_load8_le(mem, 131174bv64) == 0bv8);
  free requires (memory_load8_le(mem, 131175bv64) == 0bv8);
  free requires (memory_load8_le(mem, 131176bv64) == 117bv8);
  free requires (memory_load8_le(mem, 131177bv64) == 115bv8);
  free requires (memory_load8_le(mem, 131178bv64) == 101bv8);
  free requires (memory_load8_le(mem, 131179bv64) == 114bv8);
  free requires (memory_load8_le(mem, 131180bv64) == 58bv8);
  free requires (memory_load8_le(mem, 131181bv64) == 112bv8);
  free requires (memory_load8_le(mem, 131182bv64) == 97bv8);
  free requires (memory_load8_le(mem, 131183bv64) == 115bv8);
  free requires (memory_load8_le(mem, 131184bv64) == 115bv8);
  free requires (memory_load8_le(mem, 131185bv64) == 0bv8);
  free requires (memory_load8_le(mem, 131186bv64) == 0bv8);
  free requires (memory_load8_le(mem, 2552bv64) == 1bv8);
  free requires (memory_load8_le(mem, 2553bv64) == 0bv8);
  free requires (memory_load8_le(mem, 2554bv64) == 2bv8);
  free requires (memory_load8_le(mem, 2555bv64) == 0bv8);
  free requires (memory_load8_le(mem, 131016bv64) == 128bv8);
  free requires (memory_load8_le(mem, 131017bv64) == 0bv8);
  free requires (memory_load8_le(mem, 131018bv64) == 2bv8);
  free requires (memory_load8_le(mem, 131019bv64) == 0bv8);
  free requires (memory_load8_le(mem, 131020bv64) == 0bv8);
  free requires (memory_load8_le(mem, 131021bv64) == 0bv8);
  free requires (memory_load8_le(mem, 131022bv64) == 0bv8);
  free requires (memory_load8_le(mem, 131023bv64) == 0bv8);
  free requires (memory_load8_le(mem, 130488bv64) == 16bv8);
  free requires (memory_load8_le(mem, 130489bv64) == 9bv8);
  free requires (memory_load8_le(mem, 130490bv64) == 0bv8);
  free requires (memory_load8_le(mem, 130491bv64) == 0bv8);
  free requires (memory_load8_le(mem, 130492bv64) == 0bv8);
  free requires (memory_load8_le(mem, 130493bv64) == 0bv8);
  free requires (memory_load8_le(mem, 130494bv64) == 0bv8);
  free requires (memory_load8_le(mem, 130495bv64) == 0bv8);
  free requires (memory_load8_le(mem, 131024bv64) == 104bv8);
  free requires (memory_load8_le(mem, 131025bv64) == 0bv8);
  free requires (memory_load8_le(mem, 131026bv64) == 2bv8);
  free requires (memory_load8_le(mem, 131027bv64) == 0bv8);
  free requires (memory_load8_le(mem, 131028bv64) == 0bv8);
  free requires (memory_load8_le(mem, 131029bv64) == 0bv8);
  free requires (memory_load8_le(mem, 131030bv64) == 0bv8);
  free requires (memory_load8_le(mem, 131031bv64) == 0bv8);
  free requires (memory_load8_le(mem, 131032bv64) == 20bv8);
  free requires (memory_load8_le(mem, 131033bv64) == 9bv8);
  free requires (memory_load8_le(mem, 131034bv64) == 0bv8);
  free requires (memory_load8_le(mem, 131035bv64) == 0bv8);
  free requires (memory_load8_le(mem, 131036bv64) == 0bv8);
  free requires (memory_load8_le(mem, 131037bv64) == 0bv8);
  free requires (memory_load8_le(mem, 131038bv64) == 0bv8);
  free requires (memory_load8_le(mem, 131039bv64) == 0bv8);
  free requires (memory_load8_le(mem, 131160bv64) == 88bv8);
  free requires (memory_load8_le(mem, 131161bv64) == 0bv8);
  free requires (memory_load8_le(mem, 131162bv64) == 2bv8);
  free requires (memory_load8_le(mem, 131163bv64) == 0bv8);
  free requires (memory_load8_le(mem, 131164bv64) == 0bv8);
  free requires (memory_load8_le(mem, 131165bv64) == 0bv8);
  free requires (memory_load8_le(mem, 131166bv64) == 0bv8);
  free requires (memory_load8_le(mem, 131167bv64) == 0bv8);
  free requires (memory_load8_le(mem, 130496bv64) == 192bv8);
  free requires (memory_load8_le(mem, 130497bv64) == 8bv8);
  free requires (memory_load8_le(mem, 130498bv64) == 0bv8);
  free requires (memory_load8_le(mem, 130499bv64) == 0bv8);
  free requires (memory_load8_le(mem, 130500bv64) == 0bv8);
  free requires (memory_load8_le(mem, 130501bv64) == 0bv8);
  free requires (memory_load8_le(mem, 130502bv64) == 0bv8);
  free requires (memory_load8_le(mem, 130503bv64) == 0bv8);
  free ensures (Gamma_R19 == old(Gamma_R19));
  free ensures (Gamma_R29 == old(Gamma_R29));
  free ensures (Gamma_R31 == old(Gamma_R31));
  free ensures (R19 == old(R19));
  free ensures (R29 == old(R29));
  free ensures (R31 == old(R31));
  free ensures (memory_load8_le(mem, 2552bv64) == 1bv8);
  free ensures (memory_load8_le(mem, 2553bv64) == 0bv8);
  free ensures (memory_load8_le(mem, 2554bv64) == 2bv8);
  free ensures (memory_load8_le(mem, 2555bv64) == 0bv8);
  free ensures (memory_load8_le(mem, 131016bv64) == 128bv8);
  free ensures (memory_load8_le(mem, 131017bv64) == 0bv8);
  free ensures (memory_load8_le(mem, 131018bv64) == 2bv8);
  free ensures (memory_load8_le(mem, 131019bv64) == 0bv8);
  free ensures (memory_load8_le(mem, 131020bv64) == 0bv8);
  free ensures (memory_load8_le(mem, 131021bv64) == 0bv8);
  free ensures (memory_load8_le(mem, 131022bv64) == 0bv8);
  free ensures (memory_load8_le(mem, 131023bv64) == 0bv8);
  free ensures (memory_load8_le(mem, 130488bv64) == 16bv8);
  free ensures (memory_load8_le(mem, 130489bv64) == 9bv8);
  free ensures (memory_load8_le(mem, 130490bv64) == 0bv8);
  free ensures (memory_load8_le(mem, 130491bv64) == 0bv8);
  free ensures (memory_load8_le(mem, 130492bv64) == 0bv8);
  free ensures (memory_load8_le(mem, 130493bv64) == 0bv8);
  free ensures (memory_load8_le(mem, 130494bv64) == 0bv8);
  free ensures (memory_load8_le(mem, 130495bv64) == 0bv8);
  free ensures (memory_load8_le(mem, 131024bv64) == 104bv8);
  free ensures (memory_load8_le(mem, 131025bv64) == 0bv8);
  free ensures (memory_load8_le(mem, 131026bv64) == 2bv8);
  free ensures (memory_load8_le(mem, 131027bv64) == 0bv8);
  free ensures (memory_load8_le(mem, 131028bv64) == 0bv8);
  free ensures (memory_load8_le(mem, 131029bv64) == 0bv8);
  free ensures (memory_load8_le(mem, 131030bv64) == 0bv8);
  free ensures (memory_load8_le(mem, 131031bv64) == 0bv8);
  free ensures (memory_load8_le(mem, 131032bv64) == 20bv8);
  free ensures (memory_load8_le(mem, 131033bv64) == 9bv8);
  free ensures (memory_load8_le(mem, 131034bv64) == 0bv8);
  free ensures (memory_load8_le(mem, 131035bv64) == 0bv8);
  free ensures (memory_load8_le(mem, 131036bv64) == 0bv8);
  free ensures (memory_load8_le(mem, 131037bv64) == 0bv8);
  free ensures (memory_load8_le(mem, 131038bv64) == 0bv8);
  free ensures (memory_load8_le(mem, 131039bv64) == 0bv8);
  free ensures (memory_load8_le(mem, 131160bv64) == 88bv8);
  free ensures (memory_load8_le(mem, 131161bv64) == 0bv8);
  free ensures (memory_load8_le(mem, 131162bv64) == 2bv8);
  free ensures (memory_load8_le(mem, 131163bv64) == 0bv8);
  free ensures (memory_load8_le(mem, 131164bv64) == 0bv8);
  free ensures (memory_load8_le(mem, 131165bv64) == 0bv8);
  free ensures (memory_load8_le(mem, 131166bv64) == 0bv8);
  free ensures (memory_load8_le(mem, 131167bv64) == 0bv8);
  free ensures (memory_load8_le(mem, 130496bv64) == 192bv8);
  free ensures (memory_load8_le(mem, 130497bv64) == 8bv8);
  free ensures (memory_load8_le(mem, 130498bv64) == 0bv8);
  free ensures (memory_load8_le(mem, 130499bv64) == 0bv8);
  free ensures (memory_load8_le(mem, 130500bv64) == 0bv8);
  free ensures (memory_load8_le(mem, 130501bv64) == 0bv8);
  free ensures (memory_load8_le(mem, 130502bv64) == 0bv8);
  free ensures (memory_load8_le(mem, 130503bv64) == 0bv8);
{
  var #42: bv64;
  var Gamma_#42: bool;
  lmain:
    assume {:captureState "lmain"} true;
    #42, Gamma_#42 := bvadd64(R31, 18446744073709551568bv64), Gamma_R31;
    stack, Gamma_stack := memory_store64_le(stack, #42, R29), gamma_store64(Gamma_stack, #42, Gamma_R29);
    assume {:captureState "%000003b5"} true;
    stack, Gamma_stack := memory_store64_le(stack, bvadd64(#42, 8bv64), R30), gamma_store64(Gamma_stack, bvadd64(#42, 8bv64), Gamma_R30);
    assume {:captureState "%000003ba"} true;
    R31, Gamma_R31 := #42, Gamma_#42;
    R29, Gamma_R29 := R31, Gamma_R31;
    stack, Gamma_stack := memory_store64_le(stack, bvadd64(R31, 16bv64), R19), gamma_store64(Gamma_stack, bvadd64(R31, 16bv64), Gamma_R19);
    assume {:captureState "%000003cd"} true;
    stack, Gamma_stack := memory_store64_le(stack, bvadd64(R31, 40bv64), 0bv64), gamma_store64(Gamma_stack, bvadd64(R31, 40bv64), true);
    assume {:captureState "%000003d5"} true;
    stack, Gamma_stack := memory_store64_le(stack, bvadd64(R31, 32bv64), 0bv64), gamma_store64(Gamma_stack, bvadd64(R31, 32bv64), true);
    assume {:captureState "%000003dd"} true;
    R0, Gamma_R0 := 11bv64, true;
    R30, Gamma_R30 := 2352bv64, true;
    call malloc();
    goto l000003ed;
  l000003ed:
    assume {:captureState "l000003ed"} true;
    R1, Gamma_R1 := R0, Gamma_R0;
    R0, Gamma_R0 := 126976bv64, true;
    call rely();
    R0, Gamma_R0 := memory_load64_le(mem, bvadd64(R0, 4040bv64)), (gamma_load64(Gamma_mem, bvadd64(R0, 4040bv64)) || L(mem, bvadd64(R0, 4040bv64)));
    call rely();
    assert (L(mem, R0) ==> Gamma_R1);
    mem, Gamma_mem := memory_store64_le(mem, R0, R1), gamma_store64(Gamma_mem, R0, Gamma_R1);
    assume {:captureState "%00000409"} true;
    R0, Gamma_R0 := 126976bv64, true;
    call rely();
    R0, Gamma_R0 := memory_load64_le(mem, bvadd64(R0, 4040bv64)), (gamma_load64(Gamma_mem, bvadd64(R0, 4040bv64)) || L(mem, bvadd64(R0, 4040bv64)));
    call rely();
    R19, Gamma_R19 := memory_load64_le(mem, R0), (gamma_load64(Gamma_mem, R0) || L(mem, R0));
    R0, Gamma_R0 := 126976bv64, true;
    call rely();
    R0, Gamma_R0 := memory_load64_le(mem, bvadd64(R0, 4048bv64)), (gamma_load64(Gamma_mem, bvadd64(R0, 4048bv64)) || L(mem, bvadd64(R0, 4048bv64)));
    R30, Gamma_R30 := 2392bv64, true;
    call strlen();
    goto l00000437;
  l00000437:
    assume {:captureState "l00000437"} true;
    R2, Gamma_R2 := R0, Gamma_R0;
    R0, Gamma_R0 := 126976bv64, true;
    call rely();
    R1, Gamma_R1 := memory_load64_le(mem, bvadd64(R0, 4048bv64)), (gamma_load64(Gamma_mem, bvadd64(R0, 4048bv64)) || L(mem, bvadd64(R0, 4048bv64)));
    R0, Gamma_R0 := R19, Gamma_R19;
    R30, Gamma_R30 := 2412bv64, true;
    call memcpy();
    goto l0000045d;
  l0000045d:
    assume {:captureState "l0000045d"} true;
    R0, Gamma_R0 := 126976bv64, true;
    call rely();
    R0, Gamma_R0 := memory_load64_le(mem, bvadd64(R0, 4040bv64)), (gamma_load64(Gamma_mem, bvadd64(R0, 4040bv64)) || L(mem, bvadd64(R0, 4040bv64)));
    call rely();
    R0, Gamma_R0 := memory_load64_le(mem, R0), (gamma_load64(Gamma_mem, R0) || L(mem, R0));
    R30, Gamma_R30 := 2428bv64, true;
    call puts();
    goto l0000047b;
  l0000047b:
    assume {:captureState "l0000047b"} true;
    R0, Gamma_R0 := 126976bv64, true;
    call rely();
    R0, Gamma_R0 := memory_load64_le(mem, bvadd64(R0, 4040bv64)), (gamma_load64(Gamma_mem, bvadd64(R0, 4040bv64)) || L(mem, bvadd64(R0, 4040bv64)));
    call rely();
    R0, Gamma_R0 := memory_load64_le(mem, R0), (gamma_load64(Gamma_mem, R0) || L(mem, R0));
    R0, Gamma_R0 := bvadd64(R0, 4bv64), Gamma_R0;
    stack, Gamma_stack := memory_store64_le(stack, bvadd64(R31, 40bv64), R0), gamma_store64(Gamma_stack, bvadd64(R31, 40bv64), Gamma_R0);
    assume {:captureState "%0000049e"} true;
    R0, Gamma_R0 := memory_load64_le(stack, bvadd64(R31, 40bv64)), gamma_load64(Gamma_stack, bvadd64(R31, 40bv64));
    call rely();
    assert (L(mem, R0) ==> true);
    mem, Gamma_mem := memory_store8_be(mem, R0, 0bv8), gamma_store8(Gamma_mem, R0, true);
    assume {:captureState "%000004ae"} true;
    R0, Gamma_R0 := 126976bv64, true;
    call rely();
    R0, Gamma_R0 := memory_load64_le(mem, bvadd64(R0, 4040bv64)), (gamma_load64(Gamma_mem, bvadd64(R0, 4040bv64)) || L(mem, bvadd64(R0, 4040bv64)));
    call rely();
    R19, Gamma_R19 := memory_load64_le(mem, R0), (gamma_load64(Gamma_mem, R0) || L(mem, R0));
    R0, Gamma_R0 := 126976bv64, true;
    call rely();
    R0, Gamma_R0 := memory_load64_le(mem, bvadd64(R0, 4040bv64)), (gamma_load64(Gamma_mem, bvadd64(R0, 4040bv64)) || L(mem, bvadd64(R0, 4040bv64)));
    call rely();
    R0, Gamma_R0 := memory_load64_le(mem, R0), (gamma_load64(Gamma_mem, R0) || L(mem, R0));
    R30, Gamma_R30 := 2484bv64, true;
    call strlen();
    goto l000004e3;
  l000004e3:
    assume {:captureState "l000004e3"} true;
    R2, Gamma_R2 := R0, Gamma_R0;
    R1, Gamma_R1 := 1bv64, true;
    R0, Gamma_R0 := R19, Gamma_R19;
    R30, Gamma_R30 := 2500bv64, true;
    call memset();
    goto l00000502;
  l00000502:
    assume {:captureState "l00000502"} true;
    R0, Gamma_R0 := 126976bv64, true;
    call rely();
    R0, Gamma_R0 := memory_load64_le(mem, bvadd64(R0, 4040bv64)), (gamma_load64(Gamma_mem, bvadd64(R0, 4040bv64)) || L(mem, bvadd64(R0, 4040bv64)));
    call rely();
    R0, Gamma_R0 := memory_load64_le(mem, R0), (gamma_load64(Gamma_mem, R0) || L(mem, R0));
    R30, Gamma_R30 := 2516bv64, true;
    call #free();
    goto l00000520;
  l00000520:
    assume {:captureState "l00000520"} true;
    R0, Gamma_R0 := 0bv64, true;
    R19, Gamma_R19 := memory_load64_le(stack, bvadd64(R31, 16bv64)), gamma_load64(Gamma_stack, bvadd64(R31, 16bv64));
    R29, Gamma_R29 := memory_load64_le(stack, R31), gamma_load64(Gamma_stack, R31);
    R30, Gamma_R30 := memory_load64_le(stack, bvadd64(R31, 8bv64)), gamma_load64(Gamma_stack, bvadd64(R31, 8bv64));
    R31, Gamma_R31 := bvadd64(R31, 48bv64), Gamma_R31;
    return;
}

procedure malloc();
  modifies Gamma_R0, Gamma_R16, Gamma_R17, Gamma_malloc_base, Gamma_malloc_count, Gamma_malloc_end, R0, R16, R17, malloc_base, malloc_count, malloc_end;
  requires bvugt64(R0, 0bv64);
  requires Gamma_R0 == true;
  free requires (memory_load8_le(mem, 2552bv64) == 1bv8);
  free requires (memory_load8_le(mem, 2553bv64) == 0bv8);
  free requires (memory_load8_le(mem, 2554bv64) == 2bv8);
  free requires (memory_load8_le(mem, 2555bv64) == 0bv8);
  free requires (memory_load8_le(mem, 131016bv64) == 128bv8);
  free requires (memory_load8_le(mem, 131017bv64) == 0bv8);
  free requires (memory_load8_le(mem, 131018bv64) == 2bv8);
  free requires (memory_load8_le(mem, 131019bv64) == 0bv8);
  free requires (memory_load8_le(mem, 131020bv64) == 0bv8);
  free requires (memory_load8_le(mem, 131021bv64) == 0bv8);
  free requires (memory_load8_le(mem, 131022bv64) == 0bv8);
  free requires (memory_load8_le(mem, 131023bv64) == 0bv8);
  free requires (memory_load8_le(mem, 130488bv64) == 16bv8);
  free requires (memory_load8_le(mem, 130489bv64) == 9bv8);
  free requires (memory_load8_le(mem, 130490bv64) == 0bv8);
  free requires (memory_load8_le(mem, 130491bv64) == 0bv8);
  free requires (memory_load8_le(mem, 130492bv64) == 0bv8);
  free requires (memory_load8_le(mem, 130493bv64) == 0bv8);
  free requires (memory_load8_le(mem, 130494bv64) == 0bv8);
  free requires (memory_load8_le(mem, 130495bv64) == 0bv8);
  free requires (memory_load8_le(mem, 131024bv64) == 104bv8);
  free requires (memory_load8_le(mem, 131025bv64) == 0bv8);
  free requires (memory_load8_le(mem, 131026bv64) == 2bv8);
  free requires (memory_load8_le(mem, 131027bv64) == 0bv8);
  free requires (memory_load8_le(mem, 131028bv64) == 0bv8);
  free requires (memory_load8_le(mem, 131029bv64) == 0bv8);
  free requires (memory_load8_le(mem, 131030bv64) == 0bv8);
  free requires (memory_load8_le(mem, 131031bv64) == 0bv8);
  free requires (memory_load8_le(mem, 131032bv64) == 20bv8);
  free requires (memory_load8_le(mem, 131033bv64) == 9bv8);
  free requires (memory_load8_le(mem, 131034bv64) == 0bv8);
  free requires (memory_load8_le(mem, 131035bv64) == 0bv8);
  free requires (memory_load8_le(mem, 131036bv64) == 0bv8);
  free requires (memory_load8_le(mem, 131037bv64) == 0bv8);
  free requires (memory_load8_le(mem, 131038bv64) == 0bv8);
  free requires (memory_load8_le(mem, 131039bv64) == 0bv8);
  free requires (memory_load8_le(mem, 131160bv64) == 88bv8);
  free requires (memory_load8_le(mem, 131161bv64) == 0bv8);
  free requires (memory_load8_le(mem, 131162bv64) == 2bv8);
  free requires (memory_load8_le(mem, 131163bv64) == 0bv8);
  free requires (memory_load8_le(mem, 131164bv64) == 0bv8);
  free requires (memory_load8_le(mem, 131165bv64) == 0bv8);
  free requires (memory_load8_le(mem, 131166bv64) == 0bv8);
  free requires (memory_load8_le(mem, 131167bv64) == 0bv8);
  free requires (memory_load8_le(mem, 130496bv64) == 192bv8);
  free requires (memory_load8_le(mem, 130497bv64) == 8bv8);
  free requires (memory_load8_le(mem, 130498bv64) == 0bv8);
  free requires (memory_load8_le(mem, 130499bv64) == 0bv8);
  free requires (memory_load8_le(mem, 130500bv64) == 0bv8);
  free requires (memory_load8_le(mem, 130501bv64) == 0bv8);
  free requires (memory_load8_le(mem, 130502bv64) == 0bv8);
  free requires (memory_load8_le(mem, 130503bv64) == 0bv8);
  ensures ((memory_load64_le(mem, $buf_addr) == old(memory_load64_le(mem, $buf_addr))) && (memory_load8_le(mem, $password_addr) == old(memory_load8_le(mem, $password_addr))));
  ensures Gamma_R0 == true;
  ensures malloc_count == old(malloc_count) + 1;
  ensures bvugt64(malloc_end[malloc_count], malloc_base[malloc_count]);
  ensures R0 == malloc_base[malloc_count];
  ensures malloc_end[malloc_count] == bvadd64(R0, old(R0));
  ensures (forall i: int :: i != malloc_count ==> bvugt64(malloc_base[malloc_count], malloc_end[i]) || bvult64(malloc_end[malloc_count], malloc_base[i]));
  ensures (forall i: int :: i != malloc_count ==> malloc_base[i] == old(malloc_base[i]) && malloc_end[i] == old(malloc_end[i]));
  ensures bvuge64(R0, 100000000bv64);
  ensures (forall i : bv64 :: (bvuge64(i, R0) && bvult64(i, bvadd64(R0, old(R0)))) ==> (Gamma_mem[i] && gamma_load8(Gamma_mem, i)));
  free ensures (memory_load8_le(mem, 2552bv64) == 1bv8);
  free ensures (memory_load8_le(mem, 2553bv64) == 0bv8);
  free ensures (memory_load8_le(mem, 2554bv64) == 2bv8);
  free ensures (memory_load8_le(mem, 2555bv64) == 0bv8);
  free ensures (memory_load8_le(mem, 131016bv64) == 128bv8);
  free ensures (memory_load8_le(mem, 131017bv64) == 0bv8);
  free ensures (memory_load8_le(mem, 131018bv64) == 2bv8);
  free ensures (memory_load8_le(mem, 131019bv64) == 0bv8);
  free ensures (memory_load8_le(mem, 131020bv64) == 0bv8);
  free ensures (memory_load8_le(mem, 131021bv64) == 0bv8);
  free ensures (memory_load8_le(mem, 131022bv64) == 0bv8);
  free ensures (memory_load8_le(mem, 131023bv64) == 0bv8);
  free ensures (memory_load8_le(mem, 130488bv64) == 16bv8);
  free ensures (memory_load8_le(mem, 130489bv64) == 9bv8);
  free ensures (memory_load8_le(mem, 130490bv64) == 0bv8);
  free ensures (memory_load8_le(mem, 130491bv64) == 0bv8);
  free ensures (memory_load8_le(mem, 130492bv64) == 0bv8);
  free ensures (memory_load8_le(mem, 130493bv64) == 0bv8);
  free ensures (memory_load8_le(mem, 130494bv64) == 0bv8);
  free ensures (memory_load8_le(mem, 130495bv64) == 0bv8);
  free ensures (memory_load8_le(mem, 131024bv64) == 104bv8);
  free ensures (memory_load8_le(mem, 131025bv64) == 0bv8);
  free ensures (memory_load8_le(mem, 131026bv64) == 2bv8);
  free ensures (memory_load8_le(mem, 131027bv64) == 0bv8);
  free ensures (memory_load8_le(mem, 131028bv64) == 0bv8);
  free ensures (memory_load8_le(mem, 131029bv64) == 0bv8);
  free ensures (memory_load8_le(mem, 131030bv64) == 0bv8);
  free ensures (memory_load8_le(mem, 131031bv64) == 0bv8);
  free ensures (memory_load8_le(mem, 131032bv64) == 20bv8);
  free ensures (memory_load8_le(mem, 131033bv64) == 9bv8);
  free ensures (memory_load8_le(mem, 131034bv64) == 0bv8);
  free ensures (memory_load8_le(mem, 131035bv64) == 0bv8);
  free ensures (memory_load8_le(mem, 131036bv64) == 0bv8);
  free ensures (memory_load8_le(mem, 131037bv64) == 0bv8);
  free ensures (memory_load8_le(mem, 131038bv64) == 0bv8);
  free ensures (memory_load8_le(mem, 131039bv64) == 0bv8);
  free ensures (memory_load8_le(mem, 131160bv64) == 88bv8);
  free ensures (memory_load8_le(mem, 131161bv64) == 0bv8);
  free ensures (memory_load8_le(mem, 131162bv64) == 2bv8);
  free ensures (memory_load8_le(mem, 131163bv64) == 0bv8);
  free ensures (memory_load8_le(mem, 131164bv64) == 0bv8);
  free ensures (memory_load8_le(mem, 131165bv64) == 0bv8);
  free ensures (memory_load8_le(mem, 131166bv64) == 0bv8);
  free ensures (memory_load8_le(mem, 131167bv64) == 0bv8);
  free ensures (memory_load8_le(mem, 130496bv64) == 192bv8);
  free ensures (memory_load8_le(mem, 130497bv64) == 8bv8);
  free ensures (memory_load8_le(mem, 130498bv64) == 0bv8);
  free ensures (memory_load8_le(mem, 130499bv64) == 0bv8);
  free ensures (memory_load8_le(mem, 130500bv64) == 0bv8);
  free ensures (memory_load8_le(mem, 130501bv64) == 0bv8);
  free ensures (memory_load8_le(mem, 130502bv64) == 0bv8);
  free ensures (memory_load8_le(mem, 130503bv64) == 0bv8);

procedure memcpy();
  modifies Gamma_R16, Gamma_R17, Gamma_mem, R16, R17, mem;
  free requires (memory_load8_le(mem, 2552bv64) == 1bv8);
  free requires (memory_load8_le(mem, 2553bv64) == 0bv8);
  free requires (memory_load8_le(mem, 2554bv64) == 2bv8);
  free requires (memory_load8_le(mem, 2555bv64) == 0bv8);
  free requires (memory_load8_le(mem, 131016bv64) == 128bv8);
  free requires (memory_load8_le(mem, 131017bv64) == 0bv8);
  free requires (memory_load8_le(mem, 131018bv64) == 2bv8);
  free requires (memory_load8_le(mem, 131019bv64) == 0bv8);
  free requires (memory_load8_le(mem, 131020bv64) == 0bv8);
  free requires (memory_load8_le(mem, 131021bv64) == 0bv8);
  free requires (memory_load8_le(mem, 131022bv64) == 0bv8);
  free requires (memory_load8_le(mem, 131023bv64) == 0bv8);
  free requires (memory_load8_le(mem, 130488bv64) == 16bv8);
  free requires (memory_load8_le(mem, 130489bv64) == 9bv8);
  free requires (memory_load8_le(mem, 130490bv64) == 0bv8);
  free requires (memory_load8_le(mem, 130491bv64) == 0bv8);
  free requires (memory_load8_le(mem, 130492bv64) == 0bv8);
  free requires (memory_load8_le(mem, 130493bv64) == 0bv8);
  free requires (memory_load8_le(mem, 130494bv64) == 0bv8);
  free requires (memory_load8_le(mem, 130495bv64) == 0bv8);
  free requires (memory_load8_le(mem, 131024bv64) == 104bv8);
  free requires (memory_load8_le(mem, 131025bv64) == 0bv8);
  free requires (memory_load8_le(mem, 131026bv64) == 2bv8);
  free requires (memory_load8_le(mem, 131027bv64) == 0bv8);
  free requires (memory_load8_le(mem, 131028bv64) == 0bv8);
  free requires (memory_load8_le(mem, 131029bv64) == 0bv8);
  free requires (memory_load8_le(mem, 131030bv64) == 0bv8);
  free requires (memory_load8_le(mem, 131031bv64) == 0bv8);
  free requires (memory_load8_le(mem, 131032bv64) == 20bv8);
  free requires (memory_load8_le(mem, 131033bv64) == 9bv8);
  free requires (memory_load8_le(mem, 131034bv64) == 0bv8);
  free requires (memory_load8_le(mem, 131035bv64) == 0bv8);
  free requires (memory_load8_le(mem, 131036bv64) == 0bv8);
  free requires (memory_load8_le(mem, 131037bv64) == 0bv8);
  free requires (memory_load8_le(mem, 131038bv64) == 0bv8);
  free requires (memory_load8_le(mem, 131039bv64) == 0bv8);
  free requires (memory_load8_le(mem, 131160bv64) == 88bv8);
  free requires (memory_load8_le(mem, 131161bv64) == 0bv8);
  free requires (memory_load8_le(mem, 131162bv64) == 2bv8);
  free requires (memory_load8_le(mem, 131163bv64) == 0bv8);
  free requires (memory_load8_le(mem, 131164bv64) == 0bv8);
  free requires (memory_load8_le(mem, 131165bv64) == 0bv8);
  free requires (memory_load8_le(mem, 131166bv64) == 0bv8);
  free requires (memory_load8_le(mem, 131167bv64) == 0bv8);
  free requires (memory_load8_le(mem, 130496bv64) == 192bv8);
  free requires (memory_load8_le(mem, 130497bv64) == 8bv8);
  free requires (memory_load8_le(mem, 130498bv64) == 0bv8);
  free requires (memory_load8_le(mem, 130499bv64) == 0bv8);
  free requires (memory_load8_le(mem, 130500bv64) == 0bv8);
  free requires (memory_load8_le(mem, 130501bv64) == 0bv8);
  free requires (memory_load8_le(mem, 130502bv64) == 0bv8);
  free requires (memory_load8_le(mem, 130503bv64) == 0bv8);
  ensures ((memory_load64_le(mem, $buf_addr) == old(memory_load64_le(mem, $buf_addr))) && (memory_load8_le(mem, $password_addr) == old(memory_load8_le(mem, $password_addr))));
  ensures (forall i: bv64 :: (Gamma_mem[i] == if (bvule64(R0, i) && bvult64(i, bvadd64(R0, R2))) then gamma_load8((Gamma_mem), bvadd64(bvsub64(i, R0), R1)) else old(gamma_load8(Gamma_mem, i))));
  ensures (forall i: bv64 :: (mem[i] == if (bvule64(R0, i) && bvult64(i,bvadd64(R0, R2))) then memory_load8_le((mem), bvadd64(bvsub64(i, R0), R1)) else old(memory_load8_le(mem, i))));
  free ensures (memory_load8_le(mem, 2552bv64) == 1bv8);
  free ensures (memory_load8_le(mem, 2553bv64) == 0bv8);
  free ensures (memory_load8_le(mem, 2554bv64) == 2bv8);
  free ensures (memory_load8_le(mem, 2555bv64) == 0bv8);
  free ensures (memory_load8_le(mem, 131016bv64) == 128bv8);
  free ensures (memory_load8_le(mem, 131017bv64) == 0bv8);
  free ensures (memory_load8_le(mem, 131018bv64) == 2bv8);
  free ensures (memory_load8_le(mem, 131019bv64) == 0bv8);
  free ensures (memory_load8_le(mem, 131020bv64) == 0bv8);
  free ensures (memory_load8_le(mem, 131021bv64) == 0bv8);
  free ensures (memory_load8_le(mem, 131022bv64) == 0bv8);
  free ensures (memory_load8_le(mem, 131023bv64) == 0bv8);
  free ensures (memory_load8_le(mem, 130488bv64) == 16bv8);
  free ensures (memory_load8_le(mem, 130489bv64) == 9bv8);
  free ensures (memory_load8_le(mem, 130490bv64) == 0bv8);
  free ensures (memory_load8_le(mem, 130491bv64) == 0bv8);
  free ensures (memory_load8_le(mem, 130492bv64) == 0bv8);
  free ensures (memory_load8_le(mem, 130493bv64) == 0bv8);
  free ensures (memory_load8_le(mem, 130494bv64) == 0bv8);
  free ensures (memory_load8_le(mem, 130495bv64) == 0bv8);
  free ensures (memory_load8_le(mem, 131024bv64) == 104bv8);
  free ensures (memory_load8_le(mem, 131025bv64) == 0bv8);
  free ensures (memory_load8_le(mem, 131026bv64) == 2bv8);
  free ensures (memory_load8_le(mem, 131027bv64) == 0bv8);
  free ensures (memory_load8_le(mem, 131028bv64) == 0bv8);
  free ensures (memory_load8_le(mem, 131029bv64) == 0bv8);
  free ensures (memory_load8_le(mem, 131030bv64) == 0bv8);
  free ensures (memory_load8_le(mem, 131031bv64) == 0bv8);
  free ensures (memory_load8_le(mem, 131032bv64) == 20bv8);
  free ensures (memory_load8_le(mem, 131033bv64) == 9bv8);
  free ensures (memory_load8_le(mem, 131034bv64) == 0bv8);
  free ensures (memory_load8_le(mem, 131035bv64) == 0bv8);
  free ensures (memory_load8_le(mem, 131036bv64) == 0bv8);
  free ensures (memory_load8_le(mem, 131037bv64) == 0bv8);
  free ensures (memory_load8_le(mem, 131038bv64) == 0bv8);
  free ensures (memory_load8_le(mem, 131039bv64) == 0bv8);
  free ensures (memory_load8_le(mem, 131160bv64) == 88bv8);
  free ensures (memory_load8_le(mem, 131161bv64) == 0bv8);
  free ensures (memory_load8_le(mem, 131162bv64) == 2bv8);
  free ensures (memory_load8_le(mem, 131163bv64) == 0bv8);
  free ensures (memory_load8_le(mem, 131164bv64) == 0bv8);
  free ensures (memory_load8_le(mem, 131165bv64) == 0bv8);
  free ensures (memory_load8_le(mem, 131166bv64) == 0bv8);
  free ensures (memory_load8_le(mem, 131167bv64) == 0bv8);
  free ensures (memory_load8_le(mem, 130496bv64) == 192bv8);
  free ensures (memory_load8_le(mem, 130497bv64) == 8bv8);
  free ensures (memory_load8_le(mem, 130498bv64) == 0bv8);
  free ensures (memory_load8_le(mem, 130499bv64) == 0bv8);
  free ensures (memory_load8_le(mem, 130500bv64) == 0bv8);
  free ensures (memory_load8_le(mem, 130501bv64) == 0bv8);
  free ensures (memory_load8_le(mem, 130502bv64) == 0bv8);
  free ensures (memory_load8_le(mem, 130503bv64) == 0bv8);

procedure memset();
  modifies Gamma_R16, Gamma_R17, Gamma_mem, R16, R17, mem;
  requires Gamma_R1;
  free requires (memory_load8_le(mem, 2552bv64) == 1bv8);
  free requires (memory_load8_le(mem, 2553bv64) == 0bv8);
  free requires (memory_load8_le(mem, 2554bv64) == 2bv8);
  free requires (memory_load8_le(mem, 2555bv64) == 0bv8);
  free requires (memory_load8_le(mem, 131016bv64) == 128bv8);
  free requires (memory_load8_le(mem, 131017bv64) == 0bv8);
  free requires (memory_load8_le(mem, 131018bv64) == 2bv8);
  free requires (memory_load8_le(mem, 131019bv64) == 0bv8);
  free requires (memory_load8_le(mem, 131020bv64) == 0bv8);
  free requires (memory_load8_le(mem, 131021bv64) == 0bv8);
  free requires (memory_load8_le(mem, 131022bv64) == 0bv8);
  free requires (memory_load8_le(mem, 131023bv64) == 0bv8);
  free requires (memory_load8_le(mem, 130488bv64) == 16bv8);
  free requires (memory_load8_le(mem, 130489bv64) == 9bv8);
  free requires (memory_load8_le(mem, 130490bv64) == 0bv8);
  free requires (memory_load8_le(mem, 130491bv64) == 0bv8);
  free requires (memory_load8_le(mem, 130492bv64) == 0bv8);
  free requires (memory_load8_le(mem, 130493bv64) == 0bv8);
  free requires (memory_load8_le(mem, 130494bv64) == 0bv8);
  free requires (memory_load8_le(mem, 130495bv64) == 0bv8);
  free requires (memory_load8_le(mem, 131024bv64) == 104bv8);
  free requires (memory_load8_le(mem, 131025bv64) == 0bv8);
  free requires (memory_load8_le(mem, 131026bv64) == 2bv8);
  free requires (memory_load8_le(mem, 131027bv64) == 0bv8);
  free requires (memory_load8_le(mem, 131028bv64) == 0bv8);
  free requires (memory_load8_le(mem, 131029bv64) == 0bv8);
  free requires (memory_load8_le(mem, 131030bv64) == 0bv8);
  free requires (memory_load8_le(mem, 131031bv64) == 0bv8);
  free requires (memory_load8_le(mem, 131032bv64) == 20bv8);
  free requires (memory_load8_le(mem, 131033bv64) == 9bv8);
  free requires (memory_load8_le(mem, 131034bv64) == 0bv8);
  free requires (memory_load8_le(mem, 131035bv64) == 0bv8);
  free requires (memory_load8_le(mem, 131036bv64) == 0bv8);
  free requires (memory_load8_le(mem, 131037bv64) == 0bv8);
  free requires (memory_load8_le(mem, 131038bv64) == 0bv8);
  free requires (memory_load8_le(mem, 131039bv64) == 0bv8);
  free requires (memory_load8_le(mem, 131160bv64) == 88bv8);
  free requires (memory_load8_le(mem, 131161bv64) == 0bv8);
  free requires (memory_load8_le(mem, 131162bv64) == 2bv8);
  free requires (memory_load8_le(mem, 131163bv64) == 0bv8);
  free requires (memory_load8_le(mem, 131164bv64) == 0bv8);
  free requires (memory_load8_le(mem, 131165bv64) == 0bv8);
  free requires (memory_load8_le(mem, 131166bv64) == 0bv8);
  free requires (memory_load8_le(mem, 131167bv64) == 0bv8);
  free requires (memory_load8_le(mem, 130496bv64) == 192bv8);
  free requires (memory_load8_le(mem, 130497bv64) == 8bv8);
  free requires (memory_load8_le(mem, 130498bv64) == 0bv8);
  free requires (memory_load8_le(mem, 130499bv64) == 0bv8);
  free requires (memory_load8_le(mem, 130500bv64) == 0bv8);
  free requires (memory_load8_le(mem, 130501bv64) == 0bv8);
  free requires (memory_load8_le(mem, 130502bv64) == 0bv8);
  free requires (memory_load8_le(mem, 130503bv64) == 0bv8);
  ensures ((memory_load64_le(mem, $buf_addr) == old(memory_load64_le(mem, $buf_addr))) && (memory_load8_le(mem, $password_addr) == old(memory_load8_le(mem, $password_addr))));
  ensures (forall i: bv64 :: (Gamma_mem[i] == if (bvule64(R0, i) && bvult64(i,bvadd64(R0, R2))) then Gamma_R1 else old(gamma_load8(Gamma_mem, i))));
  ensures (forall i: bv64 :: (mem[i] == if (bvule64(R0, i) && bvult64(i,bvadd64(R0, R2))) then R1[8:0] else old(memory_load8_le(mem, i))));
  free ensures (memory_load8_le(mem, 2552bv64) == 1bv8);
  free ensures (memory_load8_le(mem, 2553bv64) == 0bv8);
  free ensures (memory_load8_le(mem, 2554bv64) == 2bv8);
  free ensures (memory_load8_le(mem, 2555bv64) == 0bv8);
  free ensures (memory_load8_le(mem, 131016bv64) == 128bv8);
  free ensures (memory_load8_le(mem, 131017bv64) == 0bv8);
  free ensures (memory_load8_le(mem, 131018bv64) == 2bv8);
  free ensures (memory_load8_le(mem, 131019bv64) == 0bv8);
  free ensures (memory_load8_le(mem, 131020bv64) == 0bv8);
  free ensures (memory_load8_le(mem, 131021bv64) == 0bv8);
  free ensures (memory_load8_le(mem, 131022bv64) == 0bv8);
  free ensures (memory_load8_le(mem, 131023bv64) == 0bv8);
  free ensures (memory_load8_le(mem, 130488bv64) == 16bv8);
  free ensures (memory_load8_le(mem, 130489bv64) == 9bv8);
  free ensures (memory_load8_le(mem, 130490bv64) == 0bv8);
  free ensures (memory_load8_le(mem, 130491bv64) == 0bv8);
  free ensures (memory_load8_le(mem, 130492bv64) == 0bv8);
  free ensures (memory_load8_le(mem, 130493bv64) == 0bv8);
  free ensures (memory_load8_le(mem, 130494bv64) == 0bv8);
  free ensures (memory_load8_le(mem, 130495bv64) == 0bv8);
  free ensures (memory_load8_le(mem, 131024bv64) == 104bv8);
  free ensures (memory_load8_le(mem, 131025bv64) == 0bv8);
  free ensures (memory_load8_le(mem, 131026bv64) == 2bv8);
  free ensures (memory_load8_le(mem, 131027bv64) == 0bv8);
  free ensures (memory_load8_le(mem, 131028bv64) == 0bv8);
  free ensures (memory_load8_le(mem, 131029bv64) == 0bv8);
  free ensures (memory_load8_le(mem, 131030bv64) == 0bv8);
  free ensures (memory_load8_le(mem, 131031bv64) == 0bv8);
  free ensures (memory_load8_le(mem, 131032bv64) == 20bv8);
  free ensures (memory_load8_le(mem, 131033bv64) == 9bv8);
  free ensures (memory_load8_le(mem, 131034bv64) == 0bv8);
  free ensures (memory_load8_le(mem, 131035bv64) == 0bv8);
  free ensures (memory_load8_le(mem, 131036bv64) == 0bv8);
  free ensures (memory_load8_le(mem, 131037bv64) == 0bv8);
  free ensures (memory_load8_le(mem, 131038bv64) == 0bv8);
  free ensures (memory_load8_le(mem, 131039bv64) == 0bv8);
  free ensures (memory_load8_le(mem, 131160bv64) == 88bv8);
  free ensures (memory_load8_le(mem, 131161bv64) == 0bv8);
  free ensures (memory_load8_le(mem, 131162bv64) == 2bv8);
  free ensures (memory_load8_le(mem, 131163bv64) == 0bv8);
  free ensures (memory_load8_le(mem, 131164bv64) == 0bv8);
  free ensures (memory_load8_le(mem, 131165bv64) == 0bv8);
  free ensures (memory_load8_le(mem, 131166bv64) == 0bv8);
  free ensures (memory_load8_le(mem, 131167bv64) == 0bv8);
  free ensures (memory_load8_le(mem, 130496bv64) == 192bv8);
  free ensures (memory_load8_le(mem, 130497bv64) == 8bv8);
  free ensures (memory_load8_le(mem, 130498bv64) == 0bv8);
  free ensures (memory_load8_le(mem, 130499bv64) == 0bv8);
  free ensures (memory_load8_le(mem, 130500bv64) == 0bv8);
  free ensures (memory_load8_le(mem, 130501bv64) == 0bv8);
  free ensures (memory_load8_le(mem, 130502bv64) == 0bv8);
  free ensures (memory_load8_le(mem, 130503bv64) == 0bv8);

procedure puts();
  modifies Gamma_R16, Gamma_R17, R16, R17;
  free requires (memory_load8_le(mem, 2552bv64) == 1bv8);
  free requires (memory_load8_le(mem, 2553bv64) == 0bv8);
  free requires (memory_load8_le(mem, 2554bv64) == 2bv8);
  free requires (memory_load8_le(mem, 2555bv64) == 0bv8);
  free requires (memory_load8_le(mem, 131016bv64) == 128bv8);
  free requires (memory_load8_le(mem, 131017bv64) == 0bv8);
  free requires (memory_load8_le(mem, 131018bv64) == 2bv8);
  free requires (memory_load8_le(mem, 131019bv64) == 0bv8);
  free requires (memory_load8_le(mem, 131020bv64) == 0bv8);
  free requires (memory_load8_le(mem, 131021bv64) == 0bv8);
  free requires (memory_load8_le(mem, 131022bv64) == 0bv8);
  free requires (memory_load8_le(mem, 131023bv64) == 0bv8);
  free requires (memory_load8_le(mem, 130488bv64) == 16bv8);
  free requires (memory_load8_le(mem, 130489bv64) == 9bv8);
  free requires (memory_load8_le(mem, 130490bv64) == 0bv8);
  free requires (memory_load8_le(mem, 130491bv64) == 0bv8);
  free requires (memory_load8_le(mem, 130492bv64) == 0bv8);
  free requires (memory_load8_le(mem, 130493bv64) == 0bv8);
  free requires (memory_load8_le(mem, 130494bv64) == 0bv8);
  free requires (memory_load8_le(mem, 130495bv64) == 0bv8);
  free requires (memory_load8_le(mem, 131024bv64) == 104bv8);
  free requires (memory_load8_le(mem, 131025bv64) == 0bv8);
  free requires (memory_load8_le(mem, 131026bv64) == 2bv8);
  free requires (memory_load8_le(mem, 131027bv64) == 0bv8);
  free requires (memory_load8_le(mem, 131028bv64) == 0bv8);
  free requires (memory_load8_le(mem, 131029bv64) == 0bv8);
  free requires (memory_load8_le(mem, 131030bv64) == 0bv8);
  free requires (memory_load8_le(mem, 131031bv64) == 0bv8);
  free requires (memory_load8_le(mem, 131032bv64) == 20bv8);
  free requires (memory_load8_le(mem, 131033bv64) == 9bv8);
  free requires (memory_load8_le(mem, 131034bv64) == 0bv8);
  free requires (memory_load8_le(mem, 131035bv64) == 0bv8);
  free requires (memory_load8_le(mem, 131036bv64) == 0bv8);
  free requires (memory_load8_le(mem, 131037bv64) == 0bv8);
  free requires (memory_load8_le(mem, 131038bv64) == 0bv8);
  free requires (memory_load8_le(mem, 131039bv64) == 0bv8);
  free requires (memory_load8_le(mem, 131160bv64) == 88bv8);
  free requires (memory_load8_le(mem, 131161bv64) == 0bv8);
  free requires (memory_load8_le(mem, 131162bv64) == 2bv8);
  free requires (memory_load8_le(mem, 131163bv64) == 0bv8);
  free requires (memory_load8_le(mem, 131164bv64) == 0bv8);
  free requires (memory_load8_le(mem, 131165bv64) == 0bv8);
  free requires (memory_load8_le(mem, 131166bv64) == 0bv8);
  free requires (memory_load8_le(mem, 131167bv64) == 0bv8);
  free requires (memory_load8_le(mem, 130496bv64) == 192bv8);
  free requires (memory_load8_le(mem, 130497bv64) == 8bv8);
  free requires (memory_load8_le(mem, 130498bv64) == 0bv8);
  free requires (memory_load8_le(mem, 130499bv64) == 0bv8);
  free requires (memory_load8_le(mem, 130500bv64) == 0bv8);
  free requires (memory_load8_le(mem, 130501bv64) == 0bv8);
  free requires (memory_load8_le(mem, 130502bv64) == 0bv8);
  free requires (memory_load8_le(mem, 130503bv64) == 0bv8);
  free ensures (memory_load8_le(mem, 2552bv64) == 1bv8);
  free ensures (memory_load8_le(mem, 2553bv64) == 0bv8);
  free ensures (memory_load8_le(mem, 2554bv64) == 2bv8);
  free ensures (memory_load8_le(mem, 2555bv64) == 0bv8);
  free ensures (memory_load8_le(mem, 131016bv64) == 128bv8);
  free ensures (memory_load8_le(mem, 131017bv64) == 0bv8);
  free ensures (memory_load8_le(mem, 131018bv64) == 2bv8);
  free ensures (memory_load8_le(mem, 131019bv64) == 0bv8);
  free ensures (memory_load8_le(mem, 131020bv64) == 0bv8);
  free ensures (memory_load8_le(mem, 131021bv64) == 0bv8);
  free ensures (memory_load8_le(mem, 131022bv64) == 0bv8);
  free ensures (memory_load8_le(mem, 131023bv64) == 0bv8);
  free ensures (memory_load8_le(mem, 130488bv64) == 16bv8);
  free ensures (memory_load8_le(mem, 130489bv64) == 9bv8);
  free ensures (memory_load8_le(mem, 130490bv64) == 0bv8);
  free ensures (memory_load8_le(mem, 130491bv64) == 0bv8);
  free ensures (memory_load8_le(mem, 130492bv64) == 0bv8);
  free ensures (memory_load8_le(mem, 130493bv64) == 0bv8);
  free ensures (memory_load8_le(mem, 130494bv64) == 0bv8);
  free ensures (memory_load8_le(mem, 130495bv64) == 0bv8);
  free ensures (memory_load8_le(mem, 131024bv64) == 104bv8);
  free ensures (memory_load8_le(mem, 131025bv64) == 0bv8);
  free ensures (memory_load8_le(mem, 131026bv64) == 2bv8);
  free ensures (memory_load8_le(mem, 131027bv64) == 0bv8);
  free ensures (memory_load8_le(mem, 131028bv64) == 0bv8);
  free ensures (memory_load8_le(mem, 131029bv64) == 0bv8);
  free ensures (memory_load8_le(mem, 131030bv64) == 0bv8);
  free ensures (memory_load8_le(mem, 131031bv64) == 0bv8);
  free ensures (memory_load8_le(mem, 131032bv64) == 20bv8);
  free ensures (memory_load8_le(mem, 131033bv64) == 9bv8);
  free ensures (memory_load8_le(mem, 131034bv64) == 0bv8);
  free ensures (memory_load8_le(mem, 131035bv64) == 0bv8);
  free ensures (memory_load8_le(mem, 131036bv64) == 0bv8);
  free ensures (memory_load8_le(mem, 131037bv64) == 0bv8);
  free ensures (memory_load8_le(mem, 131038bv64) == 0bv8);
  free ensures (memory_load8_le(mem, 131039bv64) == 0bv8);
  free ensures (memory_load8_le(mem, 131160bv64) == 88bv8);
  free ensures (memory_load8_le(mem, 131161bv64) == 0bv8);
  free ensures (memory_load8_le(mem, 131162bv64) == 2bv8);
  free ensures (memory_load8_le(mem, 131163bv64) == 0bv8);
  free ensures (memory_load8_le(mem, 131164bv64) == 0bv8);
  free ensures (memory_load8_le(mem, 131165bv64) == 0bv8);
  free ensures (memory_load8_le(mem, 131166bv64) == 0bv8);
  free ensures (memory_load8_le(mem, 131167bv64) == 0bv8);
  free ensures (memory_load8_le(mem, 130496bv64) == 192bv8);
  free ensures (memory_load8_le(mem, 130497bv64) == 8bv8);
  free ensures (memory_load8_le(mem, 130498bv64) == 0bv8);
  free ensures (memory_load8_le(mem, 130499bv64) == 0bv8);
  free ensures (memory_load8_le(mem, 130500bv64) == 0bv8);
  free ensures (memory_load8_le(mem, 130501bv64) == 0bv8);
  free ensures (memory_load8_le(mem, 130502bv64) == 0bv8);
  free ensures (memory_load8_le(mem, 130503bv64) == 0bv8);

procedure strlen();
  modifies Gamma_R0, Gamma_R16, Gamma_R17, R0, R16, R17;
  free requires (memory_load8_le(mem, 2552bv64) == 1bv8);
  free requires (memory_load8_le(mem, 2553bv64) == 0bv8);
  free requires (memory_load8_le(mem, 2554bv64) == 2bv8);
  free requires (memory_load8_le(mem, 2555bv64) == 0bv8);
  free requires (memory_load8_le(mem, 131016bv64) == 128bv8);
  free requires (memory_load8_le(mem, 131017bv64) == 0bv8);
  free requires (memory_load8_le(mem, 131018bv64) == 2bv8);
  free requires (memory_load8_le(mem, 131019bv64) == 0bv8);
  free requires (memory_load8_le(mem, 131020bv64) == 0bv8);
  free requires (memory_load8_le(mem, 131021bv64) == 0bv8);
  free requires (memory_load8_le(mem, 131022bv64) == 0bv8);
  free requires (memory_load8_le(mem, 131023bv64) == 0bv8);
  free requires (memory_load8_le(mem, 130488bv64) == 16bv8);
  free requires (memory_load8_le(mem, 130489bv64) == 9bv8);
  free requires (memory_load8_le(mem, 130490bv64) == 0bv8);
  free requires (memory_load8_le(mem, 130491bv64) == 0bv8);
  free requires (memory_load8_le(mem, 130492bv64) == 0bv8);
  free requires (memory_load8_le(mem, 130493bv64) == 0bv8);
  free requires (memory_load8_le(mem, 130494bv64) == 0bv8);
  free requires (memory_load8_le(mem, 130495bv64) == 0bv8);
  free requires (memory_load8_le(mem, 131024bv64) == 104bv8);
  free requires (memory_load8_le(mem, 131025bv64) == 0bv8);
  free requires (memory_load8_le(mem, 131026bv64) == 2bv8);
  free requires (memory_load8_le(mem, 131027bv64) == 0bv8);
  free requires (memory_load8_le(mem, 131028bv64) == 0bv8);
  free requires (memory_load8_le(mem, 131029bv64) == 0bv8);
  free requires (memory_load8_le(mem, 131030bv64) == 0bv8);
  free requires (memory_load8_le(mem, 131031bv64) == 0bv8);
  free requires (memory_load8_le(mem, 131032bv64) == 20bv8);
  free requires (memory_load8_le(mem, 131033bv64) == 9bv8);
  free requires (memory_load8_le(mem, 131034bv64) == 0bv8);
  free requires (memory_load8_le(mem, 131035bv64) == 0bv8);
  free requires (memory_load8_le(mem, 131036bv64) == 0bv8);
  free requires (memory_load8_le(mem, 131037bv64) == 0bv8);
  free requires (memory_load8_le(mem, 131038bv64) == 0bv8);
  free requires (memory_load8_le(mem, 131039bv64) == 0bv8);
  free requires (memory_load8_le(mem, 131160bv64) == 88bv8);
  free requires (memory_load8_le(mem, 131161bv64) == 0bv8);
  free requires (memory_load8_le(mem, 131162bv64) == 2bv8);
  free requires (memory_load8_le(mem, 131163bv64) == 0bv8);
  free requires (memory_load8_le(mem, 131164bv64) == 0bv8);
  free requires (memory_load8_le(mem, 131165bv64) == 0bv8);
  free requires (memory_load8_le(mem, 131166bv64) == 0bv8);
  free requires (memory_load8_le(mem, 131167bv64) == 0bv8);
  free requires (memory_load8_le(mem, 130496bv64) == 192bv8);
  free requires (memory_load8_le(mem, 130497bv64) == 8bv8);
  free requires (memory_load8_le(mem, 130498bv64) == 0bv8);
  free requires (memory_load8_le(mem, 130499bv64) == 0bv8);
  free requires (memory_load8_le(mem, 130500bv64) == 0bv8);
  free requires (memory_load8_le(mem, 130501bv64) == 0bv8);
  free requires (memory_load8_le(mem, 130502bv64) == 0bv8);
  free requires (memory_load8_le(mem, 130503bv64) == 0bv8);
  ensures (((memory_load64_le(mem, $buf_addr) == old(memory_load64_le(mem, $buf_addr))) && (memory_load8_le(mem, $password_addr) == old(memory_load8_le(mem, $password_addr)))) && (memory_load8_le(mem, $stext_addr) == old(memory_load8_le(mem, $stext_addr))));
  ensures Gamma_R0 == true;
  ensures (forall i: bv64 :: (bvule64(old(R0), i)) && (bvult64(i, bvadd64(old(R0), R0))) ==> mem[i] != 0bv8);
  ensures (memory_load8_le(mem, bvadd64(old(R0), R0)) == 0bv8);
  ensures (bvult64(old(R0), bvadd64(bvadd64(old(R0), R0), 1bv64)));
  free ensures (memory_load8_le(mem, 2552bv64) == 1bv8);
  free ensures (memory_load8_le(mem, 2553bv64) == 0bv8);
  free ensures (memory_load8_le(mem, 2554bv64) == 2bv8);
  free ensures (memory_load8_le(mem, 2555bv64) == 0bv8);
  free ensures (memory_load8_le(mem, 131016bv64) == 128bv8);
  free ensures (memory_load8_le(mem, 131017bv64) == 0bv8);
  free ensures (memory_load8_le(mem, 131018bv64) == 2bv8);
  free ensures (memory_load8_le(mem, 131019bv64) == 0bv8);
  free ensures (memory_load8_le(mem, 131020bv64) == 0bv8);
  free ensures (memory_load8_le(mem, 131021bv64) == 0bv8);
  free ensures (memory_load8_le(mem, 131022bv64) == 0bv8);
  free ensures (memory_load8_le(mem, 131023bv64) == 0bv8);
  free ensures (memory_load8_le(mem, 130488bv64) == 16bv8);
  free ensures (memory_load8_le(mem, 130489bv64) == 9bv8);
  free ensures (memory_load8_le(mem, 130490bv64) == 0bv8);
  free ensures (memory_load8_le(mem, 130491bv64) == 0bv8);
  free ensures (memory_load8_le(mem, 130492bv64) == 0bv8);
  free ensures (memory_load8_le(mem, 130493bv64) == 0bv8);
  free ensures (memory_load8_le(mem, 130494bv64) == 0bv8);
  free ensures (memory_load8_le(mem, 130495bv64) == 0bv8);
  free ensures (memory_load8_le(mem, 131024bv64) == 104bv8);
  free ensures (memory_load8_le(mem, 131025bv64) == 0bv8);
  free ensures (memory_load8_le(mem, 131026bv64) == 2bv8);
  free ensures (memory_load8_le(mem, 131027bv64) == 0bv8);
  free ensures (memory_load8_le(mem, 131028bv64) == 0bv8);
  free ensures (memory_load8_le(mem, 131029bv64) == 0bv8);
  free ensures (memory_load8_le(mem, 131030bv64) == 0bv8);
  free ensures (memory_load8_le(mem, 131031bv64) == 0bv8);
  free ensures (memory_load8_le(mem, 131032bv64) == 20bv8);
  free ensures (memory_load8_le(mem, 131033bv64) == 9bv8);
  free ensures (memory_load8_le(mem, 131034bv64) == 0bv8);
  free ensures (memory_load8_le(mem, 131035bv64) == 0bv8);
  free ensures (memory_load8_le(mem, 131036bv64) == 0bv8);
  free ensures (memory_load8_le(mem, 131037bv64) == 0bv8);
  free ensures (memory_load8_le(mem, 131038bv64) == 0bv8);
  free ensures (memory_load8_le(mem, 131039bv64) == 0bv8);
  free ensures (memory_load8_le(mem, 131160bv64) == 88bv8);
  free ensures (memory_load8_le(mem, 131161bv64) == 0bv8);
  free ensures (memory_load8_le(mem, 131162bv64) == 2bv8);
  free ensures (memory_load8_le(mem, 131163bv64) == 0bv8);
  free ensures (memory_load8_le(mem, 131164bv64) == 0bv8);
  free ensures (memory_load8_le(mem, 131165bv64) == 0bv8);
  free ensures (memory_load8_le(mem, 131166bv64) == 0bv8);
  free ensures (memory_load8_le(mem, 131167bv64) == 0bv8);
  free ensures (memory_load8_le(mem, 130496bv64) == 192bv8);
  free ensures (memory_load8_le(mem, 130497bv64) == 8bv8);
  free ensures (memory_load8_le(mem, 130498bv64) == 0bv8);
  free ensures (memory_load8_le(mem, 130499bv64) == 0bv8);
  free ensures (memory_load8_le(mem, 130500bv64) == 0bv8);
  free ensures (memory_load8_le(mem, 130501bv64) == 0bv8);
  free ensures (memory_load8_le(mem, 130502bv64) == 0bv8);
  free ensures (memory_load8_le(mem, 130503bv64) == 0bv8);
