var {:extern} Gamma_mem: [bv64]bool;
var {:extern} Gamma_stack: [bv64]bool;
var {:extern} mem: [bv64]bv8;
var {:extern} stack: [bv64]bv8;
function {:extern} {:bvbuiltin "bvadd"} bvadd64(bv64, bv64) returns (bv64);
function {:extern} {:bvbuiltin "bvlshr"} bvlshr32(bv32, bv32) returns (bv32);
function {:extern} {:bvbuiltin "bvmul"} bvmul64(bv64, bv64) returns (bv64);
function {:extern} {:bvbuiltin "bvsub"} bvsub64(bv64, bv64) returns (bv64);
function {:extern} {:bvbuiltin "bvule"} bvule64(bv64, bv64) returns (bool);
function {:extern} {:bvbuiltin "bvult"} bvult64(bv64, bv64) returns (bool);
function {:inline} byte_extract32_64(value: bv32, offset: bv64) returns (bv8) {
  bvlshr32(value,bvmul64(offset,8bv64)[32:0])[8:0]
}

function {:extern} gamma_load32(gammaMap: [bv64]bool, index: bv64) returns (bool) {
  (gammaMap[bvadd64(index, 3bv64)] && (gammaMap[bvadd64(index, 2bv64)] && (gammaMap[bvadd64(index, 1bv64)] && gammaMap[index])))
}

function {:extern} gamma_store32(gammaMap: [bv64]bool, index: bv64, value: bool) returns ([bv64]bool) {
  (lambda i: bv64 :: ((if in_bounds64_le(index, 4bv64, i) then value else gammaMap[i])))
}

function {:inline} in_bounds64_le(base: bv64, len: bv64, i: bv64) returns (bool) {
  (if bvule64(base, bvadd64(base, len)) then (bvule64(base, i) && bvult64(i, bvadd64(base, len))) else (bvule64(base, i) || bvult64(i, bvadd64(base, len))))
}

function {:extern} memory_load32_le(memory: [bv64]bv8, index: bv64) returns (bv32) {
  (memory[bvadd64(index, 3bv64)] ++ (memory[bvadd64(index, 2bv64)] ++ (memory[bvadd64(index, 1bv64)] ++ memory[index])))
}

function {:extern} memory_load64_le(memory: [bv64]bv8, index: bv64) returns (bv64) {
  (memory[bvadd64(index, 7bv64)] ++ (memory[bvadd64(index, 6bv64)] ++ (memory[bvadd64(index, 5bv64)] ++ (memory[bvadd64(index, 4bv64)] ++ (memory[bvadd64(index, 3bv64)] ++ (memory[bvadd64(index, 2bv64)] ++ (memory[bvadd64(index, 1bv64)] ++ memory[index])))))))
}

function {:extern} memory_load8_le(memory: [bv64]bv8, index: bv64) returns (bv8) {
  memory[index]
}

function {:extern} memory_store32_le(memory: [bv64]bv8, index: bv64, value: bv32) returns ([bv64]bv8) {
  (lambda i: bv64 :: ((if in_bounds64_le(index, 4bv64, i) then byte_extract32_64(value, bvsub64(i, index)) else memory[i])))
}

procedure {:extern} rely();
  modifies Gamma_mem, mem;
  ensures (mem == old(mem));
  ensures (Gamma_mem == old(Gamma_mem));
  free ensures (memory_load8_le(mem, 1880bv64) == 1bv8);
  free ensures (memory_load8_le(mem, 1881bv64) == 0bv8);
  free ensures (memory_load8_le(mem, 1882bv64) == 2bv8);
  free ensures (memory_load8_le(mem, 1883bv64) == 0bv8);
  free ensures (memory_load64_le(mem, 69016bv64) == 1808bv64);
  free ensures (memory_load64_le(mem, 69024bv64) == 1728bv64);
  free ensures (memory_load64_le(mem, 69616bv64) == 1812bv64);
  free ensures (memory_load64_le(mem, 69640bv64) == 69640bv64);

procedure {:extern} rely_transitive();
  modifies Gamma_mem, mem;
  ensures (mem == old(mem));
  ensures (Gamma_mem == old(Gamma_mem));

implementation {:extern} rely_transitive()
{
  call rely();
  call rely();
}

procedure {:extern} rely_reflexive();

procedure {:extern} guarantee_reflexive();
  modifies Gamma_mem, mem;

procedure main(R0_in: bv64, Gamma_R0_in: bool, R31_in: bv64, Gamma_R31_in: bool) returns (R0_out: bv64, Gamma_R0_out: bool, R31_out: bv64, Gamma_R31_out: bool);
  modifies Gamma_stack, stack;
  free requires (memory_load64_le(mem, 69632bv64) == 0bv64);
  free requires (memory_load64_le(mem, 69640bv64) == 69640bv64);
  free requires (memory_load8_le(mem, 1880bv64) == 1bv8);
  free requires (memory_load8_le(mem, 1881bv64) == 0bv8);
  free requires (memory_load8_le(mem, 1882bv64) == 2bv8);
  free requires (memory_load8_le(mem, 1883bv64) == 0bv8);
  free requires (memory_load64_le(mem, 69016bv64) == 1808bv64);
  free requires (memory_load64_le(mem, 69024bv64) == 1728bv64);
  free requires (memory_load64_le(mem, 69616bv64) == 1812bv64);
  free requires (memory_load64_le(mem, 69640bv64) == 69640bv64);
  free ensures (memory_load8_le(mem, 1880bv64) == 1bv8);
  free ensures (memory_load8_le(mem, 1881bv64) == 0bv8);
  free ensures (memory_load8_le(mem, 1882bv64) == 2bv8);
  free ensures (memory_load8_le(mem, 1883bv64) == 0bv8);
  free ensures (memory_load64_le(mem, 69016bv64) == 1808bv64);
  free ensures (memory_load64_le(mem, 69024bv64) == 1728bv64);
  free ensures (memory_load64_le(mem, 69616bv64) == 1812bv64);
  free ensures (memory_load64_le(mem, 69640bv64) == 69640bv64);

implementation main(R0_in: bv64, Gamma_R0_in: bool, R31_in: bv64, Gamma_R31_in: bool) returns (R0_out: bv64, Gamma_R0_out: bool, R31_out: bv64, Gamma_R31_out: bool)
{
  var Gamma_R0_2: bool;
  var Gamma_R0_3: bool;
  var R0_2: bv32;
  var R0_3: bv32;
  lmain:
    stack, Gamma_stack := memory_store32_le(stack, bvadd64(R31_in, 18446744073709551596bv64), R0_in[32:0]), gamma_store32(Gamma_stack, bvadd64(R31_in, 18446744073709551596bv64), Gamma_R0_in);
    R0_2, Gamma_R0_2 := memory_load32_le(stack, bvadd64(R31_in, 18446744073709551596bv64)), gamma_load32(Gamma_stack, bvadd64(R31_in, 18446744073709551596bv64));
    stack, Gamma_stack := memory_store32_le(stack, bvadd64(R31_in, 18446744073709551612bv64), R0_2), gamma_store32(Gamma_stack, bvadd64(R31_in, 18446744073709551612bv64), Gamma_R0_2);
    R0_3, Gamma_R0_3 := memory_load32_le(stack, bvadd64(R31_in, 18446744073709551612bv64)), gamma_load32(Gamma_stack, bvadd64(R31_in, 18446744073709551612bv64));
    assert Gamma_R0_3;
    goto lmain_goto_l00000318, lmain_goto_l0000032d;
  lmain_goto_l0000032d:
    assume (R0_3 == 0bv32);
    stack, Gamma_stack := memory_store32_le(stack, bvadd64(R31_in, 18446744073709551612bv64), 1bv32), gamma_store32(Gamma_stack, bvadd64(R31_in, 18446744073709551612bv64), true);
    goto l00000318;
  lmain_goto_l00000318:
    assume (!(R0_3 == 0bv32));
    goto l00000318;
  l00000318:
    goto main_basil_return;
  main_basil_return:
    R0_out, R31_out := 0bv64, R31_in;
    Gamma_R0_out, Gamma_R31_out := true, Gamma_R31_in;
    return;
}

