Procedure("1584:__cxa_finalize", in(), out(Parameter(Register(R0, bv64))), blocks(
)),
Procedure("1856:__do_global_dtors_aux", in(), out(Parameter(Register(R0, bv64))), blocks(
  Block("1856:l__do_global_dtors_aux",
    statements(
      LocalAssign(LocalVar(#3, bv64) := BinaryExpr("add", Register(R31, bv64), 18446744073709551584bv64))
      MemoryAssign(MemoryStore(Memory("mem", 64, 8)[LocalVar(#3, bv64)] := Register(R29, bv64)))
      MemoryAssign(MemoryStore(Memory("mem", 64, 8)[BinaryExpr("add", LocalVar(#3, bv64), 8bv64)] := Register(R30, bv64)))
      LocalAssign(Register(R31, bv64) := LocalVar(#3, bv64))
      LocalAssign(Register(R29, bv64) := Register(R31, bv64))
      MemoryAssign(MemoryStore(Memory("mem", 64, 8)[BinaryExpr("add", Register(R31, bv64), 16bv64)] := Register(R19, bv64)))
      LocalAssign(Register(R19, bv64) := 69632bv64)
      LocalAssign(Register(R0, bv64) := ZeroExtend(MemoryLoad(Memory("mem", 64, 8), [BinaryExpr("add", Register(R19, bv64), 72bv64)]), 56))
    ),
    jumps(
      GoTo("1916:l000002d9", condition(BinaryExpr("!=", UnaryExpr("not", BinaryExpr("comp", Extract(Register(R0, bv64)[32:0]), 0bv32)), 0bv1)))
      GoTo("1880:l000003a6", condition())
    )
  )
  Block("1880:l000003a6",
    statements(
      LocalAssign(Register(R0, bv64) := 65536bv64)
      LocalAssign(Register(R0, bv64) := MemoryLoad(Memory("mem", 64, 8), [BinaryExpr("add", Register(R0, bv64), 4008bv64)]))
    ),
    jumps(
      GoTo("1904:l000003b4", condition(BinaryExpr("!=", BinaryExpr("comp", Register(R0, bv64), 0bv64), 0bv1)))
      GoTo("1892:l000003cd", condition())
    )
  )
  Block("1892:l000003cd",
    statements(
      LocalAssign(Register(R0, bv64) := 69632bv64)
      LocalAssign(Register(R0, bv64) := MemoryLoad(Memory("mem", 64, 8), [BinaryExpr("add", Register(R0, bv64), 40bv64)]))
      LocalAssign(Register(R30, bv64) := 1904bv64)
    ),
    jumps(
      DirectCall("1584:__cxa_finalize", condition())
    )
  )
  Block("1904:l000003b4",
    statements(
      LocalAssign(Register(R30, bv64) := 1908bv64)
    ),
    jumps(
      DirectCall("1744:deregister_tm_clones", condition())
    )
  )
  Block("1908:l000003c0",
    statements(
      LocalAssign(Register(R0, bv64) := 1bv64)
      MemoryAssign(MemoryStore(Memory("mem", 64, 8)[BinaryExpr("add", Register(R19, bv64), 72bv64)] := Extract(Register(R0, bv64)[8:0])))
    ),
    jumps(
      GoTo("1916:l000002d9", condition())
    )
  )
  Block("1916:l000002d9",
    statements(
      LocalAssign(Register(R19, bv64) := MemoryLoad(Memory("mem", 64, 8), [BinaryExpr("add", Register(R31, bv64), 16bv64)]))
      LocalAssign(Register(R29, bv64) := MemoryLoad(Memory("mem", 64, 8), [Register(R31, bv64)]))
      LocalAssign(Register(R30, bv64) := MemoryLoad(Memory("mem", 64, 8), [BinaryExpr("add", Register(R31, bv64), 8bv64)]))
      LocalAssign(Register(R31, bv64) := BinaryExpr("add", Register(R31, bv64), 32bv64))
    ),
    jumps(
      IndirectCall(Register(R30, bv64), condition())
    )
  )
)),
Procedure("1568:__libc_start_main", in(Parameter(Register(R0, bv64)), Parameter(Register(R1, bv64)), Parameter(Register(R2, bv64)), Parameter(Register(R3, bv64))), out(Parameter(Register(R2, bv64)), Parameter(Register(R3, bv64)), Parameter(Register(R0, bv64))), blocks(
  Block("1568:l__libc_start_main",
    statements(
      LocalAssign(Register(R16, bv64) := 69632bv64)
      LocalAssign(Register(R17, bv64) := MemoryLoad(Memory("mem", 64, 8), [Register(R16, bv64)]))
      LocalAssign(Register(R16, bv64) := Register(R16, bv64))
    ),
    jumps(
      IndirectCall(Register(R17, bv64), condition())
    )
  )
)),
Procedure("2028:_fini", in(), out(Parameter(Register(R0, bv64))), blocks(
  Block("2028:l_fini",
    statements(
      LocalAssign(LocalVar(#0, bv64) := BinaryExpr("add", Register(R31, bv64), 18446744073709551600bv64))
      MemoryAssign(MemoryStore(Memory("mem", 64, 8)[LocalVar(#0, bv64)] := Register(R29, bv64)))
      MemoryAssign(MemoryStore(Memory("mem", 64, 8)[BinaryExpr("add", LocalVar(#0, bv64), 8bv64)] := Register(R30, bv64)))
      LocalAssign(Register(R31, bv64) := LocalVar(#0, bv64))
      LocalAssign(Register(R29, bv64) := Register(R31, bv64))
      LocalAssign(Register(R29, bv64) := MemoryLoad(Memory("mem", 64, 8), [Register(R31, bv64)]))
      LocalAssign(Register(R30, bv64) := MemoryLoad(Memory("mem", 64, 8), [BinaryExpr("add", Register(R31, bv64), 8bv64)]))
      LocalAssign(Register(R31, bv64) := BinaryExpr("add", Register(R31, bv64), 16bv64))
    ),
    jumps(
      IndirectCall(Register(R30, bv64), condition())
    )
  )
)),
Procedure("1504:_init", in(), out(Parameter(Register(R0, bv64))), blocks(
  Block("1504:l_init",
    statements(
      LocalAssign(LocalVar(#6, bv64) := BinaryExpr("add", Register(R31, bv64), 18446744073709551600bv64))
      MemoryAssign(MemoryStore(Memory("mem", 64, 8)[LocalVar(#6, bv64)] := Register(R29, bv64)))
      MemoryAssign(MemoryStore(Memory("mem", 64, 8)[BinaryExpr("add", LocalVar(#6, bv64), 8bv64)] := Register(R30, bv64)))
      LocalAssign(Register(R31, bv64) := LocalVar(#6, bv64))
      LocalAssign(Register(R29, bv64) := Register(R31, bv64))
      LocalAssign(Register(R30, bv64) := 1520bv64)
    ),
    jumps(
      DirectCall("1716:call_weak_fn", condition())
    )
  )
  Block("1520:l00000554",
    statements(
      LocalAssign(Register(R29, bv64) := MemoryLoad(Memory("mem", 64, 8), [Register(R31, bv64)]))
      LocalAssign(Register(R30, bv64) := MemoryLoad(Memory("mem", 64, 8), [BinaryExpr("add", Register(R31, bv64), 8bv64)]))
      LocalAssign(Register(R31, bv64) := BinaryExpr("add", Register(R31, bv64), 16bv64))
    ),
    jumps(
      IndirectCall(Register(R30, bv64), condition())
    )
  )
)),
Procedure("1664:_start", in(), out(Parameter(Register(R0, bv64))), blocks(
  Block("1664:l_start",
    statements(
      LocalAssign(Register(R29, bv64) := 0bv64)
      LocalAssign(Register(R30, bv64) := 0bv64)
      LocalAssign(Register(R5, bv64) := Register(R0, bv64))
      LocalAssign(Register(R1, bv64) := MemoryLoad(Memory("mem", 64, 8), [Register(R31, bv64)]))
      LocalAssign(Register(R2, bv64) := BinaryExpr("add", Register(R31, bv64), 8bv64))
      LocalAssign(Register(R6, bv64) := Register(R31, bv64))
      LocalAssign(Register(R0, bv64) := 65536bv64)
      LocalAssign(Register(R0, bv64) := MemoryLoad(Memory("mem", 64, 8), [BinaryExpr("add", Register(R0, bv64), 4056bv64)]))
      LocalAssign(Register(R3, bv64) := 0bv64)
      LocalAssign(Register(R4, bv64) := 0bv64)
      LocalAssign(Register(R30, bv64) := 1712bv64)
    ),
    jumps(
      DirectCall("1568:__libc_start_main", condition())
    )
  )
  Block("1712:l00000203",
    statements(
      LocalAssign(Register(R30, bv64) := 1716bv64)
    ),
    jumps(
      DirectCall("1616:abort", condition())
    )
  )
  Block("?:l000005f5",
    statements(
    ),
    jumps(
      DirectCall("1716:call_weak_fn", condition())
    )
  )
)),
Procedure("1616:abort", in(), out(), blocks(
)),
Procedure("1716:call_weak_fn", in(), out(Parameter(Register(R0, bv64))), blocks(
  Block("1716:lcall_weak_fn",
    statements(
      LocalAssign(Register(R0, bv64) := 65536bv64)
      LocalAssign(Register(R0, bv64) := MemoryLoad(Memory("mem", 64, 8), [BinaryExpr("add", Register(R0, bv64), 4032bv64)]))
    ),
    jumps(
      GoTo("1732:l00000219", condition(BinaryExpr("!=", BinaryExpr("comp", Register(R0, bv64), 0bv64), 0bv1)))
      GoTo("1728:l0000041d", condition())
    )
  )
  Block("1732:l00000219",
    statements(
    ),
    jumps(
      IndirectCall(Register(R30, bv64), condition())
    )
  )
  Block("1728:l0000041d",
    statements(
    ),
    jumps(
      GoTo("1600:l__gmon_start__", condition())
    )
  )
  Block("1600:l__gmon_start__",
    statements(
      LocalAssign(Register(R16, bv64) := 69632bv64)
      LocalAssign(Register(R17, bv64) := MemoryLoad(Memory("mem", 64, 8), [BinaryExpr("add", Register(R16, bv64), 16bv64)]))
      LocalAssign(Register(R16, bv64) := BinaryExpr("add", Register(R16, bv64), 16bv64))
    ),
    jumps(
      IndirectCall(Register(R17, bv64), condition())
    )
  )
)),
Procedure("1744:deregister_tm_clones", in(), out(Parameter(Register(R0, bv64))), blocks(
  Block("1744:lderegister_tm_clones",
    statements(
      LocalAssign(Register(R0, bv64) := 69632bv64)
      LocalAssign(Register(R0, bv64) := BinaryExpr("add", Register(R0, bv64), 72bv64))
      LocalAssign(Register(R1, bv64) := 69632bv64)
      LocalAssign(Register(R1, bv64) := BinaryExpr("add", Register(R1, bv64), 72bv64))
      LocalAssign(LocalVar(#1, bv64) := UnaryExpr("not", Register(R0, bv64)))
      LocalAssign(LocalVar(#2, bv64) := BinaryExpr("add", Register(R1, bv64), UnaryExpr("not", Register(R0, bv64))))
      LocalAssign(LocalVar(VF, bv1) := UnaryExpr("not", BinaryExpr("comp", SignExtend(BinaryExpr("add", LocalVar(#2, bv64), 1bv64), 1), BinaryExpr("add", BinaryExpr("add", SignExtend(Register(R1, bv64), 1), SignExtend(LocalVar(#1, bv64), 1)), 1bv65))))
      LocalAssign(LocalVar(CF, bv1) := UnaryExpr("not", BinaryExpr("comp", ZeroExtend(BinaryExpr("add", LocalVar(#2, bv64), 1bv64), 1), BinaryExpr("add", BinaryExpr("add", ZeroExtend(Register(R1, bv64), 1), ZeroExtend(LocalVar(#1, bv64), 1)), 1bv65))))
      LocalAssign(LocalVar(ZF, bv1) := BinaryExpr("comp", BinaryExpr("add", LocalVar(#2, bv64), 1bv64), 0bv64))
      LocalAssign(LocalVar(NF, bv1) := Extract(BinaryExpr("add", LocalVar(#2, bv64), 1bv64)[64:63]))
    ),
    jumps(
      GoTo("1788:l0000025e", condition(BinaryExpr("!=", BinaryExpr("comp", LocalVar(ZF, bv1), 1bv1), 0bv1)))
      GoTo("1768:l000003ff", condition())
    )
  )
  Block("1768:l000003ff",
    statements(
      LocalAssign(Register(R1, bv64) := 65536bv64)
      LocalAssign(Register(R1, bv64) := MemoryLoad(Memory("mem", 64, 8), [BinaryExpr("add", Register(R1, bv64), 4000bv64)]))
    ),
    jumps(
      GoTo("1788:l0000025e", condition(BinaryExpr("!=", BinaryExpr("comp", Register(R1, bv64), 0bv64), 0bv1)))
      GoTo("1780:l00000412", condition())
    )
  )
  Block("1788:l0000025e",
    statements(
    ),
    jumps(
      IndirectCall(Register(R30, bv64), condition())
    )
  )
  Block("1780:l00000412",
    statements(
      LocalAssign(Register(R16, bv64) := Register(R1, bv64))
    ),
    jumps(
      IndirectCall(Register(R16, bv64), condition())
    )
  )
)),
Procedure("1936:frame_dummy", in(), out(Parameter(Register(R0, bv64))), blocks(
  Block("1936:lframe_dummy",
    statements(
    ),
    jumps(
      DirectCall("1792:register_tm_clones", condition())
    )
  )
)),
Procedure("1940:main", in(Parameter(Register(R0, bv64)), Parameter(Register(R1, bv64))), out(Parameter(Register(R1, bv64)), Parameter(Register(R0, bv64))), blocks(
  Block("1940:lmain",
    statements(
      LocalAssign(Register(R9, bv64) := 65536bv64)
      LocalAssign(Register(R9, bv64) := MemoryLoad(Memory("mem", 64, 8), [BinaryExpr("add", Register(R9, bv64), 4040bv64)]))
      LocalAssign(Register(R10, bv64) := 65536bv64)
      LocalAssign(Register(R10, bv64) := MemoryLoad(Memory("mem", 64, 8), [BinaryExpr("add", Register(R10, bv64), 4024bv64)]))
      LocalAssign(Register(R8, bv64) := ZeroExtend(MemoryLoad(Memory("mem", 64, 8), [Register(R10, bv64)]), 32))
      LocalAssign(Register(R8, bv64) := ZeroExtend(BinaryExpr("add", Extract(Register(R8, bv64)[32:0]), 1bv32), 32))
      MemoryAssign(MemoryStore(Memory("mem", 64, 8)[Register(R10, bv64)] := Extract(Register(R8, bv64)[32:0])))
      LocalAssign(Register(R10, bv64) := 65536bv64)
      LocalAssign(Register(R10, bv64) := MemoryLoad(Memory("mem", 64, 8), [BinaryExpr("add", Register(R10, bv64), 4016bv64)]))
      LocalAssign(Register(R8, bv64) := MemoryLoad(Memory("mem", 64, 8), [Register(R10, bv64)]))
      LocalAssign(LocalVar(#4, bv64) := BinaryExpr("add", Register(R8, bv64), 18446744073709551614bv64))
      LocalAssign(LocalVar(VF, bv1) := UnaryExpr("not", BinaryExpr("comp", SignExtend(BinaryExpr("add", LocalVar(#4, bv64), 1bv64), 1), BinaryExpr("add", SignExtend(Register(R8, bv64), 1), 36893488147419103231bv65))))
      LocalAssign(LocalVar(CF, bv1) := UnaryExpr("not", BinaryExpr("comp", ZeroExtend(BinaryExpr("add", LocalVar(#4, bv64), 1bv64), 1), BinaryExpr("add", ZeroExtend(Register(R8, bv64), 1), 18446744073709551615bv65))))
      LocalAssign(LocalVar(ZF, bv1) := BinaryExpr("comp", BinaryExpr("add", LocalVar(#4, bv64), 1bv64), 0bv64))
      LocalAssign(LocalVar(NF, bv1) := Extract(BinaryExpr("add", LocalVar(#4, bv64), 1bv64)[64:63]))
      LocalAssign(Register(R8, bv64) := BinaryExpr("add", LocalVar(#4, bv64), 1bv64))
      MemoryAssign(MemoryStore(Memory("mem", 64, 8)[Register(R10, bv64)] := Register(R8, bv64)))
      LocalAssign(Register(R8, bv64) := ZeroExtend(MemoryLoad(Memory("mem", 64, 8), [Register(R9, bv64)]), 32))
      LocalAssign(Register(R8, bv64) := ZeroExtend(BinaryExpr("add", Extract(Register(R8, bv64)[32:0]), 3bv32), 32))
      MemoryAssign(MemoryStore(Memory("mem", 64, 8)[BinaryExpr("add", Register(R9, bv64), 4bv64)] := Extract(Register(R8, bv64)[32:0])))
      LocalAssign(Register(R9, bv64) := 65536bv64)
      LocalAssign(Register(R9, bv64) := MemoryLoad(Memory("mem", 64, 8), [BinaryExpr("add", Register(R9, bv64), 4048bv64)]))
      LocalAssign(Register(R8, bv64) := ZeroExtend(MemoryLoad(Memory("mem", 64, 8), [Register(R9, bv64)]), 56))
      LocalAssign(Register(R8, bv64) := ZeroExtend(BinaryExpr("add", Extract(Register(R8, bv64)[32:0]), 1bv32), 32))
      MemoryAssign(MemoryStore(Memory("mem", 64, 8)[Register(R9, bv64)] := Extract(Register(R8, bv64)[8:0])))
      LocalAssign(Register(R0, bv64) := 0bv64)
    ),
    jumps(
      IndirectCall(Register(R30, bv64), condition())
    )
  )
)),
Procedure("1792:register_tm_clones", in(), out(Parameter(Register(R0, bv64))), blocks(
  Block("1792:lregister_tm_clones",
    statements(
      LocalAssign(Register(R0, bv64) := 69632bv64)
      LocalAssign(Register(R0, bv64) := BinaryExpr("add", Register(R0, bv64), 72bv64))
      LocalAssign(Register(R1, bv64) := 69632bv64)
      LocalAssign(Register(R1, bv64) := BinaryExpr("add", Register(R1, bv64), 72bv64))
      LocalAssign(Register(R1, bv64) := BinaryExpr("add", BinaryExpr("add", Register(R1, bv64), UnaryExpr("not", Register(R0, bv64))), 1bv64))
      LocalAssign(Register(R2, bv64) := BinaryExpr("++", 0bv63, Extract(Register(R1, bv64)[64:63])))
      LocalAssign(Register(R1, bv64) := BinaryExpr("add", Register(R2, bv64), BinaryExpr("ashr", Register(R1, bv64), ZeroExtend(3bv3, 61))))
      LocalAssign(Register(R1, bv64) := SignExtend(Extract(Register(R1, bv64)[64:1]), 1))
    ),
    jumps(
      GoTo("1848:l0000029a", condition(BinaryExpr("!=", BinaryExpr("comp", Register(R1, bv64), 0bv64), 0bv1)))
      GoTo("1828:l000003e1", condition())
    )
  )
  Block("1828:l000003e1",
    statements(
      LocalAssign(Register(R2, bv64) := 65536bv64)
      LocalAssign(Register(R2, bv64) := MemoryLoad(Memory("mem", 64, 8), [BinaryExpr("add", Register(R2, bv64), 4064bv64)]))
    ),
    jumps(
      GoTo("1848:l0000029a", condition(BinaryExpr("!=", BinaryExpr("comp", Register(R2, bv64), 0bv64), 0bv1)))
      GoTo("1840:l000003f4", condition())
    )
  )
  Block("1848:l0000029a",
    statements(
    ),
    jumps(
      IndirectCall(Register(R30, bv64), condition())
    )
  )
  Block("1840:l000003f4",
    statements(
      LocalAssign(Register(R16, bv64) := Register(R2, bv64))
    ),
    jumps(
      IndirectCall(Register(R16, bv64), condition())
    )
  )
)),
