var {:extern} Gamma_mem: [bv64]bool;
var {:extern} mem: [bv64]bv8;
const {:extern} $x_addr: bv64;
axiom ($x_addr == 69656bv64);
const {:extern} $z_addr: bv64;
axiom ($z_addr == 69652bv64);
function {:extern} L(memory: [bv64]bv8, index: bv64) returns (bool) {
  (if (index == $z_addr) then true else (if (index == $x_addr) then (memory_load32_le(memory, $z_addr) == 0bv32) else false))
}

function {:extern} {:bvbuiltin "bvadd"} bvadd64(bv64, bv64) returns (bv64);
function {:extern} gamma_load32(gammaMap: [bv64]bool, index: bv64) returns (bool) {
  (gammaMap[bvadd64(index, 3bv64)] && (gammaMap[bvadd64(index, 2bv64)] && (gammaMap[bvadd64(index, 1bv64)] && gammaMap[index])))
}

function {:extern} memory_load32_le(memory: [bv64]bv8, index: bv64) returns (bv32) {
  (memory[bvadd64(index, 3bv64)] ++ (memory[bvadd64(index, 2bv64)] ++ (memory[bvadd64(index, 1bv64)] ++ memory[index])))
}

function {:extern} memory_load64_le(memory: [bv64]bv8, index: bv64) returns (bv64) {
  (memory[bvadd64(index, 7bv64)] ++ (memory[bvadd64(index, 6bv64)] ++ (memory[bvadd64(index, 5bv64)] ++ (memory[bvadd64(index, 4bv64)] ++ (memory[bvadd64(index, 3bv64)] ++ (memory[bvadd64(index, 2bv64)] ++ (memory[bvadd64(index, 1bv64)] ++ memory[index])))))))
}

function {:extern} memory_load8_le(memory: [bv64]bv8, index: bv64) returns (bv8) {
  memory[index]
}

function {:extern} {:bvbuiltin "zero_extend 32"} zero_extend32_32(bv32) returns (bv64);
procedure {:extern} rely();
  modifies Gamma_mem, mem;
  ensures (forall i: bv64 :: (((mem[i] == old(mem[i])) ==> (Gamma_mem[i] == old(Gamma_mem[i])))));
  ensures ((old(memory_load32_le(mem, $z_addr)) != 0bv32) ==> (memory_load32_le(mem, $z_addr) != 0bv32));
  free ensures (memory_load8_le(mem, 1896bv64) == 1bv8);
  free ensures (memory_load8_le(mem, 1897bv64) == 0bv8);
  free ensures (memory_load8_le(mem, 1898bv64) == 2bv8);
  free ensures (memory_load8_le(mem, 1899bv64) == 0bv8);
  free ensures (memory_load64_le(mem, 69016bv64) == 1872bv64);
  free ensures (memory_load64_le(mem, 69024bv64) == 1792bv64);
  free ensures (memory_load64_le(mem, 69616bv64) == 1536bv64);
  free ensures (memory_load64_le(mem, 69640bv64) == 69640bv64);

procedure {:extern} rely_transitive();
  modifies Gamma_mem, mem;
  ensures ((old(memory_load32_le(mem, $z_addr)) != 0bv32) ==> (memory_load32_le(mem, $z_addr) != 0bv32));

implementation {:extern} rely_transitive()
{
  call rely();
  call rely();
}

procedure {:extern} rely_reflexive();

implementation {:extern} rely_reflexive()
{
  assert ((memory_load32_le(mem, $z_addr) != 0bv32) ==> (memory_load32_le(mem, $z_addr) != 0bv32));
}

procedure {:extern} guarantee_reflexive();
  modifies Gamma_mem, mem;

implementation {:extern} guarantee_reflexive()
{
  assert (memory_load32_le(mem, $z_addr) == memory_load32_le(mem, $z_addr));
}

procedure main(R1_in: bv64, Gamma_R1_in: bool, R2_in: bv64, Gamma_R2_in: bool) returns (R0_out: bv64, Gamma_R0_out: bool, R1_out: bv64, Gamma_R1_out: bool, R2_out: bv64, Gamma_R2_out: bool);
  modifies Gamma_mem, mem;
  free requires (memory_load64_le(mem, 69632bv64) == 0bv64);
  free requires (memory_load64_le(mem, 69640bv64) == 69640bv64);
  free requires (memory_load8_le(mem, 1896bv64) == 1bv8);
  free requires (memory_load8_le(mem, 1897bv64) == 0bv8);
  free requires (memory_load8_le(mem, 1898bv64) == 2bv8);
  free requires (memory_load8_le(mem, 1899bv64) == 0bv8);
  free requires (memory_load64_le(mem, 69016bv64) == 1872bv64);
  free requires (memory_load64_le(mem, 69024bv64) == 1792bv64);
  free requires (memory_load64_le(mem, 69616bv64) == 1536bv64);
  free requires (memory_load64_le(mem, 69640bv64) == 69640bv64);
  free ensures (memory_load8_le(mem, 1896bv64) == 1bv8);
  free ensures (memory_load8_le(mem, 1897bv64) == 0bv8);
  free ensures (memory_load8_le(mem, 1898bv64) == 2bv8);
  free ensures (memory_load8_le(mem, 1899bv64) == 0bv8);
  free ensures (memory_load64_le(mem, 69016bv64) == 1872bv64);
  free ensures (memory_load64_le(mem, 69024bv64) == 1792bv64);
  free ensures (memory_load64_le(mem, 69616bv64) == 1536bv64);
  free ensures (memory_load64_le(mem, 69640bv64) == 69640bv64);

implementation main(R1_in: bv64, Gamma_R1_in: bool, R2_in: bv64, Gamma_R2_in: bool) returns (R0_out: bv64, Gamma_R0_out: bool, R1_out: bv64, Gamma_R1_out: bool, R2_out: bv64, Gamma_R2_out: bool)
{
  var Gamma_R0_2: bool;
  var Gamma_R0_4: bool;
  var Gamma_R1_3: bool;
  var R0_2: bv64;
  var R0_4: bv64;
  var R1_3: bv64;
  lmain:
    call rely();
    R1_3, Gamma_R1_3 := zero_extend32_32(memory_load32_le(mem, 69652bv64)), (gamma_load32(Gamma_mem, 69652bv64) || L(mem, 69652bv64));
    assert Gamma_R1_3;
    goto lmain_goto_l000001c2, lmain_goto_l0000039c;
  lmain_goto_l0000039c:
    assume (R1_3[32:0] == 0bv32);
    call rely();
    R0_2, Gamma_R0_2 := zero_extend32_32(memory_load32_le(mem, 69656bv64)), (gamma_load32(Gamma_mem, 69656bv64) || L(mem, 69656bv64));
    R0_4, Gamma_R0_4 := R0_2, Gamma_R0_2;
    goto l000001c2;
  lmain_goto_l000001c2:
    assume (!(R1_3[32:0] == 0bv32));
    R0_4, Gamma_R0_4 := 0bv64, true;
    goto l000001c2;
  l000001c2:
    goto main_basil_return;
  main_basil_return:
    R0_out, R1_out, R2_out := R0_4, R1_3, 69652bv64;
    Gamma_R0_out, Gamma_R1_out, Gamma_R2_out := Gamma_R0_4, Gamma_R1_3, true;
    return;
}

