var {:extern} Gamma_R0: bool;
var {:extern} Gamma_R10: bool;
var {:extern} Gamma_R8: bool;
var {:extern} Gamma_R9: bool;
var {:extern} Gamma_mem: [bv64]bool;
var {:extern} R0: bv64;
var {:extern} R10: bv64;
var {:extern} R8: bv64;
var {:extern} R9: bv64;
var {:extern} mem: [bv64]bv8;
const {:extern} $_IO_stdin_used_addr: bv64;
axiom ($_IO_stdin_used_addr == 2032bv64);
const {:extern} $secret_addr: bv64;
axiom ($secret_addr == 131128bv64);
const {:extern} $x_addr: bv64;
axiom ($x_addr == 131132bv64);
const {:extern} $z_addr: bv64;
axiom ($z_addr == 131124bv64);
function {:extern} L(memory: [bv64]bv8, index: bv64) returns (bool) {
  false
}

function {:extern} {:bvbuiltin "bvadd"} bvadd32(bv32, bv32) returns (bv32);
function {:extern} {:bvbuiltin "bvadd"} bvadd64(bv64, bv64) returns (bv64);
function {:extern} gamma_load32(gammaMap: [bv64]bool, index: bv64) returns (bool) {
  (gammaMap[bvadd64(index, 3bv64)] && (gammaMap[bvadd64(index, 2bv64)] && (gammaMap[bvadd64(index, 1bv64)] && gammaMap[index])))
}

function {:extern} gamma_load64(gammaMap: [bv64]bool, index: bv64) returns (bool) {
  (gammaMap[bvadd64(index, 7bv64)] && (gammaMap[bvadd64(index, 6bv64)] && (gammaMap[bvadd64(index, 5bv64)] && (gammaMap[bvadd64(index, 4bv64)] && (gammaMap[bvadd64(index, 3bv64)] && (gammaMap[bvadd64(index, 2bv64)] && (gammaMap[bvadd64(index, 1bv64)] && gammaMap[index])))))))
}

function {:extern} gamma_store32(gammaMap: [bv64]bool, index: bv64, value: bool) returns ([bv64]bool) {
  gammaMap[index := value][bvadd64(index, 1bv64) := value][bvadd64(index, 2bv64) := value][bvadd64(index, 3bv64) := value]
}

function {:extern} memory_load32_le(memory: [bv64]bv8, index: bv64) returns (bv32) {
  (memory[bvadd64(index, 3bv64)] ++ (memory[bvadd64(index, 2bv64)] ++ (memory[bvadd64(index, 1bv64)] ++ memory[index])))
}

function {:extern} memory_load64_le(memory: [bv64]bv8, index: bv64) returns (bv64) {
  (memory[bvadd64(index, 7bv64)] ++ (memory[bvadd64(index, 6bv64)] ++ (memory[bvadd64(index, 5bv64)] ++ (memory[bvadd64(index, 4bv64)] ++ (memory[bvadd64(index, 3bv64)] ++ (memory[bvadd64(index, 2bv64)] ++ (memory[bvadd64(index, 1bv64)] ++ memory[index])))))))
}

function {:extern} memory_load8_le(memory: [bv64]bv8, index: bv64) returns (bv8) {
  memory[index]
}

function {:extern} memory_store32_le(memory: [bv64]bv8, index: bv64, value: bv32) returns ([bv64]bv8) {
  memory[index := value[8:0]][bvadd64(index, 1bv64) := value[16:8]][bvadd64(index, 2bv64) := value[24:16]][bvadd64(index, 3bv64) := value[32:24]]
}

function {:extern} {:bvbuiltin "zero_extend 32"} zero_extend32_32(bv32) returns (bv64);
procedure {:extern} rely();
  modifies Gamma_mem, mem;
  ensures (mem == old(mem));
  ensures (Gamma_mem == old(Gamma_mem));
  free ensures (memory_load8_le(mem, 2032bv64) == 1bv8);
  free ensures (memory_load8_le(mem, 2033bv64) == 0bv8);
  free ensures (memory_load8_le(mem, 2034bv64) == 2bv8);
  free ensures (memory_load8_le(mem, 2035bv64) == 0bv8);
  free ensures (memory_load64_le(mem, 131112bv64) == 131112bv64);
  free ensures (memory_load64_le(mem, 130472bv64) == 1856bv64);
  free ensures (memory_load64_le(mem, 131024bv64) == 131128bv64);
  free ensures (memory_load64_le(mem, 131032bv64) == 1940bv64);
  free ensures (memory_load64_le(mem, 131000bv64) == 131124bv64);
  free ensures (memory_load64_le(mem, 131008bv64) == 131132bv64);
  free ensures (memory_load64_le(mem, 130464bv64) == 1936bv64);

procedure {:extern} rely_transitive();
  modifies Gamma_mem, mem;
  ensures (mem == old(mem));
  ensures (Gamma_mem == old(Gamma_mem));

implementation {:extern} rely_transitive()
{
  call rely();
  call rely();
}

procedure {:extern} rely_reflexive();

procedure {:extern} guarantee_reflexive();
  modifies Gamma_mem, mem;

procedure main();
  modifies Gamma_R0, Gamma_R10, Gamma_R8, Gamma_R9, Gamma_mem, R0, R10, R8, R9, mem;
  free requires (memory_load64_le(mem, 131104bv64) == 0bv64);
  free requires (memory_load64_le(mem, 131112bv64) == 131112bv64);
  free requires (memory_load8_le(mem, 2032bv64) == 1bv8);
  free requires (memory_load8_le(mem, 2033bv64) == 0bv8);
  free requires (memory_load8_le(mem, 2034bv64) == 2bv8);
  free requires (memory_load8_le(mem, 2035bv64) == 0bv8);
  free requires (memory_load64_le(mem, 131112bv64) == 131112bv64);
  free requires (memory_load64_le(mem, 130472bv64) == 1856bv64);
  free requires (memory_load64_le(mem, 131024bv64) == 131128bv64);
  free requires (memory_load64_le(mem, 131032bv64) == 1940bv64);
  free requires (memory_load64_le(mem, 131000bv64) == 131124bv64);
  free requires (memory_load64_le(mem, 131008bv64) == 131132bv64);
  free requires (memory_load64_le(mem, 130464bv64) == 1936bv64);
  free ensures (memory_load8_le(mem, 2032bv64) == 1bv8);
  free ensures (memory_load8_le(mem, 2033bv64) == 0bv8);
  free ensures (memory_load8_le(mem, 2034bv64) == 2bv8);
  free ensures (memory_load8_le(mem, 2035bv64) == 0bv8);
  free ensures (memory_load64_le(mem, 131112bv64) == 131112bv64);
  free ensures (memory_load64_le(mem, 130472bv64) == 1856bv64);
  free ensures (memory_load64_le(mem, 131024bv64) == 131128bv64);
  free ensures (memory_load64_le(mem, 131032bv64) == 1940bv64);
  free ensures (memory_load64_le(mem, 131000bv64) == 131124bv64);
  free ensures (memory_load64_le(mem, 131008bv64) == 131132bv64);
  free ensures (memory_load64_le(mem, 130464bv64) == 1936bv64);

implementation main()
{
  lmain:
    assume {:captureState "lmain"} true;
    R9, Gamma_R9 := 126976bv64, true;
    call rely();
    R9, Gamma_R9 := memory_load64_le(mem, bvadd64(R9, 4024bv64)), (gamma_load64(Gamma_mem, bvadd64(R9, 4024bv64)) || L(mem, bvadd64(R9, 4024bv64)));
    R0, Gamma_R0 := 0bv64, true;
    call rely();
    assert (L(mem, R9) ==> true);
    mem, Gamma_mem := memory_store32_le(mem, R9, 0bv32), gamma_store32(Gamma_mem, R9, true);
    assume {:captureState "%00000308"} true;
    call rely();
    R8, Gamma_R8 := zero_extend32_32(memory_load32_le(mem, R9)), (gamma_load32(Gamma_mem, R9) || L(mem, R9));
    R8, Gamma_R8 := zero_extend32_32(bvadd32(R8[32:0], 1bv32)), Gamma_R8;
    call rely();
    assert (L(mem, R9) ==> Gamma_R8);
    mem, Gamma_mem := memory_store32_le(mem, R9, R8[32:0]), gamma_store32(Gamma_mem, R9, Gamma_R8);
    assume {:captureState "%0000031d"} true;
    R8, Gamma_R8 := 126976bv64, true;
    call rely();
    R8, Gamma_R8 := memory_load64_le(mem, bvadd64(R8, 4048bv64)), (gamma_load64(Gamma_mem, bvadd64(R8, 4048bv64)) || L(mem, bvadd64(R8, 4048bv64)));
    call rely();
    R10, Gamma_R10 := zero_extend32_32(memory_load32_le(mem, R8)), (gamma_load32(Gamma_mem, R8) || L(mem, R8));
    R8, Gamma_R8 := 126976bv64, true;
    call rely();
    R8, Gamma_R8 := memory_load64_le(mem, bvadd64(R8, 4032bv64)), (gamma_load64(Gamma_mem, bvadd64(R8, 4032bv64)) || L(mem, bvadd64(R8, 4032bv64)));
    call rely();
    assert (L(mem, R8) ==> Gamma_R10);
    mem, Gamma_mem := memory_store32_le(mem, R8, R10[32:0]), gamma_store32(Gamma_mem, R8, Gamma_R10);
    assume {:captureState "%00000344"} true;
    call rely();
    assert (L(mem, R8) ==> true);
    mem, Gamma_mem := memory_store32_le(mem, R8, 0bv32), gamma_store32(Gamma_mem, R8, true);
    assume {:captureState "%0000034b"} true;
    call rely();
    R8, Gamma_R8 := zero_extend32_32(memory_load32_le(mem, R9)), (gamma_load32(Gamma_mem, R9) || L(mem, R9));
    R8, Gamma_R8 := zero_extend32_32(bvadd32(R8[32:0], 1bv32)), Gamma_R8;
    call rely();
    assert (L(mem, R9) ==> Gamma_R8);
    mem, Gamma_mem := memory_store32_le(mem, R9, R8[32:0]), gamma_store32(Gamma_mem, R9, Gamma_R8);
    assume {:captureState "%00000360"} true;
    goto main_return;
  main_return:
    assume {:captureState "main_return"} true;
    return;
}

