var {:extern} Gamma_R0: bool;
var {:extern} Gamma_R1: bool;
var {:extern} Gamma_R16: bool;
var {:extern} Gamma_R17: bool;
var {:extern} Gamma_R29: bool;
var {:extern} Gamma_R30: bool;
var {:extern} Gamma_R31: bool;
var {:extern} Gamma_mem: [bv64]bool;
var {:extern} Gamma_stack: [bv64]bool;
var {:extern} R0: bv64;
var {:extern} R1: bv64;
var {:extern} R16: bv64;
var {:extern} R17: bv64;
var {:extern} R29: bv64;
var {:extern} R30: bv64;
var {:extern} R31: bv64;
var {:extern} mem: [bv64]bv8;
var {:extern} stack: [bv64]bv8;
const {:extern} $_IO_stdin_used_addr: bv64;
axiom ($_IO_stdin_used_addr == 2328bv64);
function {:extern} L(mem$in: [bv64]bv8, index: bv64) returns (bool) {
  false
}

function {:extern} {:bvbuiltin "bvadd"} bvadd32(bv32, bv32) returns (bv32);
function {:extern} {:bvbuiltin "bvadd"} bvadd64(bv64, bv64) returns (bv64);
function {:extern} gamma_load32(gammaMap: [bv64]bool, index: bv64) returns (bool) {
  (gammaMap[bvadd64(index, 3bv64)] && (gammaMap[bvadd64(index, 2bv64)] && (gammaMap[bvadd64(index, 1bv64)] && gammaMap[index])))
}

function {:extern} gamma_load64(gammaMap: [bv64]bool, index: bv64) returns (bool) {
  (gammaMap[bvadd64(index, 7bv64)] && (gammaMap[bvadd64(index, 6bv64)] && (gammaMap[bvadd64(index, 5bv64)] && (gammaMap[bvadd64(index, 4bv64)] && (gammaMap[bvadd64(index, 3bv64)] && (gammaMap[bvadd64(index, 2bv64)] && (gammaMap[bvadd64(index, 1bv64)] && gammaMap[index])))))))
}

function {:extern} gamma_load8(gammaMap: [bv64]bool, index: bv64) returns (bool) {
  gammaMap[index]
}

function {:extern} gamma_store32(gammaMap: [bv64]bool, index: bv64, value: bool) returns ([bv64]bool) {
  gammaMap[index := value][bvadd64(index, 1bv64) := value][bvadd64(index, 2bv64) := value][bvadd64(index, 3bv64) := value]
}

function {:extern} gamma_store64(gammaMap: [bv64]bool, index: bv64, value: bool) returns ([bv64]bool) {
  gammaMap[index := value][bvadd64(index, 1bv64) := value][bvadd64(index, 2bv64) := value][bvadd64(index, 3bv64) := value][bvadd64(index, 4bv64) := value][bvadd64(index, 5bv64) := value][bvadd64(index, 6bv64) := value][bvadd64(index, 7bv64) := value]
}

function {:extern} gamma_store8(gammaMap: [bv64]bool, index: bv64, value: bool) returns ([bv64]bool) {
  gammaMap[index := value]
}

function {:extern} memory_load32_le(memory: [bv64]bv8, index: bv64) returns (bv32) {
  (memory[bvadd64(index, 3bv64)] ++ (memory[bvadd64(index, 2bv64)] ++ (memory[bvadd64(index, 1bv64)] ++ memory[index])))
}

function {:extern} memory_load64_le(memory: [bv64]bv8, index: bv64) returns (bv64) {
  (memory[bvadd64(index, 7bv64)] ++ (memory[bvadd64(index, 6bv64)] ++ (memory[bvadd64(index, 5bv64)] ++ (memory[bvadd64(index, 4bv64)] ++ (memory[bvadd64(index, 3bv64)] ++ (memory[bvadd64(index, 2bv64)] ++ (memory[bvadd64(index, 1bv64)] ++ memory[index])))))))
}

function {:extern} memory_load8_le(memory: [bv64]bv8, index: bv64) returns (bv8) {
  memory[index]
}

function {:extern} memory_store32_le(memory: [bv64]bv8, index: bv64, value: bv32) returns ([bv64]bv8) {
  memory[index := value[8:0]][bvadd64(index, 1bv64) := value[16:8]][bvadd64(index, 2bv64) := value[24:16]][bvadd64(index, 3bv64) := value[32:24]]
}

function {:extern} memory_store64_le(memory: [bv64]bv8, index: bv64, value: bv64) returns ([bv64]bv8) {
  memory[index := value[8:0]][bvadd64(index, 1bv64) := value[16:8]][bvadd64(index, 2bv64) := value[24:16]][bvadd64(index, 3bv64) := value[32:24]][bvadd64(index, 4bv64) := value[40:32]][bvadd64(index, 5bv64) := value[48:40]][bvadd64(index, 6bv64) := value[56:48]][bvadd64(index, 7bv64) := value[64:56]]
}

function {:extern} memory_store8_le(memory: [bv64]bv8, index: bv64, value: bv8) returns ([bv64]bv8) {
  memory[index := value[8:0]]
}

function {:extern} {:bvbuiltin "zero_extend 24"} zero_extend24_8(bv8) returns (bv32);
function {:extern} {:bvbuiltin "zero_extend 32"} zero_extend32_32(bv32) returns (bv64);
procedure {:extern} rely();
  modifies Gamma_mem, mem;
  ensures (Gamma_mem == old(Gamma_mem));
  ensures (mem == old(mem));
  free ensures (memory_load64_le(mem, 2328bv64) == 131073bv64);
  free ensures (memory_load64_le(mem, 2336bv64) == 2338615504306268244bv64);
  free ensures (memory_load64_le(mem, 2344bv64) == 2924860384375657bv64);
  free ensures (memory_load64_le(mem, 2352bv64) == 7017575154564032596bv64);
  free ensures (memory_load64_le(mem, 2360bv64) == 7089063228440191084bv64);
  free ensures (memory_load64_le(mem, 2368bv64) == 2675202446017455468bv64);
  free ensures (memory_load64_le(mem, 2376bv64) == 2660bv64);
  free ensures (memory_load64_le(mem, 2384bv64) == 8241983568019286100bv64);
  free ensures (memory_load64_le(mem, 2392bv64) == 7575166128241079840bv64);
  free ensures (memory_load8_le(mem, 2400bv64) == 115bv8);
  free ensures (memory_load8_le(mem, 2401bv64) == 58bv8);
  free ensures (memory_load8_le(mem, 2402bv64) == 32bv8);
  free ensures (memory_load8_le(mem, 2403bv64) == 37bv8);
  free ensures (memory_load8_le(mem, 2404bv64) == 99bv8);
  free ensures (memory_load8_le(mem, 2405bv64) == 10bv8);
  free ensures (memory_load8_le(mem, 2406bv64) == 0bv8);
  free ensures (memory_load64_le(mem, 68992bv64) == 2064bv64);
  free ensures (memory_load64_le(mem, 69000bv64) == 1984bv64);
  free ensures (memory_load64_le(mem, 69616bv64) == 2068bv64);
  free ensures (memory_load64_le(mem, 69640bv64) == 69640bv64);

procedure {:extern} rely_transitive();
  modifies Gamma_mem, mem;
  ensures (Gamma_mem == old(Gamma_mem));
  ensures (mem == old(mem));

implementation {:extern} rely_transitive()
{
  call rely();
  call rely();
}

procedure {:extern} rely_reflexive();

procedure {:extern} guarantee_reflexive();
  modifies Gamma_mem, mem;

procedure FUN_680_1664();
  modifies Gamma_R16, Gamma_R17, Gamma_mem, R16, R17, mem;
  free requires (memory_load64_le(mem, 2328bv64) == 131073bv64);
  free requires (memory_load64_le(mem, 2336bv64) == 2338615504306268244bv64);
  free requires (memory_load64_le(mem, 2344bv64) == 2924860384375657bv64);
  free requires (memory_load64_le(mem, 2352bv64) == 7017575154564032596bv64);
  free requires (memory_load64_le(mem, 2360bv64) == 7089063228440191084bv64);
  free requires (memory_load64_le(mem, 2368bv64) == 2675202446017455468bv64);
  free requires (memory_load64_le(mem, 2376bv64) == 2660bv64);
  free requires (memory_load64_le(mem, 2384bv64) == 8241983568019286100bv64);
  free requires (memory_load64_le(mem, 2392bv64) == 7575166128241079840bv64);
  free requires (memory_load8_le(mem, 2400bv64) == 115bv8);
  free requires (memory_load8_le(mem, 2401bv64) == 58bv8);
  free requires (memory_load8_le(mem, 2402bv64) == 32bv8);
  free requires (memory_load8_le(mem, 2403bv64) == 37bv8);
  free requires (memory_load8_le(mem, 2404bv64) == 99bv8);
  free requires (memory_load8_le(mem, 2405bv64) == 10bv8);
  free requires (memory_load8_le(mem, 2406bv64) == 0bv8);
  free requires (memory_load64_le(mem, 68992bv64) == 2064bv64);
  free requires (memory_load64_le(mem, 69000bv64) == 1984bv64);
  free requires (memory_load64_le(mem, 69616bv64) == 2068bv64);
  free requires (memory_load64_le(mem, 69640bv64) == 69640bv64);
  free ensures (memory_load64_le(mem, 2328bv64) == 131073bv64);
  free ensures (memory_load64_le(mem, 2336bv64) == 2338615504306268244bv64);
  free ensures (memory_load64_le(mem, 2344bv64) == 2924860384375657bv64);
  free ensures (memory_load64_le(mem, 2352bv64) == 7017575154564032596bv64);
  free ensures (memory_load64_le(mem, 2360bv64) == 7089063228440191084bv64);
  free ensures (memory_load64_le(mem, 2368bv64) == 2675202446017455468bv64);
  free ensures (memory_load64_le(mem, 2376bv64) == 2660bv64);
  free ensures (memory_load64_le(mem, 2384bv64) == 8241983568019286100bv64);
  free ensures (memory_load64_le(mem, 2392bv64) == 7575166128241079840bv64);
  free ensures (memory_load8_le(mem, 2400bv64) == 115bv8);
  free ensures (memory_load8_le(mem, 2401bv64) == 58bv8);
  free ensures (memory_load8_le(mem, 2402bv64) == 32bv8);
  free ensures (memory_load8_le(mem, 2403bv64) == 37bv8);
  free ensures (memory_load8_le(mem, 2404bv64) == 99bv8);
  free ensures (memory_load8_le(mem, 2405bv64) == 10bv8);
  free ensures (memory_load8_le(mem, 2406bv64) == 0bv8);
  free ensures (memory_load64_le(mem, 68992bv64) == 2064bv64);
  free ensures (memory_load64_le(mem, 69000bv64) == 1984bv64);
  free ensures (memory_load64_le(mem, 69616bv64) == 2068bv64);
  free ensures (memory_load64_le(mem, 69640bv64) == 69640bv64);

implementation FUN_680_1664()
{
  var Gamma_load4: bool;
  var load4: bv64;
  FUN_680_1664__0__fmUrfOHbTziivIh1CtAkdg:
    assume {:captureState "FUN_680_1664__0__fmUrfOHbTziivIh1CtAkdg"} true;
    R16, Gamma_R16 := 65536bv64, true;
    call rely();
    load4, Gamma_load4 := memory_load64_le(mem, bvadd64(R16, 4008bv64)), (gamma_load64(Gamma_mem, bvadd64(R16, 4008bv64)) || L(mem, bvadd64(R16, 4008bv64)));
    R17, Gamma_R17 := load4, Gamma_load4;
    R16, Gamma_R16 := bvadd64(R16, 4008bv64), Gamma_R16;
    call malloc();
    goto FUN_680_1664_basil_return;
  FUN_680_1664_basil_return:
    assume {:captureState "FUN_680_1664_basil_return"} true;
    return;
}

procedure printCharValue_2236();
  modifies Gamma_R0, Gamma_R1, Gamma_R16, Gamma_R17, Gamma_R29, Gamma_R30, Gamma_R31, Gamma_mem, Gamma_stack, R0, R1, R16, R17, R29, R30, R31, mem, stack;
  free requires (memory_load64_le(mem, 2328bv64) == 131073bv64);
  free requires (memory_load64_le(mem, 2336bv64) == 2338615504306268244bv64);
  free requires (memory_load64_le(mem, 2344bv64) == 2924860384375657bv64);
  free requires (memory_load64_le(mem, 2352bv64) == 7017575154564032596bv64);
  free requires (memory_load64_le(mem, 2360bv64) == 7089063228440191084bv64);
  free requires (memory_load64_le(mem, 2368bv64) == 2675202446017455468bv64);
  free requires (memory_load64_le(mem, 2376bv64) == 2660bv64);
  free requires (memory_load64_le(mem, 2384bv64) == 8241983568019286100bv64);
  free requires (memory_load64_le(mem, 2392bv64) == 7575166128241079840bv64);
  free requires (memory_load8_le(mem, 2400bv64) == 115bv8);
  free requires (memory_load8_le(mem, 2401bv64) == 58bv8);
  free requires (memory_load8_le(mem, 2402bv64) == 32bv8);
  free requires (memory_load8_le(mem, 2403bv64) == 37bv8);
  free requires (memory_load8_le(mem, 2404bv64) == 99bv8);
  free requires (memory_load8_le(mem, 2405bv64) == 10bv8);
  free requires (memory_load8_le(mem, 2406bv64) == 0bv8);
  free requires (memory_load64_le(mem, 68992bv64) == 2064bv64);
  free requires (memory_load64_le(mem, 69000bv64) == 1984bv64);
  free requires (memory_load64_le(mem, 69616bv64) == 2068bv64);
  free requires (memory_load64_le(mem, 69640bv64) == 69640bv64);
  free ensures (Gamma_R29 == old(Gamma_R29));
  free ensures (Gamma_R31 == old(Gamma_R31));
  free ensures (R29 == old(R29));
  free ensures (R31 == old(R31));
  free ensures (memory_load64_le(mem, 2328bv64) == 131073bv64);
  free ensures (memory_load64_le(mem, 2336bv64) == 2338615504306268244bv64);
  free ensures (memory_load64_le(mem, 2344bv64) == 2924860384375657bv64);
  free ensures (memory_load64_le(mem, 2352bv64) == 7017575154564032596bv64);
  free ensures (memory_load64_le(mem, 2360bv64) == 7089063228440191084bv64);
  free ensures (memory_load64_le(mem, 2368bv64) == 2675202446017455468bv64);
  free ensures (memory_load64_le(mem, 2376bv64) == 2660bv64);
  free ensures (memory_load64_le(mem, 2384bv64) == 8241983568019286100bv64);
  free ensures (memory_load64_le(mem, 2392bv64) == 7575166128241079840bv64);
  free ensures (memory_load8_le(mem, 2400bv64) == 115bv8);
  free ensures (memory_load8_le(mem, 2401bv64) == 58bv8);
  free ensures (memory_load8_le(mem, 2402bv64) == 32bv8);
  free ensures (memory_load8_le(mem, 2403bv64) == 37bv8);
  free ensures (memory_load8_le(mem, 2404bv64) == 99bv8);
  free ensures (memory_load8_le(mem, 2405bv64) == 10bv8);
  free ensures (memory_load8_le(mem, 2406bv64) == 0bv8);
  free ensures (memory_load64_le(mem, 68992bv64) == 2064bv64);
  free ensures (memory_load64_le(mem, 69000bv64) == 1984bv64);
  free ensures (memory_load64_le(mem, 69616bv64) == 2068bv64);
  free ensures (memory_load64_le(mem, 69640bv64) == 69640bv64);

implementation printCharValue_2236()
{
  var Cse0__5_1_0: bv64;
  var Gamma_Cse0__5_1_0: bool;
  var Gamma_load10: bool;
  var Gamma_load11: bool;
  var Gamma_load5: bool;
  var Gamma_load6: bool;
  var Gamma_load7: bool;
  var Gamma_load8: bool;
  var Gamma_load9: bool;
  var load10: bv64;
  var load11: bv8;
  var load5: bv64;
  var load6: bv64;
  var load7: bv64;
  var load8: bv8;
  var load9: bv64;
  printCharValue_2236__0__jkKHMcI6QseLTh14pX_pkA:
    assume {:captureState "printCharValue_2236__0__jkKHMcI6QseLTh14pX_pkA"} true;
    Cse0__5_1_0, Gamma_Cse0__5_1_0 := bvadd64(R31, 18446744073709551584bv64), Gamma_R31;
    stack, Gamma_stack := memory_store64_le(stack, Cse0__5_1_0, R29), gamma_store64(Gamma_stack, Cse0__5_1_0, Gamma_R29);
    assume {:captureState "2236_1"} true;
    stack, Gamma_stack := memory_store64_le(stack, bvadd64(Cse0__5_1_0, 8bv64), R30), gamma_store64(Gamma_stack, bvadd64(Cse0__5_1_0, 8bv64), Gamma_R30);
    assume {:captureState "2236_2"} true;
    R31, Gamma_R31 := Cse0__5_1_0, Gamma_Cse0__5_1_0;
    R29, Gamma_R29 := R31, Gamma_R31;
    stack, Gamma_stack := memory_store64_le(stack, bvadd64(R31, 24bv64), R0), gamma_store64(Gamma_stack, bvadd64(R31, 24bv64), Gamma_R0);
    assume {:captureState "2244_0"} true;
    load7, Gamma_load7 := memory_load64_le(stack, bvadd64(R31, 24bv64)), gamma_load64(Gamma_stack, bvadd64(R31, 24bv64));
    R0, Gamma_R0 := load7, Gamma_load7;
    call rely();
    load8, Gamma_load8 := memory_load8_le(mem, R0), (gamma_load8(Gamma_mem, R0) || L(mem, R0));
    R0, Gamma_R0 := zero_extend32_32(zero_extend24_8(load8)), Gamma_load8;
    R0, Gamma_R0 := zero_extend32_32(bvadd32(R0[32:0], 1bv32)), Gamma_R0;
    R1, Gamma_R1 := zero_extend32_32((0bv24 ++ R0[8:0])), Gamma_R0;
    load9, Gamma_load9 := memory_load64_le(stack, bvadd64(R31, 24bv64)), gamma_load64(Gamma_stack, bvadd64(R31, 24bv64));
    R0, Gamma_R0 := load9, Gamma_load9;
    call rely();
    assert (L(mem, R0) ==> Gamma_R1);
    mem, Gamma_mem := memory_store8_le(mem, R0, R1[8:0]), gamma_store8(Gamma_mem, R0, Gamma_R1);
    assume {:captureState "2268_0"} true;
    load10, Gamma_load10 := memory_load64_le(stack, bvadd64(R31, 24bv64)), gamma_load64(Gamma_stack, bvadd64(R31, 24bv64));
    R0, Gamma_R0 := load10, Gamma_load10;
    call rely();
    load11, Gamma_load11 := memory_load8_le(mem, R0), (gamma_load8(Gamma_mem, R0) || L(mem, R0));
    R0, Gamma_R0 := zero_extend32_32(zero_extend24_8(load11)), Gamma_load11;
    R1, Gamma_R1 := zero_extend32_32(R0[32:0]), Gamma_R0;
    R0, Gamma_R0 := 0bv64, true;
    R0, Gamma_R0 := bvadd64(R0, 2384bv64), Gamma_R0;
    R30, Gamma_R30 := 2296bv64, true;
    call FUN_6c0_1728();
    goto printCharValue_2236__1__SXzrMILSR1~X131kBRFqew;
  printCharValue_2236__1__SXzrMILSR1~X131kBRFqew:
    assume {:captureState "printCharValue_2236__1__SXzrMILSR1~X131kBRFqew"} true;
    load5, Gamma_load5 := memory_load64_le(stack, R31), gamma_load64(Gamma_stack, R31);
    R29, Gamma_R29 := load5, Gamma_load5;
    load6, Gamma_load6 := memory_load64_le(stack, bvadd64(R31, 8bv64)), gamma_load64(Gamma_stack, bvadd64(R31, 8bv64));
    R30, Gamma_R30 := load6, Gamma_load6;
    R31, Gamma_R31 := bvadd64(R31, 32bv64), Gamma_R31;
    goto printCharValue_2236_basil_return;
  printCharValue_2236_basil_return:
    assume {:captureState "printCharValue_2236_basil_return"} true;
    return;
}

procedure FUN_6c0_1728();
  modifies Gamma_R16, Gamma_R17, Gamma_mem, R16, R17, mem;
  free requires (memory_load64_le(mem, 2328bv64) == 131073bv64);
  free requires (memory_load64_le(mem, 2336bv64) == 2338615504306268244bv64);
  free requires (memory_load64_le(mem, 2344bv64) == 2924860384375657bv64);
  free requires (memory_load64_le(mem, 2352bv64) == 7017575154564032596bv64);
  free requires (memory_load64_le(mem, 2360bv64) == 7089063228440191084bv64);
  free requires (memory_load64_le(mem, 2368bv64) == 2675202446017455468bv64);
  free requires (memory_load64_le(mem, 2376bv64) == 2660bv64);
  free requires (memory_load64_le(mem, 2384bv64) == 8241983568019286100bv64);
  free requires (memory_load64_le(mem, 2392bv64) == 7575166128241079840bv64);
  free requires (memory_load8_le(mem, 2400bv64) == 115bv8);
  free requires (memory_load8_le(mem, 2401bv64) == 58bv8);
  free requires (memory_load8_le(mem, 2402bv64) == 32bv8);
  free requires (memory_load8_le(mem, 2403bv64) == 37bv8);
  free requires (memory_load8_le(mem, 2404bv64) == 99bv8);
  free requires (memory_load8_le(mem, 2405bv64) == 10bv8);
  free requires (memory_load8_le(mem, 2406bv64) == 0bv8);
  free requires (memory_load64_le(mem, 68992bv64) == 2064bv64);
  free requires (memory_load64_le(mem, 69000bv64) == 1984bv64);
  free requires (memory_load64_le(mem, 69616bv64) == 2068bv64);
  free requires (memory_load64_le(mem, 69640bv64) == 69640bv64);
  free ensures (memory_load64_le(mem, 2328bv64) == 131073bv64);
  free ensures (memory_load64_le(mem, 2336bv64) == 2338615504306268244bv64);
  free ensures (memory_load64_le(mem, 2344bv64) == 2924860384375657bv64);
  free ensures (memory_load64_le(mem, 2352bv64) == 7017575154564032596bv64);
  free ensures (memory_load64_le(mem, 2360bv64) == 7089063228440191084bv64);
  free ensures (memory_load64_le(mem, 2368bv64) == 2675202446017455468bv64);
  free ensures (memory_load64_le(mem, 2376bv64) == 2660bv64);
  free ensures (memory_load64_le(mem, 2384bv64) == 8241983568019286100bv64);
  free ensures (memory_load64_le(mem, 2392bv64) == 7575166128241079840bv64);
  free ensures (memory_load8_le(mem, 2400bv64) == 115bv8);
  free ensures (memory_load8_le(mem, 2401bv64) == 58bv8);
  free ensures (memory_load8_le(mem, 2402bv64) == 32bv8);
  free ensures (memory_load8_le(mem, 2403bv64) == 37bv8);
  free ensures (memory_load8_le(mem, 2404bv64) == 99bv8);
  free ensures (memory_load8_le(mem, 2405bv64) == 10bv8);
  free ensures (memory_load8_le(mem, 2406bv64) == 0bv8);
  free ensures (memory_load64_le(mem, 68992bv64) == 2064bv64);
  free ensures (memory_load64_le(mem, 69000bv64) == 1984bv64);
  free ensures (memory_load64_le(mem, 69616bv64) == 2068bv64);
  free ensures (memory_load64_le(mem, 69640bv64) == 69640bv64);

implementation FUN_6c0_1728()
{
  var Gamma_load12: bool;
  var load12: bv64;
  FUN_6c0_1728__0__1dgk8kyGRWulXZar~5y0Vg:
    assume {:captureState "FUN_6c0_1728__0__1dgk8kyGRWulXZar~5y0Vg"} true;
    R16, Gamma_R16 := 65536bv64, true;
    call rely();
    load12, Gamma_load12 := memory_load64_le(mem, bvadd64(R16, 4040bv64)), (gamma_load64(Gamma_mem, bvadd64(R16, 4040bv64)) || L(mem, bvadd64(R16, 4040bv64)));
    R17, Gamma_R17 := load12, Gamma_load12;
    R16, Gamma_R16 := bvadd64(R16, 4040bv64), Gamma_R16;
    call printf();
    goto FUN_6c0_1728_basil_return;
  FUN_6c0_1728_basil_return:
    assume {:captureState "FUN_6c0_1728_basil_return"} true;
    return;
}

procedure FUN_6b0_1712();
  modifies Gamma_R16, Gamma_R17, Gamma_mem, R16, R17, mem;
  free requires (memory_load64_le(mem, 2328bv64) == 131073bv64);
  free requires (memory_load64_le(mem, 2336bv64) == 2338615504306268244bv64);
  free requires (memory_load64_le(mem, 2344bv64) == 2924860384375657bv64);
  free requires (memory_load64_le(mem, 2352bv64) == 7017575154564032596bv64);
  free requires (memory_load64_le(mem, 2360bv64) == 7089063228440191084bv64);
  free requires (memory_load64_le(mem, 2368bv64) == 2675202446017455468bv64);
  free requires (memory_load64_le(mem, 2376bv64) == 2660bv64);
  free requires (memory_load64_le(mem, 2384bv64) == 8241983568019286100bv64);
  free requires (memory_load64_le(mem, 2392bv64) == 7575166128241079840bv64);
  free requires (memory_load8_le(mem, 2400bv64) == 115bv8);
  free requires (memory_load8_le(mem, 2401bv64) == 58bv8);
  free requires (memory_load8_le(mem, 2402bv64) == 32bv8);
  free requires (memory_load8_le(mem, 2403bv64) == 37bv8);
  free requires (memory_load8_le(mem, 2404bv64) == 99bv8);
  free requires (memory_load8_le(mem, 2405bv64) == 10bv8);
  free requires (memory_load8_le(mem, 2406bv64) == 0bv8);
  free requires (memory_load64_le(mem, 68992bv64) == 2064bv64);
  free requires (memory_load64_le(mem, 69000bv64) == 1984bv64);
  free requires (memory_load64_le(mem, 69616bv64) == 2068bv64);
  free requires (memory_load64_le(mem, 69640bv64) == 69640bv64);
  free ensures (memory_load64_le(mem, 2328bv64) == 131073bv64);
  free ensures (memory_load64_le(mem, 2336bv64) == 2338615504306268244bv64);
  free ensures (memory_load64_le(mem, 2344bv64) == 2924860384375657bv64);
  free ensures (memory_load64_le(mem, 2352bv64) == 7017575154564032596bv64);
  free ensures (memory_load64_le(mem, 2360bv64) == 7089063228440191084bv64);
  free ensures (memory_load64_le(mem, 2368bv64) == 2675202446017455468bv64);
  free ensures (memory_load64_le(mem, 2376bv64) == 2660bv64);
  free ensures (memory_load64_le(mem, 2384bv64) == 8241983568019286100bv64);
  free ensures (memory_load64_le(mem, 2392bv64) == 7575166128241079840bv64);
  free ensures (memory_load8_le(mem, 2400bv64) == 115bv8);
  free ensures (memory_load8_le(mem, 2401bv64) == 58bv8);
  free ensures (memory_load8_le(mem, 2402bv64) == 32bv8);
  free ensures (memory_load8_le(mem, 2403bv64) == 37bv8);
  free ensures (memory_load8_le(mem, 2404bv64) == 99bv8);
  free ensures (memory_load8_le(mem, 2405bv64) == 10bv8);
  free ensures (memory_load8_le(mem, 2406bv64) == 0bv8);
  free ensures (memory_load64_le(mem, 68992bv64) == 2064bv64);
  free ensures (memory_load64_le(mem, 69000bv64) == 1984bv64);
  free ensures (memory_load64_le(mem, 69616bv64) == 2068bv64);
  free ensures (memory_load64_le(mem, 69640bv64) == 69640bv64);

implementation FUN_6b0_1712()
{
  var Gamma_load24: bool;
  var load24: bv64;
  FUN_6b0_1712__0__ro0bVXILQkORwyd0nThiUA:
    assume {:captureState "FUN_6b0_1712__0__ro0bVXILQkORwyd0nThiUA"} true;
    R16, Gamma_R16 := 65536bv64, true;
    call rely();
    load24, Gamma_load24 := memory_load64_le(mem, bvadd64(R16, 4032bv64)), (gamma_load64(Gamma_mem, bvadd64(R16, 4032bv64)) || L(mem, bvadd64(R16, 4032bv64)));
    R17, Gamma_R17 := load24, Gamma_load24;
    R16, Gamma_R16 := bvadd64(R16, 4032bv64), Gamma_R16;
    call #free();
    goto FUN_6b0_1712_basil_return;
  FUN_6b0_1712_basil_return:
    assume {:captureState "FUN_6b0_1712_basil_return"} true;
    return;
}

procedure main_2068();
  modifies Gamma_R0, Gamma_R1, Gamma_R16, Gamma_R17, Gamma_R29, Gamma_R30, Gamma_R31, Gamma_mem, Gamma_stack, R0, R1, R16, R17, R29, R30, R31, mem, stack;
  free requires (memory_load64_le(mem, 69632bv64) == 0bv64);
  free requires (memory_load64_le(mem, 69640bv64) == 69640bv64);
  free requires (memory_load64_le(mem, 2328bv64) == 131073bv64);
  free requires (memory_load64_le(mem, 2336bv64) == 2338615504306268244bv64);
  free requires (memory_load64_le(mem, 2344bv64) == 2924860384375657bv64);
  free requires (memory_load64_le(mem, 2352bv64) == 7017575154564032596bv64);
  free requires (memory_load64_le(mem, 2360bv64) == 7089063228440191084bv64);
  free requires (memory_load64_le(mem, 2368bv64) == 2675202446017455468bv64);
  free requires (memory_load64_le(mem, 2376bv64) == 2660bv64);
  free requires (memory_load64_le(mem, 2384bv64) == 8241983568019286100bv64);
  free requires (memory_load64_le(mem, 2392bv64) == 7575166128241079840bv64);
  free requires (memory_load8_le(mem, 2400bv64) == 115bv8);
  free requires (memory_load8_le(mem, 2401bv64) == 58bv8);
  free requires (memory_load8_le(mem, 2402bv64) == 32bv8);
  free requires (memory_load8_le(mem, 2403bv64) == 37bv8);
  free requires (memory_load8_le(mem, 2404bv64) == 99bv8);
  free requires (memory_load8_le(mem, 2405bv64) == 10bv8);
  free requires (memory_load8_le(mem, 2406bv64) == 0bv8);
  free requires (memory_load64_le(mem, 68992bv64) == 2064bv64);
  free requires (memory_load64_le(mem, 69000bv64) == 1984bv64);
  free requires (memory_load64_le(mem, 69616bv64) == 2068bv64);
  free requires (memory_load64_le(mem, 69640bv64) == 69640bv64);
  free ensures (Gamma_R29 == old(Gamma_R29));
  free ensures (Gamma_R31 == old(Gamma_R31));
  free ensures (R29 == old(R29));
  free ensures (R31 == old(R31));
  free ensures (memory_load64_le(mem, 2328bv64) == 131073bv64);
  free ensures (memory_load64_le(mem, 2336bv64) == 2338615504306268244bv64);
  free ensures (memory_load64_le(mem, 2344bv64) == 2924860384375657bv64);
  free ensures (memory_load64_le(mem, 2352bv64) == 7017575154564032596bv64);
  free ensures (memory_load64_le(mem, 2360bv64) == 7089063228440191084bv64);
  free ensures (memory_load64_le(mem, 2368bv64) == 2675202446017455468bv64);
  free ensures (memory_load64_le(mem, 2376bv64) == 2660bv64);
  free ensures (memory_load64_le(mem, 2384bv64) == 8241983568019286100bv64);
  free ensures (memory_load64_le(mem, 2392bv64) == 7575166128241079840bv64);
  free ensures (memory_load8_le(mem, 2400bv64) == 115bv8);
  free ensures (memory_load8_le(mem, 2401bv64) == 58bv8);
  free ensures (memory_load8_le(mem, 2402bv64) == 32bv8);
  free ensures (memory_load8_le(mem, 2403bv64) == 37bv8);
  free ensures (memory_load8_le(mem, 2404bv64) == 99bv8);
  free ensures (memory_load8_le(mem, 2405bv64) == 10bv8);
  free ensures (memory_load8_le(mem, 2406bv64) == 0bv8);
  free ensures (memory_load64_le(mem, 68992bv64) == 2064bv64);
  free ensures (memory_load64_le(mem, 69000bv64) == 1984bv64);
  free ensures (memory_load64_le(mem, 69616bv64) == 2068bv64);
  free ensures (memory_load64_le(mem, 69640bv64) == 69640bv64);

implementation main_2068()
{
  var Cse0__5_1_0: bv64;
  var Gamma_Cse0__5_1_0: bool;
  var Gamma_load25: bool;
  var Gamma_load26: bool;
  var Gamma_load27: bool;
  var Gamma_load28: bool;
  var Gamma_load29: bool;
  var Gamma_load30: bool;
  var Gamma_load31: bool;
  var Gamma_load32: bool;
  var Gamma_load33: bool;
  var Gamma_load34: bool;
  var load25: bv64;
  var load26: bv64;
  var load27: bv64;
  var load28: bv64;
  var load29: bv64;
  var load30: bv64;
  var load31: bv64;
  var load32: bv64;
  var load33: bv32;
  var load34: bv32;
  main_2068__0__Rrgu9bwQROy_ybbFoniuZw:
    assume {:captureState "main_2068__0__Rrgu9bwQROy_ybbFoniuZw"} true;
    Cse0__5_1_0, Gamma_Cse0__5_1_0 := bvadd64(R31, 18446744073709551552bv64), Gamma_R31;
    stack, Gamma_stack := memory_store64_le(stack, Cse0__5_1_0, R29), gamma_store64(Gamma_stack, Cse0__5_1_0, Gamma_R29);
    assume {:captureState "2068_1"} true;
    stack, Gamma_stack := memory_store64_le(stack, bvadd64(Cse0__5_1_0, 8bv64), R30), gamma_store64(Gamma_stack, bvadd64(Cse0__5_1_0, 8bv64), Gamma_R30);
    assume {:captureState "2068_2"} true;
    R31, Gamma_R31 := Cse0__5_1_0, Gamma_Cse0__5_1_0;
    R29, Gamma_R29 := R31, Gamma_R31;
    R0, Gamma_R0 := 1bv64, true;
    R30, Gamma_R30 := 2084bv64, true;
    call FUN_680_1664();
    goto main_2068__1__~QYw5PpOTImctI5IIXThPA;
  main_2068__1__~QYw5PpOTImctI5IIXThPA:
    assume {:captureState "main_2068__1__~QYw5PpOTImctI5IIXThPA"} true;
    stack, Gamma_stack := memory_store64_le(stack, bvadd64(R31, 40bv64), R0), gamma_store64(Gamma_stack, bvadd64(R31, 40bv64), Gamma_R0);
    assume {:captureState "2084_0"} true;
    R0, Gamma_R0 := 11bv64, true;
    stack, Gamma_stack := memory_store32_le(stack, bvadd64(R31, 28bv64), R0[32:0]), gamma_store32(Gamma_stack, bvadd64(R31, 28bv64), Gamma_R0);
    assume {:captureState "2092_0"} true;
    R0, Gamma_R0 := 4bv64, true;
    R30, Gamma_R30 := 2104bv64, true;
    call FUN_680_1664();
    goto main_2068__2__SxiuTMn9TQuPWr33qVC1ig;
  main_2068__2__SxiuTMn9TQuPWr33qVC1ig:
    assume {:captureState "main_2068__2__SxiuTMn9TQuPWr33qVC1ig"} true;
    stack, Gamma_stack := memory_store64_le(stack, bvadd64(R31, 48bv64), R0), gamma_store64(Gamma_stack, bvadd64(R31, 48bv64), Gamma_R0);
    assume {:captureState "2104_0"} true;
    R0, Gamma_R0 := 10bv64, true;
    stack, Gamma_stack := memory_store32_le(stack, bvadd64(R31, 32bv64), R0[32:0]), gamma_store32(Gamma_stack, bvadd64(R31, 32bv64), Gamma_R0);
    assume {:captureState "2112_0"} true;
    R0, Gamma_R0 := 4bv64, true;
    R30, Gamma_R30 := 2124bv64, true;
    call FUN_680_1664();
    goto main_2068__3__fN0A9b3HQhuiC36Xy0_rHA;
  main_2068__3__fN0A9b3HQhuiC36Xy0_rHA:
    assume {:captureState "main_2068__3__fN0A9b3HQhuiC36Xy0_rHA"} true;
    stack, Gamma_stack := memory_store64_le(stack, bvadd64(R31, 56bv64), R0), gamma_store64(Gamma_stack, bvadd64(R31, 56bv64), Gamma_R0);
    assume {:captureState "2124_0"} true;
    R0, Gamma_R0 := 9bv64, true;
    stack, Gamma_stack := memory_store32_le(stack, bvadd64(R31, 36bv64), R0[32:0]), gamma_store32(Gamma_stack, bvadd64(R31, 36bv64), Gamma_R0);
    assume {:captureState "2132_0"} true;
    load26, Gamma_load26 := memory_load64_le(stack, bvadd64(R31, 40bv64)), gamma_load64(Gamma_stack, bvadd64(R31, 40bv64));
    R0, Gamma_R0 := load26, Gamma_load26;
    R1, Gamma_R1 := 65bv64, true;
    call rely();
    assert (L(mem, R0) ==> Gamma_R1);
    mem, Gamma_mem := memory_store8_le(mem, R0, R1[8:0]), gamma_store8(Gamma_mem, R0, Gamma_R1);
    assume {:captureState "2144_0"} true;
    load27, Gamma_load27 := memory_load64_le(stack, bvadd64(R31, 48bv64)), gamma_load64(Gamma_stack, bvadd64(R31, 48bv64));
    R0, Gamma_R0 := load27, Gamma_load27;
    R1, Gamma_R1 := 42bv64, true;
    call rely();
    assert (L(mem, R0) ==> Gamma_R1);
    mem, Gamma_mem := memory_store32_le(mem, R0, R1[32:0]), gamma_store32(Gamma_mem, R0, Gamma_R1);
    assume {:captureState "2156_0"} true;
    load28, Gamma_load28 := memory_load64_le(stack, bvadd64(R31, 40bv64)), gamma_load64(Gamma_stack, bvadd64(R31, 40bv64));
    R0, Gamma_R0 := load28, Gamma_load28;
    R30, Gamma_R30 := 2168bv64, true;
    call printCharValue_2236();
    goto main_2068__4__BE~PRGMvSjG9MvttQyQE0g;
  main_2068__4__BE~PRGMvSjG9MvttQyQE0g:
    assume {:captureState "main_2068__4__BE~PRGMvSjG9MvttQyQE0g"} true;
    load32, Gamma_load32 := memory_load64_le(stack, bvadd64(R31, 48bv64)), gamma_load64(Gamma_stack, bvadd64(R31, 48bv64));
    R0, Gamma_R0 := load32, Gamma_load32;
    call rely();
    load33, Gamma_load33 := memory_load32_le(mem, R0), (gamma_load32(Gamma_mem, R0) || L(mem, R0));
    R0, Gamma_R0 := zero_extend32_32(load33), Gamma_load33;
    R1, Gamma_R1 := zero_extend32_32(R0[32:0]), Gamma_R0;
    R0, Gamma_R0 := 0bv64, true;
    R0, Gamma_R0 := bvadd64(R0, 2336bv64), Gamma_R0;
    R30, Gamma_R30 := 2192bv64, true;
    call FUN_6c0_1728();
    goto main_2068__5__D4s2Co1KQ~Ky~M5w0gLHPQ;
  main_2068__5__D4s2Co1KQ~Ky~M5w0gLHPQ:
    assume {:captureState "main_2068__5__D4s2Co1KQ~Ky~M5w0gLHPQ"} true;
    load34, Gamma_load34 := memory_load32_le(stack, bvadd64(R31, 32bv64)), gamma_load32(Gamma_stack, bvadd64(R31, 32bv64));
    R1, Gamma_R1 := zero_extend32_32(load34), Gamma_load34;
    R0, Gamma_R0 := 0bv64, true;
    R0, Gamma_R0 := bvadd64(R0, 2352bv64), Gamma_R0;
    R30, Gamma_R30 := 2208bv64, true;
    call FUN_6c0_1728();
    goto main_2068__6__p5nsnxjyQKOrSPmPj~5GAQ;
  main_2068__6__p5nsnxjyQKOrSPmPj~5GAQ:
    assume {:captureState "main_2068__6__p5nsnxjyQKOrSPmPj~5GAQ"} true;
    load31, Gamma_load31 := memory_load64_le(stack, bvadd64(R31, 40bv64)), gamma_load64(Gamma_stack, bvadd64(R31, 40bv64));
    R0, Gamma_R0 := load31, Gamma_load31;
    R30, Gamma_R30 := 2216bv64, true;
    call FUN_6b0_1712();
    goto main_2068__7__bVpViQZjRLKY7mskQ1PnAQ;
  main_2068__7__bVpViQZjRLKY7mskQ1PnAQ:
    assume {:captureState "main_2068__7__bVpViQZjRLKY7mskQ1PnAQ"} true;
    load25, Gamma_load25 := memory_load64_le(stack, bvadd64(R31, 48bv64)), gamma_load64(Gamma_stack, bvadd64(R31, 48bv64));
    R0, Gamma_R0 := load25, Gamma_load25;
    R30, Gamma_R30 := 2224bv64, true;
    call FUN_6b0_1712();
    goto main_2068__8__ZGCusIYzRSyjeisM9blzeQ;
  main_2068__8__ZGCusIYzRSyjeisM9blzeQ:
    assume {:captureState "main_2068__8__ZGCusIYzRSyjeisM9blzeQ"} true;
    R0, Gamma_R0 := 0bv64, true;
    load29, Gamma_load29 := memory_load64_le(stack, R31), gamma_load64(Gamma_stack, R31);
    R29, Gamma_R29 := load29, Gamma_load29;
    load30, Gamma_load30 := memory_load64_le(stack, bvadd64(R31, 8bv64)), gamma_load64(Gamma_stack, bvadd64(R31, 8bv64));
    R30, Gamma_R30 := load30, Gamma_load30;
    R31, Gamma_R31 := bvadd64(R31, 64bv64), Gamma_R31;
    goto main_2068_basil_return;
  main_2068_basil_return:
    assume {:captureState "main_2068_basil_return"} true;
    return;
}

procedure malloc();
  free requires (memory_load64_le(mem, 2328bv64) == 131073bv64);
  free requires (memory_load64_le(mem, 2336bv64) == 2338615504306268244bv64);
  free requires (memory_load64_le(mem, 2344bv64) == 2924860384375657bv64);
  free requires (memory_load64_le(mem, 2352bv64) == 7017575154564032596bv64);
  free requires (memory_load64_le(mem, 2360bv64) == 7089063228440191084bv64);
  free requires (memory_load64_le(mem, 2368bv64) == 2675202446017455468bv64);
  free requires (memory_load64_le(mem, 2376bv64) == 2660bv64);
  free requires (memory_load64_le(mem, 2384bv64) == 8241983568019286100bv64);
  free requires (memory_load64_le(mem, 2392bv64) == 7575166128241079840bv64);
  free requires (memory_load8_le(mem, 2400bv64) == 115bv8);
  free requires (memory_load8_le(mem, 2401bv64) == 58bv8);
  free requires (memory_load8_le(mem, 2402bv64) == 32bv8);
  free requires (memory_load8_le(mem, 2403bv64) == 37bv8);
  free requires (memory_load8_le(mem, 2404bv64) == 99bv8);
  free requires (memory_load8_le(mem, 2405bv64) == 10bv8);
  free requires (memory_load8_le(mem, 2406bv64) == 0bv8);
  free requires (memory_load64_le(mem, 68992bv64) == 2064bv64);
  free requires (memory_load64_le(mem, 69000bv64) == 1984bv64);
  free requires (memory_load64_le(mem, 69616bv64) == 2068bv64);
  free requires (memory_load64_le(mem, 69640bv64) == 69640bv64);
  free ensures (memory_load64_le(mem, 2328bv64) == 131073bv64);
  free ensures (memory_load64_le(mem, 2336bv64) == 2338615504306268244bv64);
  free ensures (memory_load64_le(mem, 2344bv64) == 2924860384375657bv64);
  free ensures (memory_load64_le(mem, 2352bv64) == 7017575154564032596bv64);
  free ensures (memory_load64_le(mem, 2360bv64) == 7089063228440191084bv64);
  free ensures (memory_load64_le(mem, 2368bv64) == 2675202446017455468bv64);
  free ensures (memory_load64_le(mem, 2376bv64) == 2660bv64);
  free ensures (memory_load64_le(mem, 2384bv64) == 8241983568019286100bv64);
  free ensures (memory_load64_le(mem, 2392bv64) == 7575166128241079840bv64);
  free ensures (memory_load8_le(mem, 2400bv64) == 115bv8);
  free ensures (memory_load8_le(mem, 2401bv64) == 58bv8);
  free ensures (memory_load8_le(mem, 2402bv64) == 32bv8);
  free ensures (memory_load8_le(mem, 2403bv64) == 37bv8);
  free ensures (memory_load8_le(mem, 2404bv64) == 99bv8);
  free ensures (memory_load8_le(mem, 2405bv64) == 10bv8);
  free ensures (memory_load8_le(mem, 2406bv64) == 0bv8);
  free ensures (memory_load64_le(mem, 68992bv64) == 2064bv64);
  free ensures (memory_load64_le(mem, 69000bv64) == 1984bv64);
  free ensures (memory_load64_le(mem, 69616bv64) == 2068bv64);
  free ensures (memory_load64_le(mem, 69640bv64) == 69640bv64);

procedure printf();
  free requires (memory_load64_le(mem, 2328bv64) == 131073bv64);
  free requires (memory_load64_le(mem, 2336bv64) == 2338615504306268244bv64);
  free requires (memory_load64_le(mem, 2344bv64) == 2924860384375657bv64);
  free requires (memory_load64_le(mem, 2352bv64) == 7017575154564032596bv64);
  free requires (memory_load64_le(mem, 2360bv64) == 7089063228440191084bv64);
  free requires (memory_load64_le(mem, 2368bv64) == 2675202446017455468bv64);
  free requires (memory_load64_le(mem, 2376bv64) == 2660bv64);
  free requires (memory_load64_le(mem, 2384bv64) == 8241983568019286100bv64);
  free requires (memory_load64_le(mem, 2392bv64) == 7575166128241079840bv64);
  free requires (memory_load8_le(mem, 2400bv64) == 115bv8);
  free requires (memory_load8_le(mem, 2401bv64) == 58bv8);
  free requires (memory_load8_le(mem, 2402bv64) == 32bv8);
  free requires (memory_load8_le(mem, 2403bv64) == 37bv8);
  free requires (memory_load8_le(mem, 2404bv64) == 99bv8);
  free requires (memory_load8_le(mem, 2405bv64) == 10bv8);
  free requires (memory_load8_le(mem, 2406bv64) == 0bv8);
  free requires (memory_load64_le(mem, 68992bv64) == 2064bv64);
  free requires (memory_load64_le(mem, 69000bv64) == 1984bv64);
  free requires (memory_load64_le(mem, 69616bv64) == 2068bv64);
  free requires (memory_load64_le(mem, 69640bv64) == 69640bv64);
  free ensures (memory_load64_le(mem, 2328bv64) == 131073bv64);
  free ensures (memory_load64_le(mem, 2336bv64) == 2338615504306268244bv64);
  free ensures (memory_load64_le(mem, 2344bv64) == 2924860384375657bv64);
  free ensures (memory_load64_le(mem, 2352bv64) == 7017575154564032596bv64);
  free ensures (memory_load64_le(mem, 2360bv64) == 7089063228440191084bv64);
  free ensures (memory_load64_le(mem, 2368bv64) == 2675202446017455468bv64);
  free ensures (memory_load64_le(mem, 2376bv64) == 2660bv64);
  free ensures (memory_load64_le(mem, 2384bv64) == 8241983568019286100bv64);
  free ensures (memory_load64_le(mem, 2392bv64) == 7575166128241079840bv64);
  free ensures (memory_load8_le(mem, 2400bv64) == 115bv8);
  free ensures (memory_load8_le(mem, 2401bv64) == 58bv8);
  free ensures (memory_load8_le(mem, 2402bv64) == 32bv8);
  free ensures (memory_load8_le(mem, 2403bv64) == 37bv8);
  free ensures (memory_load8_le(mem, 2404bv64) == 99bv8);
  free ensures (memory_load8_le(mem, 2405bv64) == 10bv8);
  free ensures (memory_load8_le(mem, 2406bv64) == 0bv8);
  free ensures (memory_load64_le(mem, 68992bv64) == 2064bv64);
  free ensures (memory_load64_le(mem, 69000bv64) == 1984bv64);
  free ensures (memory_load64_le(mem, 69616bv64) == 2068bv64);
  free ensures (memory_load64_le(mem, 69640bv64) == 69640bv64);

procedure #free();
  free requires (memory_load64_le(mem, 2328bv64) == 131073bv64);
  free requires (memory_load64_le(mem, 2336bv64) == 2338615504306268244bv64);
  free requires (memory_load64_le(mem, 2344bv64) == 2924860384375657bv64);
  free requires (memory_load64_le(mem, 2352bv64) == 7017575154564032596bv64);
  free requires (memory_load64_le(mem, 2360bv64) == 7089063228440191084bv64);
  free requires (memory_load64_le(mem, 2368bv64) == 2675202446017455468bv64);
  free requires (memory_load64_le(mem, 2376bv64) == 2660bv64);
  free requires (memory_load64_le(mem, 2384bv64) == 8241983568019286100bv64);
  free requires (memory_load64_le(mem, 2392bv64) == 7575166128241079840bv64);
  free requires (memory_load8_le(mem, 2400bv64) == 115bv8);
  free requires (memory_load8_le(mem, 2401bv64) == 58bv8);
  free requires (memory_load8_le(mem, 2402bv64) == 32bv8);
  free requires (memory_load8_le(mem, 2403bv64) == 37bv8);
  free requires (memory_load8_le(mem, 2404bv64) == 99bv8);
  free requires (memory_load8_le(mem, 2405bv64) == 10bv8);
  free requires (memory_load8_le(mem, 2406bv64) == 0bv8);
  free requires (memory_load64_le(mem, 68992bv64) == 2064bv64);
  free requires (memory_load64_le(mem, 69000bv64) == 1984bv64);
  free requires (memory_load64_le(mem, 69616bv64) == 2068bv64);
  free requires (memory_load64_le(mem, 69640bv64) == 69640bv64);
  free ensures (memory_load64_le(mem, 2328bv64) == 131073bv64);
  free ensures (memory_load64_le(mem, 2336bv64) == 2338615504306268244bv64);
  free ensures (memory_load64_le(mem, 2344bv64) == 2924860384375657bv64);
  free ensures (memory_load64_le(mem, 2352bv64) == 7017575154564032596bv64);
  free ensures (memory_load64_le(mem, 2360bv64) == 7089063228440191084bv64);
  free ensures (memory_load64_le(mem, 2368bv64) == 2675202446017455468bv64);
  free ensures (memory_load64_le(mem, 2376bv64) == 2660bv64);
  free ensures (memory_load64_le(mem, 2384bv64) == 8241983568019286100bv64);
  free ensures (memory_load64_le(mem, 2392bv64) == 7575166128241079840bv64);
  free ensures (memory_load8_le(mem, 2400bv64) == 115bv8);
  free ensures (memory_load8_le(mem, 2401bv64) == 58bv8);
  free ensures (memory_load8_le(mem, 2402bv64) == 32bv8);
  free ensures (memory_load8_le(mem, 2403bv64) == 37bv8);
  free ensures (memory_load8_le(mem, 2404bv64) == 99bv8);
  free ensures (memory_load8_le(mem, 2405bv64) == 10bv8);
  free ensures (memory_load8_le(mem, 2406bv64) == 0bv8);
  free ensures (memory_load64_le(mem, 68992bv64) == 2064bv64);
  free ensures (memory_load64_le(mem, 69000bv64) == 1984bv64);
  free ensures (memory_load64_le(mem, 69616bv64) == 2068bv64);
  free ensures (memory_load64_le(mem, 69640bv64) == 69640bv64);

