var {:extern} $Gamma_R0: bool;
var {:extern} $Gamma_R1: bool;
var {:extern} $Gamma_R31: bool;
var {:extern} $Gamma_mem: [bv64]bool;
var {:extern} $Gamma_stack: [bv64]bool;
var {:extern} $R0: bv64;
var {:extern} $R1: bv64;
var {:extern} $R31: bv64;
var {:extern} $mem: [bv64]bv8;
var {:extern} $stack: [bv64]bv8;
const {:extern} $arr_addr: bv64;
axiom ($arr_addr == 69656bv64);
function {:extern} L(#mem$in: [bv64]bv8, #index: bv64) returns (bool) {
  (if (bvsge64(#index, $arr_addr) && bvslt64(#index, bvadd64($arr_addr, 8bv64))) then false else false)
}

function {:extern} {:bvbuiltin "bvadd"} bvadd64(bv64, bv64) returns (bv64);
function {:extern} {:bvbuiltin "bvsge"} bvsge64(bv64, bv64) returns (bool);
function {:extern} {:bvbuiltin "bvslt"} bvslt64(bv64, bv64) returns (bool);
function {:extern} gamma_load32(#gammaMap: [bv64]bool, #index: bv64) returns (bool) {
  (#gammaMap[bvadd64(#index, 3bv64)] && (#gammaMap[bvadd64(#index, 2bv64)] && (#gammaMap[bvadd64(#index, 1bv64)] && #gammaMap[#index])))
}

function {:extern} gamma_store32(#gammaMap: [bv64]bool, #index: bv64, #value: bool) returns ([bv64]bool) {
  #gammaMap[#index := #value][bvadd64(#index, 1bv64) := #value][bvadd64(#index, 2bv64) := #value][bvadd64(#index, 3bv64) := #value]
}

function {:extern} memory_load32_le(#memory: [bv64]bv8, #index: bv64) returns (bv32) {
  (#memory[bvadd64(#index, 3bv64)] ++ (#memory[bvadd64(#index, 2bv64)] ++ (#memory[bvadd64(#index, 1bv64)] ++ #memory[#index])))
}

function {:extern} memory_load64_le(#memory: [bv64]bv8, #index: bv64) returns (bv64) {
  (#memory[bvadd64(#index, 7bv64)] ++ (#memory[bvadd64(#index, 6bv64)] ++ (#memory[bvadd64(#index, 5bv64)] ++ (#memory[bvadd64(#index, 4bv64)] ++ (#memory[bvadd64(#index, 3bv64)] ++ (#memory[bvadd64(#index, 2bv64)] ++ (#memory[bvadd64(#index, 1bv64)] ++ #memory[#index])))))))
}

function {:extern} memory_store32_le(#memory: [bv64]bv8, #index: bv64, #value: bv32) returns ([bv64]bv8) {
  #memory[#index := #value[8:0]][bvadd64(#index, 1bv64) := #value[16:8]][bvadd64(#index, 2bv64) := #value[24:16]][bvadd64(#index, 3bv64) := #value[32:24]]
}

function {:extern} {:bvbuiltin "zero_extend 32"} zero_extend32_32(bv32) returns (bv64);
procedure {:extern} p$rely();
  modifies $Gamma_mem, $mem;
  ensures (forall #i: bv64::  ((($mem[#i] == old($mem[#i])) ==> ($Gamma_mem[#i] == old($Gamma_mem[#i])))));
  ensures true;
  free ensures (memory_load32_le($mem, 1868bv64) == 131073bv32);
  free ensures (memory_load64_le($mem, 69016bv64) == 1808bv64);
  free ensures (memory_load64_le($mem, 69024bv64) == 1728bv64);
  free ensures (memory_load64_le($mem, 69616bv64) == 1812bv64);
  free ensures (memory_load64_le($mem, 69640bv64) == 69640bv64);

procedure {:extern} p$rely_transitive();
  modifies $Gamma_mem, $mem;
  ensures true;

implementation {:extern} p$rely_transitive()
{
  call p$rely();
  call p$rely();
}

procedure {:extern} p$rely_reflexive();

implementation {:extern} p$rely_reflexive()
{
  assert true;
}

procedure {:extern} p$guarantee_reflexive();
  modifies $Gamma_mem, $mem;

implementation {:extern} p$guarantee_reflexive()
{
  assert (memory_load32_le($mem, bvadd64($arr_addr, 0bv64)) == memory_load32_le($mem, bvadd64($arr_addr, 0bv64)));
}

procedure p$main_1812();
  modifies $Gamma_R0, $Gamma_R1, $Gamma_R31, $Gamma_mem, $Gamma_stack, $R0, $R1, $R31, $mem, $stack;
  requires ($Gamma_R0 == false);
  free requires (memory_load64_le($mem, 69632bv64) == 0bv64);
  free requires (memory_load64_le($mem, 69640bv64) == 69640bv64);
  free requires (memory_load32_le($mem, 1868bv64) == 131073bv32);
  free requires (memory_load64_le($mem, 69016bv64) == 1808bv64);
  free requires (memory_load64_le($mem, 69024bv64) == 1728bv64);
  free requires (memory_load64_le($mem, 69616bv64) == 1812bv64);
  free requires (memory_load64_le($mem, 69640bv64) == 69640bv64);
  free ensures ($Gamma_R31 == old($Gamma_R31));
  free ensures ($R31 == old($R31));
  free ensures (memory_load32_le($mem, 1868bv64) == 131073bv32);
  free ensures (memory_load64_le($mem, 69016bv64) == 1808bv64);
  free ensures (memory_load64_le($mem, 69024bv64) == 1728bv64);
  free ensures (memory_load64_le($mem, 69616bv64) == 1812bv64);
  free ensures (memory_load64_le($mem, 69640bv64) == 69640bv64);

implementation p$main_1812()
{
  var #Gamma_load14: bool;
  var #arr$0_old: bv32;
  var #load14: bv32;
  b#main_entry:
    assume {:captureState "main_entry (xPJOAvxpQvOT0IITWVjgKA==)"} true;
    $R31, $Gamma_R31 := bvadd64($R31, 18446744073709551600bv64), $Gamma_R31;
    $stack, $Gamma_stack := memory_store32_le($stack, bvadd64($R31, 12bv64), $R0[32:0]), gamma_store32($Gamma_stack, bvadd64($R31, 12bv64), $Gamma_R0);
    assume {:captureState "1816_0"} true;
    $R0, $Gamma_R0 := 69632bv64, true;
    $R0, $Gamma_R0 := bvadd64($R0, 24bv64), $Gamma_R0;
    #load14, #Gamma_load14 := memory_load32_le($stack, bvadd64($R31, 12bv64)), gamma_load32($Gamma_stack, bvadd64($R31, 12bv64));
    $R1, $Gamma_R1 := zero_extend32_32(#load14), #Gamma_load14;
    call p$rely();
    #arr$0_old := memory_load32_le($mem, bvadd64($arr_addr, 0bv64));
    assert (L($mem, bvadd64($R0, 4bv64)) ==> $Gamma_R1);
    $mem, $Gamma_mem := memory_store32_le($mem, bvadd64($R0, 4bv64), $R1[32:0]), gamma_store32($Gamma_mem, bvadd64($R0, 4bv64), $Gamma_R1);
    assert (#arr$0_old == memory_load32_le($mem, bvadd64($arr_addr, 0bv64)));
    assume {:captureState "1832_0"} true;
    $R0, $Gamma_R0 := 0bv64, true;
    $R31, $Gamma_R31 := bvadd64($R31, 16bv64), $Gamma_R31;
    goto b#main_basil_return_1;
  b#main_basil_return_1:
    assume {:captureState "main_basil_return_1"} true;
    return;
}

