var Gamma_R0: bool;
var Gamma_R1: bool;
var Gamma_R2: bool;
var Gamma_R29: bool;
var Gamma_R30: bool;
var Gamma_R31: bool;
var Gamma_mem: [bv64]bool;
var Gamma_stack: [bv64]bool;
var R0: bv64;
var R1: bv64;
var R2: bv64;
var R29: bv64;
var R30: bv64;
var R31: bv64;
var mem: [bv64]bv8;
var stack: [bv64]bv8;
const $_IO_stdin_used_addr: bv64;
axiom ($_IO_stdin_used_addr == 2048bv64);
const $x_addr: bv64;
axiom ($x_addr == 69652bv64);
const $y_addr: bv64;
axiom ($y_addr == 69656bv64);
function L(memory: [bv64]bv8, index: bv64) returns (bool) {
  false
}

function {:bvbuiltin "bvadd"} bvadd32(bv32, bv32) returns (bv32);
function {:bvbuiltin "bvadd"} bvadd64(bv64, bv64) returns (bv64);
function gamma_load32(gammaMap: [bv64]bool, index: bv64) returns (bool) {
  (gammaMap[bvadd64(index, 3bv64)] && (gammaMap[bvadd64(index, 2bv64)] && (gammaMap[bvadd64(index, 1bv64)] && gammaMap[index])))
}

function gamma_load64(gammaMap: [bv64]bool, index: bv64) returns (bool) {
  (gammaMap[bvadd64(index, 7bv64)] && (gammaMap[bvadd64(index, 6bv64)] && (gammaMap[bvadd64(index, 5bv64)] && (gammaMap[bvadd64(index, 4bv64)] && (gammaMap[bvadd64(index, 3bv64)] && (gammaMap[bvadd64(index, 2bv64)] && (gammaMap[bvadd64(index, 1bv64)] && gammaMap[index])))))))
}

function gamma_load8(gammaMap: [bv64]bool, index: bv64) returns (bool) {
  gammaMap[index]
}

function gamma_store32(gammaMap: [bv64]bool, index: bv64, value: bool) returns ([bv64]bool) {
  gammaMap[index := value][bvadd64(index, 1bv64) := value][bvadd64(index, 2bv64) := value][bvadd64(index, 3bv64) := value]
}

function gamma_store64(gammaMap: [bv64]bool, index: bv64, value: bool) returns ([bv64]bool) {
  gammaMap[index := value][bvadd64(index, 1bv64) := value][bvadd64(index, 2bv64) := value][bvadd64(index, 3bv64) := value][bvadd64(index, 4bv64) := value][bvadd64(index, 5bv64) := value][bvadd64(index, 6bv64) := value][bvadd64(index, 7bv64) := value]
}

function gamma_store8(gammaMap: [bv64]bool, index: bv64, value: bool) returns ([bv64]bool) {
  gammaMap[index := value]
}

function memory_load32_le(memory: [bv64]bv8, index: bv64) returns (bv32) {
  (memory[bvadd64(index, 3bv64)] ++ (memory[bvadd64(index, 2bv64)] ++ (memory[bvadd64(index, 1bv64)] ++ memory[index])))
}

function memory_load64_le(memory: [bv64]bv8, index: bv64) returns (bv64) {
  (memory[bvadd64(index, 7bv64)] ++ (memory[bvadd64(index, 6bv64)] ++ (memory[bvadd64(index, 5bv64)] ++ (memory[bvadd64(index, 4bv64)] ++ (memory[bvadd64(index, 3bv64)] ++ (memory[bvadd64(index, 2bv64)] ++ (memory[bvadd64(index, 1bv64)] ++ memory[index])))))))
}

function memory_load8_le(memory: [bv64]bv8, index: bv64) returns (bv8) {
  memory[index]
}

function memory_store32_le(memory: [bv64]bv8, index: bv64, value: bv32) returns ([bv64]bv8) {
  memory[index := value[8:0]][bvadd64(index, 1bv64) := value[16:8]][bvadd64(index, 2bv64) := value[24:16]][bvadd64(index, 3bv64) := value[32:24]]
}

function memory_store64_le(memory: [bv64]bv8, index: bv64, value: bv64) returns ([bv64]bv8) {
  memory[index := value[8:0]][bvadd64(index, 1bv64) := value[16:8]][bvadd64(index, 2bv64) := value[24:16]][bvadd64(index, 3bv64) := value[32:24]][bvadd64(index, 4bv64) := value[40:32]][bvadd64(index, 5bv64) := value[48:40]][bvadd64(index, 6bv64) := value[56:48]][bvadd64(index, 7bv64) := value[64:56]]
}

function memory_store8_le(memory: [bv64]bv8, index: bv64, value: bv8) returns ([bv64]bv8) {
  memory[index := value[8:0]]
}

function {:bvbuiltin "zero_extend 32"} zero_extend32_32(bv32) returns (bv64);
function {:bvbuiltin "zero_extend 56"} zero_extend56_8(bv8) returns (bv64);
procedure rely();
  modifies mem, Gamma_mem;
  ensures (mem == old(mem));
  ensures (Gamma_mem == old(Gamma_mem));
  free ensures (memory_load8_le(mem, 2048bv64) == 1bv8);
  free ensures (memory_load8_le(mem, 2049bv64) == 0bv8);
  free ensures (memory_load8_le(mem, 2050bv64) == 2bv8);
  free ensures (memory_load8_le(mem, 2051bv64) == 0bv8);
  free ensures (memory_load8_le(mem, 2052bv64) == 0bv8);
  free ensures (memory_load8_le(mem, 2053bv64) == 0bv8);
  free ensures (memory_load8_le(mem, 2054bv64) == 0bv8);
  free ensures (memory_load8_le(mem, 2055bv64) == 0bv8);
  free ensures (memory_load8_le(mem, 2056bv64) == 37bv8);
  free ensures (memory_load8_le(mem, 2057bv64) == 100bv8);
  free ensures (memory_load8_le(mem, 2058bv64) == 10bv8);
  free ensures (memory_load8_le(mem, 2059bv64) == 0bv8);
  free ensures (memory_load8_le(mem, 69008bv64) == 80bv8);
  free ensures (memory_load8_le(mem, 69009bv64) == 7bv8);
  free ensures (memory_load8_le(mem, 69010bv64) == 0bv8);
  free ensures (memory_load8_le(mem, 69011bv64) == 0bv8);
  free ensures (memory_load8_le(mem, 69012bv64) == 0bv8);
  free ensures (memory_load8_le(mem, 69013bv64) == 0bv8);
  free ensures (memory_load8_le(mem, 69014bv64) == 0bv8);
  free ensures (memory_load8_le(mem, 69015bv64) == 0bv8);
  free ensures (memory_load8_le(mem, 69016bv64) == 0bv8);
  free ensures (memory_load8_le(mem, 69017bv64) == 7bv8);
  free ensures (memory_load8_le(mem, 69018bv64) == 0bv8);
  free ensures (memory_load8_le(mem, 69019bv64) == 0bv8);
  free ensures (memory_load8_le(mem, 69020bv64) == 0bv8);
  free ensures (memory_load8_le(mem, 69021bv64) == 0bv8);
  free ensures (memory_load8_le(mem, 69022bv64) == 0bv8);
  free ensures (memory_load8_le(mem, 69023bv64) == 0bv8);
  free ensures (memory_load8_le(mem, 69616bv64) == 132bv8);
  free ensures (memory_load8_le(mem, 69617bv64) == 7bv8);
  free ensures (memory_load8_le(mem, 69618bv64) == 0bv8);
  free ensures (memory_load8_le(mem, 69619bv64) == 0bv8);
  free ensures (memory_load8_le(mem, 69620bv64) == 0bv8);
  free ensures (memory_load8_le(mem, 69621bv64) == 0bv8);
  free ensures (memory_load8_le(mem, 69622bv64) == 0bv8);
  free ensures (memory_load8_le(mem, 69623bv64) == 0bv8);
  free ensures (memory_load8_le(mem, 69640bv64) == 8bv8);
  free ensures (memory_load8_le(mem, 69641bv64) == 16bv8);
  free ensures (memory_load8_le(mem, 69642bv64) == 1bv8);
  free ensures (memory_load8_le(mem, 69643bv64) == 0bv8);
  free ensures (memory_load8_le(mem, 69644bv64) == 0bv8);
  free ensures (memory_load8_le(mem, 69645bv64) == 0bv8);
  free ensures (memory_load8_le(mem, 69646bv64) == 0bv8);
  free ensures (memory_load8_le(mem, 69647bv64) == 0bv8);

procedure rely_transitive()
  modifies mem, Gamma_mem;
  ensures (mem == old(mem));
  ensures (Gamma_mem == old(Gamma_mem));
{
  call rely();
  call rely();
}

procedure rely_reflexive();

procedure guarantee_reflexive();
  modifies mem, Gamma_mem;

procedure get_two()
  modifies Gamma_R0, Gamma_R1, Gamma_R31, Gamma_stack, R0, R1, R31, stack;
  free requires (memory_load8_le(mem, 2048bv64) == 1bv8);
  free requires (memory_load8_le(mem, 2049bv64) == 0bv8);
  free requires (memory_load8_le(mem, 2050bv64) == 2bv8);
  free requires (memory_load8_le(mem, 2051bv64) == 0bv8);
  free requires (memory_load8_le(mem, 2052bv64) == 0bv8);
  free requires (memory_load8_le(mem, 2053bv64) == 0bv8);
  free requires (memory_load8_le(mem, 2054bv64) == 0bv8);
  free requires (memory_load8_le(mem, 2055bv64) == 0bv8);
  free requires (memory_load8_le(mem, 2056bv64) == 37bv8);
  free requires (memory_load8_le(mem, 2057bv64) == 100bv8);
  free requires (memory_load8_le(mem, 2058bv64) == 10bv8);
  free requires (memory_load8_le(mem, 2059bv64) == 0bv8);
  free requires (memory_load8_le(mem, 69008bv64) == 80bv8);
  free requires (memory_load8_le(mem, 69009bv64) == 7bv8);
  free requires (memory_load8_le(mem, 69010bv64) == 0bv8);
  free requires (memory_load8_le(mem, 69011bv64) == 0bv8);
  free requires (memory_load8_le(mem, 69012bv64) == 0bv8);
  free requires (memory_load8_le(mem, 69013bv64) == 0bv8);
  free requires (memory_load8_le(mem, 69014bv64) == 0bv8);
  free requires (memory_load8_le(mem, 69015bv64) == 0bv8);
  free requires (memory_load8_le(mem, 69016bv64) == 0bv8);
  free requires (memory_load8_le(mem, 69017bv64) == 7bv8);
  free requires (memory_load8_le(mem, 69018bv64) == 0bv8);
  free requires (memory_load8_le(mem, 69019bv64) == 0bv8);
  free requires (memory_load8_le(mem, 69020bv64) == 0bv8);
  free requires (memory_load8_le(mem, 69021bv64) == 0bv8);
  free requires (memory_load8_le(mem, 69022bv64) == 0bv8);
  free requires (memory_load8_le(mem, 69023bv64) == 0bv8);
  free requires (memory_load8_le(mem, 69616bv64) == 132bv8);
  free requires (memory_load8_le(mem, 69617bv64) == 7bv8);
  free requires (memory_load8_le(mem, 69618bv64) == 0bv8);
  free requires (memory_load8_le(mem, 69619bv64) == 0bv8);
  free requires (memory_load8_le(mem, 69620bv64) == 0bv8);
  free requires (memory_load8_le(mem, 69621bv64) == 0bv8);
  free requires (memory_load8_le(mem, 69622bv64) == 0bv8);
  free requires (memory_load8_le(mem, 69623bv64) == 0bv8);
  free requires (memory_load8_le(mem, 69640bv64) == 8bv8);
  free requires (memory_load8_le(mem, 69641bv64) == 16bv8);
  free requires (memory_load8_le(mem, 69642bv64) == 1bv8);
  free requires (memory_load8_le(mem, 69643bv64) == 0bv8);
  free requires (memory_load8_le(mem, 69644bv64) == 0bv8);
  free requires (memory_load8_le(mem, 69645bv64) == 0bv8);
  free requires (memory_load8_le(mem, 69646bv64) == 0bv8);
  free requires (memory_load8_le(mem, 69647bv64) == 0bv8);
  free ensures (Gamma_R31 == old(Gamma_R31));
  free ensures (R31 == old(R31));
  free ensures (memory_load8_le(mem, 2048bv64) == 1bv8);
  free ensures (memory_load8_le(mem, 2049bv64) == 0bv8);
  free ensures (memory_load8_le(mem, 2050bv64) == 2bv8);
  free ensures (memory_load8_le(mem, 2051bv64) == 0bv8);
  free ensures (memory_load8_le(mem, 2052bv64) == 0bv8);
  free ensures (memory_load8_le(mem, 2053bv64) == 0bv8);
  free ensures (memory_load8_le(mem, 2054bv64) == 0bv8);
  free ensures (memory_load8_le(mem, 2055bv64) == 0bv8);
  free ensures (memory_load8_le(mem, 2056bv64) == 37bv8);
  free ensures (memory_load8_le(mem, 2057bv64) == 100bv8);
  free ensures (memory_load8_le(mem, 2058bv64) == 10bv8);
  free ensures (memory_load8_le(mem, 2059bv64) == 0bv8);
  free ensures (memory_load8_le(mem, 69008bv64) == 80bv8);
  free ensures (memory_load8_le(mem, 69009bv64) == 7bv8);
  free ensures (memory_load8_le(mem, 69010bv64) == 0bv8);
  free ensures (memory_load8_le(mem, 69011bv64) == 0bv8);
  free ensures (memory_load8_le(mem, 69012bv64) == 0bv8);
  free ensures (memory_load8_le(mem, 69013bv64) == 0bv8);
  free ensures (memory_load8_le(mem, 69014bv64) == 0bv8);
  free ensures (memory_load8_le(mem, 69015bv64) == 0bv8);
  free ensures (memory_load8_le(mem, 69016bv64) == 0bv8);
  free ensures (memory_load8_le(mem, 69017bv64) == 7bv8);
  free ensures (memory_load8_le(mem, 69018bv64) == 0bv8);
  free ensures (memory_load8_le(mem, 69019bv64) == 0bv8);
  free ensures (memory_load8_le(mem, 69020bv64) == 0bv8);
  free ensures (memory_load8_le(mem, 69021bv64) == 0bv8);
  free ensures (memory_load8_le(mem, 69022bv64) == 0bv8);
  free ensures (memory_load8_le(mem, 69023bv64) == 0bv8);
  free ensures (memory_load8_le(mem, 69616bv64) == 132bv8);
  free ensures (memory_load8_le(mem, 69617bv64) == 7bv8);
  free ensures (memory_load8_le(mem, 69618bv64) == 0bv8);
  free ensures (memory_load8_le(mem, 69619bv64) == 0bv8);
  free ensures (memory_load8_le(mem, 69620bv64) == 0bv8);
  free ensures (memory_load8_le(mem, 69621bv64) == 0bv8);
  free ensures (memory_load8_le(mem, 69622bv64) == 0bv8);
  free ensures (memory_load8_le(mem, 69623bv64) == 0bv8);
  free ensures (memory_load8_le(mem, 69640bv64) == 8bv8);
  free ensures (memory_load8_le(mem, 69641bv64) == 16bv8);
  free ensures (memory_load8_le(mem, 69642bv64) == 1bv8);
  free ensures (memory_load8_le(mem, 69643bv64) == 0bv8);
  free ensures (memory_load8_le(mem, 69644bv64) == 0bv8);
  free ensures (memory_load8_le(mem, 69645bv64) == 0bv8);
  free ensures (memory_load8_le(mem, 69646bv64) == 0bv8);
  free ensures (memory_load8_le(mem, 69647bv64) == 0bv8);
{
  lget_two:
    R31, Gamma_R31 := bvadd64(R31, 18446744073709551600bv64), Gamma_R31;
    stack, Gamma_stack := memory_store8_le(stack, bvadd64(R31, 15bv64), R0[8:0]), gamma_store8(Gamma_stack, bvadd64(R31, 15bv64), Gamma_R0);
    stack, Gamma_stack := memory_store32_le(stack, bvadd64(R31, 8bv64), R1[32:0]), gamma_store32(Gamma_stack, bvadd64(R31, 8bv64), Gamma_R1);
    stack, Gamma_stack := memory_store64_le(stack, R31, R2), gamma_store64(Gamma_stack, R31, Gamma_R2);
    R1, Gamma_R1 := zero_extend56_8(memory_load8_le(stack, bvadd64(R31, 15bv64))), gamma_load8(Gamma_stack, bvadd64(R31, 15bv64));
    R0, Gamma_R0 := zero_extend32_32(memory_load32_le(stack, bvadd64(R31, 8bv64))), gamma_load32(Gamma_stack, bvadd64(R31, 8bv64));
    R0, Gamma_R0 := zero_extend32_32(bvadd32(R1[32:0], R0[32:0])), (Gamma_R0 && Gamma_R1);
    R1, Gamma_R1 := zero_extend32_32(R0[32:0]), Gamma_R0;
    R0, Gamma_R0 := memory_load64_le(stack, R31), gamma_load64(Gamma_stack, R31);
    R0, Gamma_R0 := zero_extend32_32(bvadd32(R1[32:0], R0[32:0])), (Gamma_R0 && Gamma_R1);
    R31, Gamma_R31 := bvadd64(R31, 16bv64), Gamma_R31;
    return;
}

procedure main()
  modifies Gamma_R0, Gamma_R1, Gamma_R2, Gamma_R29, Gamma_R30, Gamma_R31, Gamma_mem, Gamma_stack, R0, R1, R2, R29, R30, R31, mem, stack;
  free requires (memory_load8_le(mem, 69632bv64) == 0bv8);
  free requires (memory_load8_le(mem, 69633bv64) == 0bv8);
  free requires (memory_load8_le(mem, 69634bv64) == 0bv8);
  free requires (memory_load8_le(mem, 69635bv64) == 0bv8);
  free requires (memory_load8_le(mem, 69636bv64) == 0bv8);
  free requires (memory_load8_le(mem, 69637bv64) == 0bv8);
  free requires (memory_load8_le(mem, 69638bv64) == 0bv8);
  free requires (memory_load8_le(mem, 69639bv64) == 0bv8);
  free requires (memory_load8_le(mem, 69640bv64) == 8bv8);
  free requires (memory_load8_le(mem, 69641bv64) == 16bv8);
  free requires (memory_load8_le(mem, 69642bv64) == 1bv8);
  free requires (memory_load8_le(mem, 69643bv64) == 0bv8);
  free requires (memory_load8_le(mem, 69644bv64) == 0bv8);
  free requires (memory_load8_le(mem, 69645bv64) == 0bv8);
  free requires (memory_load8_le(mem, 69646bv64) == 0bv8);
  free requires (memory_load8_le(mem, 69647bv64) == 0bv8);
  free requires (memory_load8_le(mem, 2048bv64) == 1bv8);
  free requires (memory_load8_le(mem, 2049bv64) == 0bv8);
  free requires (memory_load8_le(mem, 2050bv64) == 2bv8);
  free requires (memory_load8_le(mem, 2051bv64) == 0bv8);
  free requires (memory_load8_le(mem, 2052bv64) == 0bv8);
  free requires (memory_load8_le(mem, 2053bv64) == 0bv8);
  free requires (memory_load8_le(mem, 2054bv64) == 0bv8);
  free requires (memory_load8_le(mem, 2055bv64) == 0bv8);
  free requires (memory_load8_le(mem, 2056bv64) == 37bv8);
  free requires (memory_load8_le(mem, 2057bv64) == 100bv8);
  free requires (memory_load8_le(mem, 2058bv64) == 10bv8);
  free requires (memory_load8_le(mem, 2059bv64) == 0bv8);
  free requires (memory_load8_le(mem, 69008bv64) == 80bv8);
  free requires (memory_load8_le(mem, 69009bv64) == 7bv8);
  free requires (memory_load8_le(mem, 69010bv64) == 0bv8);
  free requires (memory_load8_le(mem, 69011bv64) == 0bv8);
  free requires (memory_load8_le(mem, 69012bv64) == 0bv8);
  free requires (memory_load8_le(mem, 69013bv64) == 0bv8);
  free requires (memory_load8_le(mem, 69014bv64) == 0bv8);
  free requires (memory_load8_le(mem, 69015bv64) == 0bv8);
  free requires (memory_load8_le(mem, 69016bv64) == 0bv8);
  free requires (memory_load8_le(mem, 69017bv64) == 7bv8);
  free requires (memory_load8_le(mem, 69018bv64) == 0bv8);
  free requires (memory_load8_le(mem, 69019bv64) == 0bv8);
  free requires (memory_load8_le(mem, 69020bv64) == 0bv8);
  free requires (memory_load8_le(mem, 69021bv64) == 0bv8);
  free requires (memory_load8_le(mem, 69022bv64) == 0bv8);
  free requires (memory_load8_le(mem, 69023bv64) == 0bv8);
  free requires (memory_load8_le(mem, 69616bv64) == 132bv8);
  free requires (memory_load8_le(mem, 69617bv64) == 7bv8);
  free requires (memory_load8_le(mem, 69618bv64) == 0bv8);
  free requires (memory_load8_le(mem, 69619bv64) == 0bv8);
  free requires (memory_load8_le(mem, 69620bv64) == 0bv8);
  free requires (memory_load8_le(mem, 69621bv64) == 0bv8);
  free requires (memory_load8_le(mem, 69622bv64) == 0bv8);
  free requires (memory_load8_le(mem, 69623bv64) == 0bv8);
  free requires (memory_load8_le(mem, 69640bv64) == 8bv8);
  free requires (memory_load8_le(mem, 69641bv64) == 16bv8);
  free requires (memory_load8_le(mem, 69642bv64) == 1bv8);
  free requires (memory_load8_le(mem, 69643bv64) == 0bv8);
  free requires (memory_load8_le(mem, 69644bv64) == 0bv8);
  free requires (memory_load8_le(mem, 69645bv64) == 0bv8);
  free requires (memory_load8_le(mem, 69646bv64) == 0bv8);
  free requires (memory_load8_le(mem, 69647bv64) == 0bv8);
  free ensures (Gamma_R29 == old(Gamma_R29));
  free ensures (Gamma_R31 == old(Gamma_R31));
  free ensures (R29 == old(R29));
  free ensures (R31 == old(R31));
  free ensures (memory_load8_le(mem, 2048bv64) == 1bv8);
  free ensures (memory_load8_le(mem, 2049bv64) == 0bv8);
  free ensures (memory_load8_le(mem, 2050bv64) == 2bv8);
  free ensures (memory_load8_le(mem, 2051bv64) == 0bv8);
  free ensures (memory_load8_le(mem, 2052bv64) == 0bv8);
  free ensures (memory_load8_le(mem, 2053bv64) == 0bv8);
  free ensures (memory_load8_le(mem, 2054bv64) == 0bv8);
  free ensures (memory_load8_le(mem, 2055bv64) == 0bv8);
  free ensures (memory_load8_le(mem, 2056bv64) == 37bv8);
  free ensures (memory_load8_le(mem, 2057bv64) == 100bv8);
  free ensures (memory_load8_le(mem, 2058bv64) == 10bv8);
  free ensures (memory_load8_le(mem, 2059bv64) == 0bv8);
  free ensures (memory_load8_le(mem, 69008bv64) == 80bv8);
  free ensures (memory_load8_le(mem, 69009bv64) == 7bv8);
  free ensures (memory_load8_le(mem, 69010bv64) == 0bv8);
  free ensures (memory_load8_le(mem, 69011bv64) == 0bv8);
  free ensures (memory_load8_le(mem, 69012bv64) == 0bv8);
  free ensures (memory_load8_le(mem, 69013bv64) == 0bv8);
  free ensures (memory_load8_le(mem, 69014bv64) == 0bv8);
  free ensures (memory_load8_le(mem, 69015bv64) == 0bv8);
  free ensures (memory_load8_le(mem, 69016bv64) == 0bv8);
  free ensures (memory_load8_le(mem, 69017bv64) == 7bv8);
  free ensures (memory_load8_le(mem, 69018bv64) == 0bv8);
  free ensures (memory_load8_le(mem, 69019bv64) == 0bv8);
  free ensures (memory_load8_le(mem, 69020bv64) == 0bv8);
  free ensures (memory_load8_le(mem, 69021bv64) == 0bv8);
  free ensures (memory_load8_le(mem, 69022bv64) == 0bv8);
  free ensures (memory_load8_le(mem, 69023bv64) == 0bv8);
  free ensures (memory_load8_le(mem, 69616bv64) == 132bv8);
  free ensures (memory_load8_le(mem, 69617bv64) == 7bv8);
  free ensures (memory_load8_le(mem, 69618bv64) == 0bv8);
  free ensures (memory_load8_le(mem, 69619bv64) == 0bv8);
  free ensures (memory_load8_le(mem, 69620bv64) == 0bv8);
  free ensures (memory_load8_le(mem, 69621bv64) == 0bv8);
  free ensures (memory_load8_le(mem, 69622bv64) == 0bv8);
  free ensures (memory_load8_le(mem, 69623bv64) == 0bv8);
  free ensures (memory_load8_le(mem, 69640bv64) == 8bv8);
  free ensures (memory_load8_le(mem, 69641bv64) == 16bv8);
  free ensures (memory_load8_le(mem, 69642bv64) == 1bv8);
  free ensures (memory_load8_le(mem, 69643bv64) == 0bv8);
  free ensures (memory_load8_le(mem, 69644bv64) == 0bv8);
  free ensures (memory_load8_le(mem, 69645bv64) == 0bv8);
  free ensures (memory_load8_le(mem, 69646bv64) == 0bv8);
  free ensures (memory_load8_le(mem, 69647bv64) == 0bv8);
{
  var #4: bv64;
  var Gamma_#4: bool;
  lmain:
    #4, Gamma_#4 := bvadd64(R31, 18446744073709551600bv64), Gamma_R31;
    stack, Gamma_stack := memory_store64_le(stack, #4, R29), gamma_store64(Gamma_stack, #4, Gamma_R29);
    stack, Gamma_stack := memory_store64_le(stack, bvadd64(#4, 8bv64), R30), gamma_store64(Gamma_stack, bvadd64(#4, 8bv64), Gamma_R30);
    R31, Gamma_R31 := #4, Gamma_#4;
    R29, Gamma_R29 := R31, Gamma_R31;
    R0, Gamma_R0 := 69632bv64, true;
    R0, Gamma_R0 := bvadd64(R0, 20bv64), Gamma_R0;
    R1, Gamma_R1 := 1bv64, true;
    call rely();
    assert (L(mem, R0) ==> Gamma_R1);
    mem, Gamma_mem := memory_store32_le(mem, R0, R1[32:0]), gamma_store32(Gamma_mem, R0, Gamma_R1);
    R2, Gamma_R2 := 58368bv64, true;
    R2, Gamma_R2 := (R2[64:32] ++ (21515bv16 ++ R2[16:0])), Gamma_R2;
    R2, Gamma_R2 := (R2[64:48] ++ (2bv16 ++ R2[32:0])), Gamma_R2;
    R1, Gamma_R1 := 10bv64, true;
    R0, Gamma_R0 := 97bv64, true;
    R30, Gamma_R30 := 1972bv64, true;
    call get_two();
    goto l00000b44;
  l00000b44:
    R1, Gamma_R1 := zero_extend32_32(R0[32:0]), Gamma_R0;
    R0, Gamma_R0 := 69632bv64, true;
    R0, Gamma_R0 := bvadd64(R0, 24bv64), Gamma_R0;
    call rely();
    assert (L(mem, R0) ==> Gamma_R1);
    mem, Gamma_mem := memory_store32_le(mem, R0, R1[32:0]), gamma_store32(Gamma_mem, R0, Gamma_R1);
    R0, Gamma_R0 := 69632bv64, true;
    R0, Gamma_R0 := bvadd64(R0, 24bv64), Gamma_R0;
    R0, Gamma_R0 := zero_extend32_32(memory_load32_le(mem, R0)), (gamma_load32(Gamma_mem, R0) || L(mem, R0));
    R1, Gamma_R1 := zero_extend32_32(R0[32:0]), Gamma_R0;
    R0, Gamma_R0 := 0bv64, true;
    R0, Gamma_R0 := bvadd64(R0, 2056bv64), Gamma_R0;
    R30, Gamma_R30 := 2016bv64, true;
    call printf();
    goto l00000b88;
  l00000b88:
    R0, Gamma_R0 := 0bv64, true;
    R29, Gamma_R29 := memory_load64_le(mem, R31), (gamma_load64(Gamma_mem, R31) || L(mem, R31));
    R30, Gamma_R30 := memory_load64_le(mem, bvadd64(R31, 8bv64)), (gamma_load64(Gamma_mem, bvadd64(R31, 8bv64)) || L(mem, bvadd64(R31, 8bv64)));
    R31, Gamma_R31 := bvadd64(R31, 16bv64), Gamma_R31;
    return;
}

procedure printf();
  free requires (memory_load8_le(mem, 2048bv64) == 1bv8);
  free requires (memory_load8_le(mem, 2049bv64) == 0bv8);
  free requires (memory_load8_le(mem, 2050bv64) == 2bv8);
  free requires (memory_load8_le(mem, 2051bv64) == 0bv8);
  free requires (memory_load8_le(mem, 2052bv64) == 0bv8);
  free requires (memory_load8_le(mem, 2053bv64) == 0bv8);
  free requires (memory_load8_le(mem, 2054bv64) == 0bv8);
  free requires (memory_load8_le(mem, 2055bv64) == 0bv8);
  free requires (memory_load8_le(mem, 2056bv64) == 37bv8);
  free requires (memory_load8_le(mem, 2057bv64) == 100bv8);
  free requires (memory_load8_le(mem, 2058bv64) == 10bv8);
  free requires (memory_load8_le(mem, 2059bv64) == 0bv8);
  free requires (memory_load8_le(mem, 69008bv64) == 80bv8);
  free requires (memory_load8_le(mem, 69009bv64) == 7bv8);
  free requires (memory_load8_le(mem, 69010bv64) == 0bv8);
  free requires (memory_load8_le(mem, 69011bv64) == 0bv8);
  free requires (memory_load8_le(mem, 69012bv64) == 0bv8);
  free requires (memory_load8_le(mem, 69013bv64) == 0bv8);
  free requires (memory_load8_le(mem, 69014bv64) == 0bv8);
  free requires (memory_load8_le(mem, 69015bv64) == 0bv8);
  free requires (memory_load8_le(mem, 69016bv64) == 0bv8);
  free requires (memory_load8_le(mem, 69017bv64) == 7bv8);
  free requires (memory_load8_le(mem, 69018bv64) == 0bv8);
  free requires (memory_load8_le(mem, 69019bv64) == 0bv8);
  free requires (memory_load8_le(mem, 69020bv64) == 0bv8);
  free requires (memory_load8_le(mem, 69021bv64) == 0bv8);
  free requires (memory_load8_le(mem, 69022bv64) == 0bv8);
  free requires (memory_load8_le(mem, 69023bv64) == 0bv8);
  free requires (memory_load8_le(mem, 69616bv64) == 132bv8);
  free requires (memory_load8_le(mem, 69617bv64) == 7bv8);
  free requires (memory_load8_le(mem, 69618bv64) == 0bv8);
  free requires (memory_load8_le(mem, 69619bv64) == 0bv8);
  free requires (memory_load8_le(mem, 69620bv64) == 0bv8);
  free requires (memory_load8_le(mem, 69621bv64) == 0bv8);
  free requires (memory_load8_le(mem, 69622bv64) == 0bv8);
  free requires (memory_load8_le(mem, 69623bv64) == 0bv8);
  free requires (memory_load8_le(mem, 69640bv64) == 8bv8);
  free requires (memory_load8_le(mem, 69641bv64) == 16bv8);
  free requires (memory_load8_le(mem, 69642bv64) == 1bv8);
  free requires (memory_load8_le(mem, 69643bv64) == 0bv8);
  free requires (memory_load8_le(mem, 69644bv64) == 0bv8);
  free requires (memory_load8_le(mem, 69645bv64) == 0bv8);
  free requires (memory_load8_le(mem, 69646bv64) == 0bv8);
  free requires (memory_load8_le(mem, 69647bv64) == 0bv8);
  free ensures (memory_load8_le(mem, 2048bv64) == 1bv8);
  free ensures (memory_load8_le(mem, 2049bv64) == 0bv8);
  free ensures (memory_load8_le(mem, 2050bv64) == 2bv8);
  free ensures (memory_load8_le(mem, 2051bv64) == 0bv8);
  free ensures (memory_load8_le(mem, 2052bv64) == 0bv8);
  free ensures (memory_load8_le(mem, 2053bv64) == 0bv8);
  free ensures (memory_load8_le(mem, 2054bv64) == 0bv8);
  free ensures (memory_load8_le(mem, 2055bv64) == 0bv8);
  free ensures (memory_load8_le(mem, 2056bv64) == 37bv8);
  free ensures (memory_load8_le(mem, 2057bv64) == 100bv8);
  free ensures (memory_load8_le(mem, 2058bv64) == 10bv8);
  free ensures (memory_load8_le(mem, 2059bv64) == 0bv8);
  free ensures (memory_load8_le(mem, 69008bv64) == 80bv8);
  free ensures (memory_load8_le(mem, 69009bv64) == 7bv8);
  free ensures (memory_load8_le(mem, 69010bv64) == 0bv8);
  free ensures (memory_load8_le(mem, 69011bv64) == 0bv8);
  free ensures (memory_load8_le(mem, 69012bv64) == 0bv8);
  free ensures (memory_load8_le(mem, 69013bv64) == 0bv8);
  free ensures (memory_load8_le(mem, 69014bv64) == 0bv8);
  free ensures (memory_load8_le(mem, 69015bv64) == 0bv8);
  free ensures (memory_load8_le(mem, 69016bv64) == 0bv8);
  free ensures (memory_load8_le(mem, 69017bv64) == 7bv8);
  free ensures (memory_load8_le(mem, 69018bv64) == 0bv8);
  free ensures (memory_load8_le(mem, 69019bv64) == 0bv8);
  free ensures (memory_load8_le(mem, 69020bv64) == 0bv8);
  free ensures (memory_load8_le(mem, 69021bv64) == 0bv8);
  free ensures (memory_load8_le(mem, 69022bv64) == 0bv8);
  free ensures (memory_load8_le(mem, 69023bv64) == 0bv8);
  free ensures (memory_load8_le(mem, 69616bv64) == 132bv8);
  free ensures (memory_load8_le(mem, 69617bv64) == 7bv8);
  free ensures (memory_load8_le(mem, 69618bv64) == 0bv8);
  free ensures (memory_load8_le(mem, 69619bv64) == 0bv8);
  free ensures (memory_load8_le(mem, 69620bv64) == 0bv8);
  free ensures (memory_load8_le(mem, 69621bv64) == 0bv8);
  free ensures (memory_load8_le(mem, 69622bv64) == 0bv8);
  free ensures (memory_load8_le(mem, 69623bv64) == 0bv8);
  free ensures (memory_load8_le(mem, 69640bv64) == 8bv8);
  free ensures (memory_load8_le(mem, 69641bv64) == 16bv8);
  free ensures (memory_load8_le(mem, 69642bv64) == 1bv8);
  free ensures (memory_load8_le(mem, 69643bv64) == 0bv8);
  free ensures (memory_load8_le(mem, 69644bv64) == 0bv8);
  free ensures (memory_load8_le(mem, 69645bv64) == 0bv8);
  free ensures (memory_load8_le(mem, 69646bv64) == 0bv8);
  free ensures (memory_load8_le(mem, 69647bv64) == 0bv8);
