var {:extern} $Gamma_R0: bool;
var {:extern} $Gamma_R1: bool;
var {:extern} $Gamma_mem: [bv64]bool;
var {:extern} $R0: bv64;
var {:extern} $R1: bv64;
var {:extern} $mem: [bv64]bv8;
const {:extern} $secret_addr: bv64;
axiom ($secret_addr == 69660bv64);
const {:extern} $x_addr: bv64;
axiom ($x_addr == 69652bv64);
const {:extern} $z_addr: bv64;
axiom ($z_addr == 69656bv64);
function {:extern} L(#mem$in: [bv64]bv8, #index: bv64) returns (bool) {
  (if (bvsge64(#index, $z_addr) && bvslt64(#index, bvadd64($z_addr, 4bv64))) then true else (if (bvsge64(#index, $secret_addr) && bvslt64(#index, bvadd64($secret_addr, 4bv64))) then false else (if (bvsge64(#index, $x_addr) && bvslt64(#index, bvadd64($x_addr, 4bv64))) then false else false)))
}

function {:extern} {:bvbuiltin "bvadd"} bvadd64(bv64, bv64) returns (bv64);
function {:extern} {:bvbuiltin "bvsge"} bvsge64(bv64, bv64) returns (bool);
function {:extern} {:bvbuiltin "bvslt"} bvslt64(bv64, bv64) returns (bool);
function {:extern} gamma_load32(#gammaMap: [bv64]bool, #index: bv64) returns (bool) {
  (#gammaMap[bvadd64(#index, 3bv64)] && (#gammaMap[bvadd64(#index, 2bv64)] && (#gammaMap[bvadd64(#index, 1bv64)] && #gammaMap[#index])))
}

function {:extern} gamma_load64(#gammaMap: [bv64]bool, #index: bv64) returns (bool) {
  (#gammaMap[bvadd64(#index, 7bv64)] && (#gammaMap[bvadd64(#index, 6bv64)] && (#gammaMap[bvadd64(#index, 5bv64)] && (#gammaMap[bvadd64(#index, 4bv64)] && (#gammaMap[bvadd64(#index, 3bv64)] && (#gammaMap[bvadd64(#index, 2bv64)] && (#gammaMap[bvadd64(#index, 1bv64)] && #gammaMap[#index])))))))
}

function {:extern} gamma_store32(#gammaMap: [bv64]bool, #index: bv64, #value: bool) returns ([bv64]bool) {
  #gammaMap[#index := #value][bvadd64(#index, 1bv64) := #value][bvadd64(#index, 2bv64) := #value][bvadd64(#index, 3bv64) := #value]
}

function {:extern} memory_load32_le(#memory: [bv64]bv8, #index: bv64) returns (bv32) {
  (#memory[bvadd64(#index, 3bv64)] ++ (#memory[bvadd64(#index, 2bv64)] ++ (#memory[bvadd64(#index, 1bv64)] ++ #memory[#index])))
}

function {:extern} memory_load64_le(#memory: [bv64]bv8, #index: bv64) returns (bv64) {
  (#memory[bvadd64(#index, 7bv64)] ++ (#memory[bvadd64(#index, 6bv64)] ++ (#memory[bvadd64(#index, 5bv64)] ++ (#memory[bvadd64(#index, 4bv64)] ++ (#memory[bvadd64(#index, 3bv64)] ++ (#memory[bvadd64(#index, 2bv64)] ++ (#memory[bvadd64(#index, 1bv64)] ++ #memory[#index])))))))
}

function {:extern} memory_store32_le(#memory: [bv64]bv8, #index: bv64, #value: bv32) returns ([bv64]bv8) {
  #memory[#index := #value[8:0]][bvadd64(#index, 1bv64) := #value[16:8]][bvadd64(#index, 2bv64) := #value[24:16]][bvadd64(#index, 3bv64) := #value[32:24]]
}

function {:extern} {:bvbuiltin "zero_extend 32"} zero_extend32_32(bv32) returns (bv64);
procedure {:extern} p$rely();
  modifies $Gamma_mem, $mem;
  ensures (forall #i: bv64::  ((($mem[#i] == old($mem[#i])) ==> ($Gamma_mem[#i] == old($Gamma_mem[#i])))));
  ensures (memory_load32_le($mem, $x_addr) == old(memory_load32_le($mem, $x_addr)));
  free ensures (memory_load32_le($mem, 2012bv64) == 131073bv32);
  free ensures (memory_load64_le($mem, 68992bv64) == 1872bv64);
  free ensures (memory_load64_le($mem, 69000bv64) == 1792bv64);
  free ensures (memory_load64_le($mem, 69584bv64) == 69656bv64);
  free ensures (memory_load64_le($mem, 69592bv64) == 69652bv64);
  free ensures (memory_load64_le($mem, 69608bv64) == 69660bv64);
  free ensures (memory_load64_le($mem, 69616bv64) == 1876bv64);
  free ensures (memory_load64_le($mem, 69640bv64) == 69640bv64);

procedure {:extern} p$rely_transitive();
  modifies $Gamma_mem, $mem;
  ensures (memory_load32_le($mem, $x_addr) == old(memory_load32_le($mem, $x_addr)));

implementation {:extern} p$rely_transitive()
{
  call p$rely();
  call p$rely();
}

procedure {:extern} p$rely_reflexive();

implementation {:extern} p$rely_reflexive()
{
  assert (memory_load32_le($mem, $x_addr) == memory_load32_le($mem, $x_addr));
}

procedure {:extern} p$guarantee_reflexive();
  modifies $Gamma_mem, $mem;

procedure p$main_1876();
  modifies $Gamma_R0, $Gamma_R1, $Gamma_mem, $R0, $R1, $mem;
  free requires (memory_load64_le($mem, 69632bv64) == 0bv64);
  free requires (memory_load64_le($mem, 69640bv64) == 69640bv64);
  free requires (memory_load32_le($mem, 2012bv64) == 131073bv32);
  free requires (memory_load64_le($mem, 68992bv64) == 1872bv64);
  free requires (memory_load64_le($mem, 69000bv64) == 1792bv64);
  free requires (memory_load64_le($mem, 69584bv64) == 69656bv64);
  free requires (memory_load64_le($mem, 69592bv64) == 69652bv64);
  free requires (memory_load64_le($mem, 69608bv64) == 69660bv64);
  free requires (memory_load64_le($mem, 69616bv64) == 1876bv64);
  free requires (memory_load64_le($mem, 69640bv64) == 69640bv64);
  free ensures (memory_load32_le($mem, 2012bv64) == 131073bv32);
  free ensures (memory_load64_le($mem, 68992bv64) == 1872bv64);
  free ensures (memory_load64_le($mem, 69000bv64) == 1792bv64);
  free ensures (memory_load64_le($mem, 69584bv64) == 69656bv64);
  free ensures (memory_load64_le($mem, 69592bv64) == 69652bv64);
  free ensures (memory_load64_le($mem, 69608bv64) == 69660bv64);
  free ensures (memory_load64_le($mem, 69616bv64) == 1876bv64);
  free ensures (memory_load64_le($mem, 69640bv64) == 69640bv64);

implementation p$main_1876()
{
  var #Gamma_load11: bool;
  var #Gamma_load12: bool;
  var #Gamma_load13: bool;
  var #Gamma_load14: bool;
  var #Gamma_load15: bool;
  var #Gamma_load16: bool;
  var #Gamma_load17: bool;
  var #Gamma_load18: bool;
  var #Gamma_load19: bool;
  var #Gamma_load20: bool;
  var #Gamma_load21: bool;
  var #Gamma_load22: bool;
  var #Gamma_load23: bool;
  var #load11: bv64;
  var #load12: bv32;
  var #load13: bv64;
  var #load14: bv64;
  var #load15: bv64;
  var #load16: bv32;
  var #load17: bv64;
  var #load18: bv64;
  var #load19: bv32;
  var #load20: bv64;
  var #load21: bv64;
  var #load22: bv32;
  var #load23: bv64;
  b#main_entry:
    assume {:captureState "main_entry (yYC26iBgTbWc565tG/Ztxg==)"} true;
    $R0, $Gamma_R0 := 65536bv64, true;
    call p$rely();
    #load11, #Gamma_load11 := memory_load64_le($mem, bvadd64($R0, 4072bv64)), (gamma_load64($Gamma_mem, bvadd64($R0, 4072bv64)) || L($mem, bvadd64($R0, 4072bv64)));
    $R0, $Gamma_R0 := #load11, #Gamma_load11;
    call p$rely();
    #load12, #Gamma_load12 := memory_load32_le($mem, $R0), (gamma_load32($Gamma_mem, $R0) || L($mem, $R0));
    $R1, $Gamma_R1 := zero_extend32_32(#load12), #Gamma_load12;
    $R0, $Gamma_R0 := 65536bv64, true;
    call p$rely();
    #load13, #Gamma_load13 := memory_load64_le($mem, bvadd64($R0, 4056bv64)), (gamma_load64($Gamma_mem, bvadd64($R0, 4056bv64)) || L($mem, bvadd64($R0, 4056bv64)));
    $R0, $Gamma_R0 := #load13, #Gamma_load13;
    call p$rely();
    assert (L($mem, $R0) ==> $Gamma_R1);
    $mem, $Gamma_mem := memory_store32_le($mem, $R0, $R1[32:0]), gamma_store32($Gamma_mem, $R0, $Gamma_R1);
    assume {:captureState "1896_0"} true;
    $R0, $Gamma_R0 := 65536bv64, true;
    call p$rely();
    #load14, #Gamma_load14 := memory_load64_le($mem, bvadd64($R0, 4056bv64)), (gamma_load64($Gamma_mem, bvadd64($R0, 4056bv64)) || L($mem, bvadd64($R0, 4056bv64)));
    $R0, $Gamma_R0 := #load14, #Gamma_load14;
    call p$rely();
    assert (L($mem, $R0) ==> true);
    $mem, $Gamma_mem := memory_store32_le($mem, $R0, 0bv32), gamma_store32($Gamma_mem, $R0, true);
    assume {:captureState "1908_0"} true;
    $R0, $Gamma_R0 := 65536bv64, true;
    call p$rely();
    #load15, #Gamma_load15 := memory_load64_le($mem, bvadd64($R0, 4056bv64)), (gamma_load64($Gamma_mem, bvadd64($R0, 4056bv64)) || L($mem, bvadd64($R0, 4056bv64)));
    $R0, $Gamma_R0 := #load15, #Gamma_load15;
    call p$rely();
    #load16, #Gamma_load16 := memory_load32_le($mem, $R0), (gamma_load32($Gamma_mem, $R0) || L($mem, $R0));
    $R1, $Gamma_R1 := zero_extend32_32(#load16), #Gamma_load16;
    $R0, $Gamma_R0 := 65536bv64, true;
    call p$rely();
    #load17, #Gamma_load17 := memory_load64_le($mem, bvadd64($R0, 4048bv64)), (gamma_load64($Gamma_mem, bvadd64($R0, 4048bv64)) || L($mem, bvadd64($R0, 4048bv64)));
    $R0, $Gamma_R0 := #load17, #Gamma_load17;
    call p$rely();
    assert (L($mem, $R0) ==> $Gamma_R1);
    $mem, $Gamma_mem := memory_store32_le($mem, $R0, $R1[32:0]), gamma_store32($Gamma_mem, $R0, $Gamma_R1);
    assume {:captureState "1932_0"} true;
    $R0, $Gamma_R0 := 65536bv64, true;
    call p$rely();
    #load18, #Gamma_load18 := memory_load64_le($mem, bvadd64($R0, 4072bv64)), (gamma_load64($Gamma_mem, bvadd64($R0, 4072bv64)) || L($mem, bvadd64($R0, 4072bv64)));
    $R0, $Gamma_R0 := #load18, #Gamma_load18;
    call p$rely();
    #load19, #Gamma_load19 := memory_load32_le($mem, $R0), (gamma_load32($Gamma_mem, $R0) || L($mem, $R0));
    $R1, $Gamma_R1 := zero_extend32_32(#load19), #Gamma_load19;
    $R0, $Gamma_R0 := 65536bv64, true;
    call p$rely();
    #load20, #Gamma_load20 := memory_load64_le($mem, bvadd64($R0, 4056bv64)), (gamma_load64($Gamma_mem, bvadd64($R0, 4056bv64)) || L($mem, bvadd64($R0, 4056bv64)));
    $R0, $Gamma_R0 := #load20, #Gamma_load20;
    call p$rely();
    assert (L($mem, $R0) ==> $Gamma_R1);
    $mem, $Gamma_mem := memory_store32_le($mem, $R0, $R1[32:0]), gamma_store32($Gamma_mem, $R0, $Gamma_R1);
    assume {:captureState "1956_0"} true;
    $R0, $Gamma_R0 := 65536bv64, true;
    call p$rely();
    #load21, #Gamma_load21 := memory_load64_le($mem, bvadd64($R0, 4056bv64)), (gamma_load64($Gamma_mem, bvadd64($R0, 4056bv64)) || L($mem, bvadd64($R0, 4056bv64)));
    $R0, $Gamma_R0 := #load21, #Gamma_load21;
    call p$rely();
    #load22, #Gamma_load22 := memory_load32_le($mem, $R0), (gamma_load32($Gamma_mem, $R0) || L($mem, $R0));
    $R1, $Gamma_R1 := zero_extend32_32(#load22), #Gamma_load22;
    $R0, $Gamma_R0 := 65536bv64, true;
    call p$rely();
    #load23, #Gamma_load23 := memory_load64_le($mem, bvadd64($R0, 4048bv64)), (gamma_load64($Gamma_mem, bvadd64($R0, 4048bv64)) || L($mem, bvadd64($R0, 4048bv64)));
    $R0, $Gamma_R0 := #load23, #Gamma_load23;
    call p$rely();
    assert (L($mem, $R0) ==> $Gamma_R1);
    $mem, $Gamma_mem := memory_store32_le($mem, $R0, $R1[32:0]), gamma_store32($Gamma_mem, $R0, $Gamma_R1);
    assume {:captureState "1980_0"} true;
    $R0, $Gamma_R0 := 0bv64, true;
    goto b#main_basil_return_1;
  b#main_basil_return_1:
    assume {:captureState "main_basil_return_1"} true;
    return;
}

